12-16 18:24:23.396  6397 14918 I c2dm    : [-7,,9,6]
12-16 18:24:24.417  1735  1735 I notification_cancel_all: [1000,1735,org.telegram.messenger,0,0,0,17,NULL]
12-16 18:24:24.440  1735  1829 I commit_sys_config_file: [notification-policy,22]
12-16 18:24:24.463  1735  1829 I commit_sys_config_file: [notification-policy,22]
12-16 18:24:24.585  1735  1735 I chatty  : uid=1000 system_server expire 8 lines
12-16 18:24:24.671  1735  1735 I notification_enqueue: [10167,9411,org.telegram.messenger,-1033364135,NULL,0,Notification(channel=Other3 shortcut=null contentView=null vibrate=null sound=null defaults=0x0 flags=0x10 color=0xff11acfa category=msg groupKey=messages sortKey=9223370428719124807 actions=1 vis=PRIVATE),1]
12-16 18:24:24.679  1735  1735 I notification_enqueue: [10167,9411,org.telegram.messenger,-1075500044,NULL,0,Notification(channel=Other3 shortcut=null contentView=null vibrate=null sound=null defaults=0x0 flags=0x10 color=0xff11acfa category=msg groupKey=messages sortKey=9223370428719046807 actions=1 vis=PRIVATE),1]
12-16 18:24:24.692  1735  1735 I notification_enqueue: [10167,9411,org.telegram.messenger,-1086804569,NULL,0,Notification(channel=Other3 shortcut=null contentView=null vibrate=null sound=null defaults=0x0 flags=0x10 color=0xff11acfa category=msg groupKey=messages sortKey=9223370428718715807 actions=1 vis=PRIVATE),1]
12-16 18:24:24.791  1735  1735 I notification_alert: [0|org.telegram.messenger|1|null|10167,1,1,0]
12-16 18:24:24.942  1735  9169 I chatty  : uid=1000(system) Binder:1735_20 expire 16 lines
12-16 18:24:24.942  1735  9169 I notification_panel_revealed: 1
12-16 18:24:25.605  1735  1793 I chatty  : uid=1000(system) Binder:1735_2 expire 23 lines
12-16 18:24:29.219  1735  5643 I notification_panel_revealed: 16
12-16 18:24:29.451  1735  1846 I am_uid_idle: 10167
12-16 18:24:29.451  1735  1846 I am_stop_idle_service: [10167,org.telegram.messenger/.NotificationsService]
12-16 18:24:29.744  4135  4344 I chatty  : uid=1001(radio) HwBinder:4135_1 expire 15 lines
12-16 18:24:29.744  4135  4573 I chatty  : uid=1001(radio) NetworkService expire 21 lines
12-16 18:24:29.765  1307  1394 I chatty  : uid=1001(radio) DispatcherModul expire 30 lines
12-16 18:24:29.810  4135  4573 I chatty  : uid=1001(radio) NetworkService expire 7 lines
12-16 18:24:29.816  4135  4344 I chatty  : uid=1001(radio) HwBinder:4135_1 expire 11 lines
12-16 18:24:29.822  4135  4135 I chatty  : uid=1001(radio) com.android.phone expire 42 lines
12-16 18:24:29.869  4135  4354 I chatty  : uid=1001(radio) DcHandlerThread expire 34 lines
12-16 18:24:30.169  1735  9169 I chatty  : uid=1000(system) Binder:1735_20 expire 11 lines
12-16 18:24:30.359  3720  3720 I chatty  : uid=10154(com.android.systemui) expire 11 lines
12-16 18:24:30.789  1735  9169 I am_uid_active: 10167
12-16 18:24:30.794  1735  9169 I wm_focused_stack: [0,0,31,34,positionChildAtTop]
12-16 18:24:30.796  3650  3650 I wm_on_top_resumed_lost_called: [55923671,org.lineageos.jelly.MainActivity,topStateChangedWhenResumed]
12-16 18:24:30.796  1735  9169 I wm_set_resumed_activity: [0,org.telegram.messenger/org.telegram.ui.LaunchActivity,bringingFoundTaskToFront]
12-16 18:24:30.797  1735  9169 I wm_task_to_front: [0,31]
12-16 18:24:30.797  1735  9169 I wm_finish_activity: [0,212412651,31,org.telegram.messenger/org.telegram.ui.LaunchActivity,clear-task-all]
12-16 18:24:30.797  1735  9169 I wm_destroy_activity: [0,212412651,31,org.telegram.messenger/org.telegram.ui.LaunchActivity,finish-imm:finishIfPossible]
12-16 18:24:30.801  1735  9169 I wm_create_activity: [0,11717009,31,org.telegram.messenger/org.telegram.ui.LaunchActivity,com.tmessages.openchat0.67421473690018942147483647,NULL,NULL,272662528]
12-16 18:24:30.802  9411  9411 I wm_on_destroy_called: [212412651,org.telegram.ui.LaunchActivity,performDestroy]
12-16 18:24:30.803  1735  9169 I wm_pause_activity: [0,55923671,org.lineageos.jelly/.MainActivity,userLeaving=true]
12-16 18:24:30.812  1735  9169 I notification_clicked: [0|org.telegram.messenger|-1361122340|null|10167,134541,6153,5208,4,16]
12-16 18:24:30.814  1735  1735 I notification_canceled: [0|org.telegram.messenger|-1361122340|null|10167,1,134543,6155,5210,4,16,NULL]
12-16 18:24:30.815  3650  3650 I wm_on_paused_called: [55923671,org.lineageos.jelly.MainActivity,performPause]
12-16 18:24:30.818  1735  3797 I wm_add_to_stopping: [0,55923671,org.lineageos.jelly/.MainActivity,makeInvisible]
12-16 18:24:30.820  1735  3797 I wm_restart_activity: [0,11717009,31,org.telegram.messenger/org.telegram.ui.LaunchActivity]
12-16 18:24:30.822  1735  3797 I wm_set_resumed_activity: [0,org.telegram.messenger/org.telegram.ui.LaunchActivity,minimalResumeActivityLocked]
12-16 18:24:31.001  9411  9411 I wm_on_create_called: [11717009,org.telegram.ui.LaunchActivity,performCreate]
12-16 18:24:31.020  9411  9411 I wm_on_start_called: [11717009,org.telegram.ui.LaunchActivity,handleStartActivity]
12-16 18:24:31.022  9411  9411 I wm_on_resume_called: [11717009,org.telegram.ui.LaunchActivity,RESUME_ACTIVITY]
12-16 18:24:31.024  1735  3797 I am_uid_active: 10090
12-16 18:24:31.029  9411  9411 I wm_on_top_resumed_gained_called: [11717009,org.telegram.ui.LaunchActivity,topStateChangedWhenResumed]
12-16 18:24:31.146  1735  1844 I wm_activity_launch_time: [0,11717009,org.telegram.messenger/org.telegram.ui.LaunchActivity,321]
12-16 18:24:31.461  1735  1735 I notification_cancel_all: [1000,1735,org.telegram.messenger,0,0,0,17,NULL]
12-16 18:24:31.462  1735  1735 I notification_canceled: [0|org.telegram.messenger|1|null|10167,17,135262,6878,5853,-1,-1,NULL]
12-16 18:24:31.462  1735  1735 I notification_cancel: [1000,1735,org.telegram.messenger,-1451624329,NULL,0,0,0,12,NULL]
12-16 18:24:31.463  1735  1735 I notification_canceled: [0|org.telegram.messenger|-1451624329|null|10167,12,135253,6866,0,-1,-1,NULL]
12-16 18:24:31.463  1735  1735 I notification_cancel: [1000,1735,org.telegram.messenger,-1079512191,NULL,0,0,0,12,NULL]
12-16 18:24:31.464  1735  1735 I notification_canceled: [0|org.telegram.messenger|-1079512191|null|10167,12,135245,6857,0,-1,-1,NULL]
12-16 18:24:31.464  1735  1735 I notification_cancel: [1000,1735,org.telegram.messenger,-1093134636,NULL,0,0,0,12,NULL]
12-16 18:24:31.464  1735  1735 I notification_canceled: [0|org.telegram.messenger|-1093134636|null|10167,12,135238,6849,264,-1,-1,NULL]
12-16 18:24:31.464  1735  1735 I notification_cancel: [1000,1735,org.telegram.messenger,-1112901793,NULL,0,0,0,12,NULL]
12-16 18:24:31.465  1735  1735 I chatty  : uid=1000 system_server identical 26 lines
12-16 18:24:31.465  1735  1735 I notification_canceled: [0|org.telegram.messenger|-1112901793|null|10167,12,135231,6839,266,-1,-1,NULL]
12-16 18:24:31.465  1735  1735 I notification_cancel: [1000,1735,org.telegram.messenger,-1415478352,NULL,0,0,0,12,NULL]
12-16 18:24:31.466  1735  1735 I notification_canceled: [0|org.telegram.messenger|-1415478352|null|10167,12,135224,6829,268,-1,-1,NULL]
12-16 18:24:31.466  1735  1735 I notification_cancel: [1000,1735,org.telegram.messenger,113908221,NULL,0,0,0,12,NULL]
12-16 18:24:31.467  1735  1735 I notification_canceled: [0|org.telegram.messenger|113908221|null|10167,12,135218,6818,5853,-1,-1,NULL]
12-16 18:24:31.467  1735  1735 I notification_cancel: [1000,1735,org.telegram.messenger,-1033364135,NULL,0,0,0,12,NULL]
12-16 18:24:31.467  1735  1735 I notification_canceled: [0|org.telegram.messenger|-1033364135|null|10167,12,135187,6799,266,-1,-1,NULL]
12-16 18:24:31.467  1735  1735 I notification_cancel: [1000,1735,org.telegram.messenger,-1075500044,NULL,0,0,0,12,NULL]
12-16 18:24:31.468  1735  1735 I notification_canceled: [0|org.telegram.messenger|-1075500044|null|10167,12,135178,6789,5860,-1,-1,NULL]
12-16 18:24:31.468  1735  1735 I notification_cancel: [1000,1735,org.telegram.messenger,-1086804569,NULL,0,0,0,12,NULL]
12-16 18:24:31.468  1735  1735 I notification_canceled: [0|org.telegram.messenger|-1086804569|null|10167,12,135168,6778,5856,-1,-1,NULL]
12-16 18:24:31.481  1735  1829 I commit_sys_config_file: [notification-policy,13]
12-16 18:24:31.502  1735  1829 I commit_sys_config_file: [notification-policy,20]
12-16 18:24:31.607  1735  1735 I notification_enqueue: [10167,9411,org.telegram.messenger,1,NULL,0,Notification(channel=0channel-1260739302_-4659791857399734410 shortcut=null contentView=null vibrate=null sound=null defaults=0x0 flags=0x210 color=0xff11acfa category=msg groupKey=messages vis=PRIVATE),0]
12-16 18:24:31.647  1735  1831 I wm_stop_activity: [0,55923671,org.lineageos.jelly/.MainActivity]
12-16 18:24:31.681  1735  1735 I notification_enqueue: [10167,9411,org.telegram.messenger,-1451624329,NULL,0,Notification(channel=Other3 shortcut=null contentView=null vibrate=null sound=null defaults=0x0 flags=0x10 color=0xff11acfa category=msg groupKey=messages sortKey=9223370432204270807 actions=1 vis=PRIVATE),0]
12-16 18:24:31.692  3650  3650 I wm_on_stop_called: [55923671,org.lineageos.jelly.MainActivity,STOP_ACTIVITY_ITEM]
12-16 18:24:31.719  1735  9169 I notification_panel_hidden: 
12-16 18:24:31.766  1735  1735 I notification_enqueue: [10167,9411,org.telegram.messenger,-1079512191,NULL,0,Notification(channel=Other3 shortcut=null contentView=null vibrate=null sound=null defaults=0x0 flags=0x10 color=0xff11acfa category=msg groupKey=messages sortKey=9223370430973423807 actions=1 vis=PRIVATE),0]
12-16 18:24:31.829  1735  1735 I notification_enqueue: [10167,9411,org.telegram.messenger,-1093134636,NULL,0,Notification(channel=Other3 shortcut=null contentView=null vibrate=null sound=null defaults=0x0 flags=0x10 color=0xff11acfa category=msg groupKey=messages sortKey=9223370429608216807 actions=1 vis=PRIVATE),0]
12-16 18:24:31.859  1735  1735 I notification_enqueue: [10167,9411,org.telegram.messenger,-1112901793,NULL,0,Notification(channel=Other3 shortcut=null contentView=null vibrate=null sound=null defaults=0x0 flags=0x10 color=0xff11acfa category=msg groupKey=messages sortKey=9223370428836131807 actions=1 vis=PRIVATE),0]
12-16 18:24:31.891  1735  1735 I notification_enqueue: [10167,9411,org.telegram.messenger,-1415478352,NULL,0,Notification(channel=Other3 shortcut=null contentView=null vibrate=null sound=null defaults=0x0 flags=0x10 color=0xff11acfa category=msg groupKey=messages sortKey=9223370428808519807 actions=1 vis=PRIVATE),0]
12-16 18:24:31.953  1735  1735 I notification_enqueue: [10167,9411,org.telegram.messenger,113908221,NULL,0,Notification(channel=Other3 shortcut=ndid_113908221 contentView=null vibrate=null sound=null defaults=0x0 flags=0x10 color=0xff11acfa category=msg groupKey=messages sortKey=9223370428778842807 actions=2 vis=PRIVATE),0]
12-16 18:24:31.984  1735  1735 I notification_enqueue: [10167,9411,org.telegram.messenger,-1033364135,NULL,0,Notification(channel=Other3 shortcut=null contentView=null vibrate=null sound=null defaults=0x0 flags=0x10 color=0xff11acfa category=msg groupKey=messages sortKey=9223370428719124807 actions=1 vis=PRIVATE),0]
12-16 18:24:31.997  1735  1735 I notification_enqueue: [10167,9411,org.telegram.messenger,-1075500044,NULL,0,Notification(channel=Other3 shortcut=null contentView=null vibrate=null sound=null defaults=0x0 flags=0x10 color=0xff11acfa category=msg groupKey=messages sortKey=9223370428719046807 actions=1 vis=PRIVATE),0]
12-16 18:24:32.010  1735  1735 I notification_enqueue: [10167,9411,org.telegram.messenger,-1086804569,NULL,0,Notification(channel=Other3 shortcut=null contentView=null vibrate=null sound=null defaults=0x0 flags=0x10 color=0xff11acfa category=msg groupKey=messages sortKey=9223370428718715807 actions=1 vis=PRIVATE),0]
12-16 18:24:32.021  1735  1735 I notification_enqueue: [10167,9411,org.telegram.messenger,-1331597794,NULL,0,Notification(channel=Other3 shortcut=null contentView=null vibrate=null sound=null defaults=0x0 flags=0x10 color=0xff11acfa category=msg groupKey=messages sortKey=9223370428717793807 actions=1 vis=PRIVATE),0]
12-16 18:24:34.764  1735  1844 I chatty  : uid=1000(system) android.bg expire 8 lines
12-16 18:24:48.702  1735  6390 I chatty  : uid=1000(system) Binder:1735_19 expire 1 line
12-16 18:24:48.950  1735  1793 I chatty  : uid=1000(system) Binder:1735_2 expire 2 lines
12-16 18:24:51.094  1735  1735 I notification_enqueue: [10167,9411,org.telegram.messenger,1,NULL,0,Notification(channel=0channel777000_-4838173172893924324 shortcut=null contentView=null vibrate=null sound=null defaults=0x0 flags=0x210 color=0xff11acfa category=msg groupKey=messages vis=PRIVATE),1]
12-16 18:24:51.104  1735  1735 I notification_enqueue: [10167,9411,org.telegram.messenger,-1451624329,NULL,0,Notification(channel=Other3 shortcut=null contentView=null vibrate=null sound=null defaults=0x0 flags=0x10 color=0xff11acfa category=msg groupKey=messages sortKey=9223370432204270807 actions=1 vis=PRIVATE),1]
12-16 18:24:51.119  1735  1735 I notification_enqueue: [10167,9411,org.telegram.messenger,-1079512191,NULL,0,Notification(channel=Other3 shortcut=null contentView=null vibrate=null sound=null defaults=0x0 flags=0x10 color=0xff11acfa category=msg groupKey=messages sortKey=9223370430973423807 actions=1 vis=PRIVATE),1]
12-16 18:24:51.128  1735  1735 I notification_enqueue: [10167,9411,org.telegram.messenger,-1093134636,NULL,0,Notification(channel=Other3 shortcut=null contentView=null vibrate=null sound=null defaults=0x0 flags=0x10 color=0xff11acfa category=msg groupKey=messages sortKey=9223370429608216807 actions=1 vis=PRIVATE),1]
12-16 18:24:51.136  1735  1735 I notification_enqueue: [10167,9411,org.telegram.messenger,-1112901793,NULL,0,Notification(channel=Other3 shortcut=null contentView=null vibrate=null sound=null defaults=0x0 flags=0x10 color=0xff11acfa category=msg groupKey=messages sortKey=9223370428836131807 actions=1 vis=PRIVATE),1]
12-16 18:24:51.143  1735  1735 I notification_enqueue: [10167,9411,org.telegram.messenger,-1415478352,NULL,0,Notification(channel=Other3 shortcut=null contentView=null vibrate=null sound=null defaults=0x0 flags=0x10 color=0xff11acfa category=msg groupKey=messages sortKey=9223370428808519807 actions=1 vis=PRIVATE),1]
12-16 18:24:51.150  1735  1735 I notification_enqueue: [10167,9411,org.telegram.messenger,113908221,NULL,0,Notification(channel=Other3 shortcut=ndid_113908221 contentView=null vibrate=null sound=null defaults=0x0 flags=0x10 color=0xff11acfa category=msg groupKey=messages sortKey=9223370428778842807 actions=2 vis=PRIVATE),1]
12-16 18:24:51.158  1735  1735 I notification_enqueue: [10167,9411,org.telegram.messenger,-1033364135,NULL,0,Notification(channel=Other3 shortcut=null contentView=null vibrate=null sound=null defaults=0x0 flags=0x10 color=0xff11acfa category=msg groupKey=messages sortKey=9223370428719124807 actions=1 vis=PRIVATE),1]
12-16 18:24:51.164  1735  1735 I notification_enqueue: [10167,9411,org.telegram.messenger,-1075500044,NULL,0,Notification(channel=Other3 shortcut=null contentView=null vibrate=null sound=null defaults=0x0 flags=0x10 color=0xff11acfa category=msg groupKey=messages sortKey=9223370428719046807 actions=1 vis=PRIVATE),1]
12-16 18:24:51.173  1735  1735 I notification_enqueue: [10167,9411,org.telegram.messenger,-1086804569,NULL,0,Notification(channel=Other3 shortcut=null contentView=null vibrate=null sound=null defaults=0x0 flags=0x10 color=0xff11acfa category=msg groupKey=messages sortKey=9223370428718715807 actions=1 vis=PRIVATE),1]
12-16 18:24:51.180  1735  1735 I notification_enqueue: [10167,9411,org.telegram.messenger,-1331597794,NULL,0,Notification(channel=Other3 shortcut=null contentView=null vibrate=null sound=null defaults=0x0 flags=0x10 color=0xff11acfa category=msg groupKey=messages sortKey=9223370428717793807 actions=1 vis=PRIVATE),1]
12-16 18:24:56.276  1735  3598 I battery_level: [66,3830,220]
12-16 18:24:57.780  1735  2165 I commit_sys_config_file: [settings-1-0,24]
12-16 18:25:05.012  1735  3898 I commit_sys_config_file: [appops,36]
12-16 18:25:07.417  4135  4135 I service_manager_stats: [100,68,54546]
12-16 18:25:12.774  1735  2165 I commit_sys_config_file: [settings-1-0,19]
12-16 18:25:13.596  4135  4135 I chatty  : uid=1001(radio) com.android.phone expire 59 lines
12-16 18:25:14.498  1735  1881 I chatty  : uid=1000(system) PowerManagerSer expire 9 lines
12-16 18:25:15.165  1735  1828 I wm_task_moved: [8,1,2147483647]
12-16 18:25:15.165  9411  9411 I wm_on_top_resumed_lost_called: [11717009,org.telegram.ui.LaunchActivity,topStateChangedWhenResumed]
12-16 18:25:15.168  1735  1828 I wm_task_moved: [8,1,2147483647]
12-16 18:25:15.177  1735  1828 I wm_set_resumed_activity: [0,com.android.launcher3/.uioverrides.QuickstepLauncher,bringingFoundTaskToFront]
12-16 18:25:15.178  1735  1828 I wm_task_to_front: [0,8]
12-16 18:25:15.178  1735  1828 I wm_new_intent: [0,47710348,8,com.android.launcher3/.uioverrides.QuickstepLauncher,android.intent.action.MAIN,NULL,NULL,268435712]
12-16 18:25:15.179  1735  1828 I wm_pause_activity: [0,11717009,org.telegram.messenger/org.telegram.ui.LaunchActivity,userLeaving=true]
12-16 18:25:15.182  1735  1828 I wm_add_to_stopping: [0,11717009,org.telegram.messenger/org.telegram.ui.LaunchActivity,makeInvisible]
12-16 18:25:15.183  1735  1828 I wm_set_resumed_activity: [0,com.android.launcher3/.uioverrides.QuickstepLauncher,resumeTopActivityInnerLocked]
12-16 18:25:15.187  1735  1828 I wm_resume_activity: [0,47710348,8,com.android.launcher3/.uioverrides.QuickstepLauncher]
12-16 18:25:15.203  1735  1831 I chatty  : uid=1000(system) android.display expire 2 lines
12-16 18:25:15.213  3641  3641 I wm_on_restart_called: [47710348,com.android.launcher3.uioverrides.QuickstepLauncher,performRestartActivity]
12-16 18:25:15.221  3641  3641 I wm_on_start_called: [47710348,com.android.launcher3.uioverrides.QuickstepLauncher,handleStartActivity]
12-16 18:25:15.222  3641  3641 I wm_on_resume_called: [47710348,com.android.launcher3.uioverrides.QuickstepLauncher,RESUME_ACTIVITY]
12-16 18:25:15.225  3641  3641 I wm_on_top_resumed_gained_called: [47710348,com.android.launcher3.uioverrides.QuickstepLauncher,topStateChangedWhenResumed]
12-16 18:25:15.225  9411  9411 I wm_on_paused_called: [11717009,org.telegram.ui.LaunchActivity,performPause]
12-16 18:25:15.762  1735  1831 I wm_stop_activity: [0,11717009,org.telegram.messenger/org.telegram.ui.LaunchActivity]
12-16 18:25:15.806  9411  9411 I wm_on_stop_called: [11717009,org.telegram.ui.LaunchActivity,STOP_ACTIVITY_ITEM]
12-16 18:25:15.976  3641  3641 I chatty  : uid=10150(com.android.launcher3) expire 1 line
12-16 18:25:16.341  4135  4344 I chatty  : uid=1001(radio) HwBinder:4135_1 expire 10 lines
12-16 18:25:16.341  4135  4573 I chatty  : uid=1001(radio) NetworkService expire 22 lines
12-16 18:25:16.437  1735  5155 E PHONE   : ServiceState.getRadioTechnology() DEPRECATED will be removed *******
12-16 18:25:16.451  1735  5638 D TelephonyRegistry: notifyCellLocationForSubscriber: subId=2 cellLocation=CellIdentityLte:{ mCi=52622350 mPci=167 mTac=44043 mEarfcn=2850 mBands=[] mBandwidth=2147483647 mMcc=262 mMnc=02 mAlphaLong=LIDL Connect mAlphaShort=LIDL Connect mAdditionalPlmns={} mCsgInfo=null}
12-16 18:25:16.495  4135  4135 I chatty  : uid=1001(radio) com.android.phone expire 55 lines
12-16 18:25:16.959  1735  5638 I wm_task_created: [35,-1]
12-16 18:25:16.960  1735  5638 I wm_stack_created: 35
12-16 18:25:16.973  1735  5638 I wm_create_task: [0,35]
12-16 18:25:16.973  1735  5638 I wm_create_activity: [0,243476254,35,org.lineageos.jelly/.MainActivity,android.intent.action.MAIN,NULL,NULL,405274624]
12-16 18:25:16.975  1735  5638 I wm_pause_activity: [0,47710348,com.android.launcher3/.uioverrides.QuickstepLauncher,userLeaving=true]
12-16 18:25:16.994  3641  3641 I wm_on_top_resumed_lost_called: [47710348,com.android.launcher3.uioverrides.QuickstepLauncher,topStateChangedWhenResumed]
12-16 18:25:16.995  3641  3641 I wm_on_paused_called: [47710348,com.android.launcher3.uioverrides.QuickstepLauncher,performPause]
12-16 18:25:16.997  1735  5155 I wm_add_to_stopping: [0,47710348,com.android.launcher3/.uioverrides.QuickstepLauncher,makeInvisible]
12-16 18:25:16.998  1735  5155 I wm_restart_activity: [0,243476254,35,org.lineageos.jelly/.MainActivity]
12-16 18:25:17.002  1735  5155 I wm_set_resumed_activity: [0,org.lineageos.jelly/.MainActivity,minimalResumeActivityLocked]
12-16 18:25:17.100  3650  3650 I wm_on_create_called: [243476254,org.lineageos.jelly.MainActivity,performCreate]
12-16 18:25:17.104  3650  3650 I wm_on_start_called: [243476254,org.lineageos.jelly.MainActivity,handleStartActivity]
12-16 18:25:17.106  3650  3650 I wm_on_resume_called: [243476254,org.lineageos.jelly.MainActivity,RESUME_ACTIVITY]
12-16 18:25:17.117  3650  3650 I wm_on_top_resumed_gained_called: [243476254,org.lineageos.jelly.MainActivity,topStateChangedWhenResumed]
12-16 18:25:17.204  1735  1844 I wm_activity_launch_time: [0,243476254,org.lineageos.jelly/.MainActivity,244]
12-16 18:25:17.215  4135  4344 I chatty  : uid=1001(radio) HwBinder:4135_1 expire 8 lines
12-16 18:25:17.230  4135  4354 I chatty  : uid=1001(radio) DcHandlerThread expire 28 lines
12-16 18:25:17.529  1735  1831 I wm_stop_activity: [0,47710348,com.android.launcher3/.uioverrides.QuickstepLauncher]
12-16 18:25:17.555  3641  3641 I wm_on_stop_called: [47710348,com.android.launcher3.uioverrides.QuickstepLauncher,STOP_ACTIVITY_ITEM]
12-16 18:25:21.955  1735  5638 E PHONE   : ServiceState.getRadioTechnology() DEPRECATED will be removed *******
12-16 18:25:21.963  1735  5638 D TelephonyRegistry: notifyCellLocationForSubscriber: subId=2 cellLocation=CellIdentityLte:{ mCi=52622351 mPci=166 mTac=44043 mEarfcn=2850 mBands=[] mBandwidth=2147483647 mMcc=262 mMnc=02 mAlphaLong=LIDL Connect mAlphaShort=LIDL Connect mAdditionalPlmns={} mCsgInfo=null}
12-16 18:25:23.547  4135  4573 I chatty  : uid=1001(radio) NetworkService expire 13 lines
12-16 18:25:23.558  4135  4344 I chatty  : uid=1001(radio) HwBinder:4135_1 expire 10 lines
12-16 18:25:23.573  4135  4135 I chatty  : uid=1001(radio) com.android.phone expire 128 lines
12-16 18:25:23.583  1735  5638 E PHONE   : ServiceState.getRadioTechnology() DEPRECATED will be removed *******
12-16 18:25:23.640  1735  3796 E PHONE   : ServiceState.getRadioTechnology() DEPRECATED will be removed *******
12-16 18:25:23.647  1735  3796 D TelephonyRegistry: notifyCellLocationForSubscriber: subId=2 cellLocation=CellIdentityLte:{ mCi=52622356 mPci=385 mTac=44043 mEarfcn=101 mBands=[] mBandwidth=2147483647 mMcc=262 mMnc=02 mAlphaLong=LIDL Connect mAlphaShort=LIDL Connect mAdditionalPlmns={} mCsgInfo=null}
12-16 18:25:26.517  4135  4135 I service_manager_stats: [100,52,19101]
12-16 18:25:26.570  1735  3796 E PHONE   : ServiceState.getRadioTechnology() DEPRECATED will be removed *******
12-16 18:25:26.585  1735  3799 D TelephonyRegistry: notifyCellLocationForSubscriber: subId=2 cellLocation=CellIdentityLte:{ mCi=52622357 mPci=386 mTac=44043 mEarfcn=101 mBands=[] mBandwidth=2147483647 mMcc=262 mMnc=02 mAlphaLong=LIDL Connect mAlphaShort=LIDL Connect mAdditionalPlmns={} mCsgInfo=null}
12-16 18:25:27.442  4135  4344 I chatty  : uid=1001(radio) HwBinder:4135_1 expire 10 lines
12-16 18:25:27.442  4135  4573 I chatty  : uid=1001(radio) NetworkService expire 7 lines
12-16 18:25:27.532  1735  5155 E PHONE   : ServiceState.getRadioTechnology() DEPRECATED will be removed *******
12-16 18:25:27.541  1735  5155 D TelephonyRegistry: notifyCellLocationForSubscriber: subId=2 cellLocation=CellIdentityLte:{ mCi=52622356 mPci=385 mTac=44043 mEarfcn=101 mBands=[] mBandwidth=2147483647 mMcc=262 mMnc=02 mAlphaLong=LIDL Connect mAlphaShort=LIDL Connect mAdditionalPlmns={} mCsgInfo=null}
12-16 18:25:32.066  1735  1846 I am_uid_idle: 10090
12-16 18:25:34.768  1735  5155 I chatty  : uid=1000(system) Binder:1735_E expire 6 lines
12-16 18:25:36.852  1735  3571 I netstats_mobile_sample: [40536192,31527,1176470,7984,40384852,28615,1110506,7944,40384800,28614,1109941,7943,1608139537536]
12-16 18:25:36.852  1735  3571 I netstats_wifi_sample: [91109695,77106,5035028,30637,91063324,76084,4611436,30130,91049826,76001,4603636,30042,1608139537536]
12-16 18:25:38.759  1735  1844 I am_pss  : [9411,10167,org.telegram.messenger,142455808,133214208,0,234065920,0,15,17]
12-16 18:26:07.706  1735  1735 I service_manager_stats: [100,111,113314]
12-16 18:26:07.709  1735  8823 I chatty  : uid=1000(system) Binder:1735_1E expire 3 lines
12-16 18:26:15.802  1735  1846 I am_uid_idle: 10167
12-16 18:26:29.627  3720  3720 I chatty  : uid=10154(com.android.systemui) expire 12 lines
12-16 18:26:29.733  1735  3796 I chatty  : uid=1000(system) Binder:1735_5 expire 3 lines
12-16 18:26:30.342  1735  1844 I am_pss  : [9411,10167,org.telegram.messenger,142505984,133259264,0,234127360,0,15,13]
12-16 18:26:45.293  1735  3799 I chatty  : uid=1000(system) Binder:1735_7 expire 7 lines
12-16 18:26:55.177  1735  1735 I service_manager_stats: [100,114,47471]
12-16 18:27:04.594  4135  4135 I service_manager_stats: [100,63,98077]
12-16 18:27:15.310  1735  1844 I commit_sys_config_file: [sync-status,33]
12-16 18:27:35.905  1735  1844 I commit_sys_config_file: [sync-stats,70]
12-16 18:27:48.491  1735  5638 I chatty  : uid=1000(system) Binder:1735_10 expire 11 lines
12-16 18:27:49.430  3720  3780 I service_manager_stats: [200,195,249655]
12-16 18:28:03.640  4135  4354 I chatty  : uid=1001(radio) DcHandlerThread expire 40 lines
12-16 18:28:05.340  4135  4573 I chatty  : uid=1001(radio) NetworkService expire 7 lines
12-16 18:28:05.340  4135  4135 I chatty  : uid=1001(radio) com.android.phone expire 57 lines
12-16 18:28:05.374  4135  4344 I chatty  : uid=1001(radio) HwBinder:4135_1 expire 10 lines
12-16 18:28:05.387  1735  5638 E PHONE   : ServiceState.getRadioTechnology() DEPRECATED will be removed *******
12-16 18:28:05.430  1735  5638 E PHONE   : ServiceState.getRadioTechnology() DEPRECATED will be removed *******
12-16 18:28:05.440  1735  5638 D TelephonyRegistry: notifyCellLocationForSubscriber: subId=2 cellLocation=CellIdentityLte:{ mCi=52622350 mPci=167 mTac=44043 mEarfcn=2850 mBands=[] mBandwidth=2147483647 mMcc=262 mMnc=02 mAlphaLong=LIDL Connect mAlphaShort=LIDL Connect mAdditionalPlmns={} mCsgInfo=null}
12-16 18:28:13.841  1735  2221 I intercept_power: [ACTION_DOWN,1,0]
12-16 18:28:13.848  1735  2221 I service_manager_stats: [100,120,78672]
12-16 18:28:13.850  1735  2221 I chatty  : uid=1000(system) InputReader identical 2 lines
12-16 18:28:14.031  1735  2221 I intercept_power: [ACTION_UP,0,0]
12-16 18:28:14.034  1735  2221 I power_sleep_requested: 0
12-16 18:28:14.582  1735  1735 I battery_saving_stats: [0,1,0,318244,24278,1,1665603,179698,10]
12-16 18:28:14.583  1735  1881 I wm_pause_activity: [0,243476254,org.lineageos.jelly/.MainActivity,userLeaving=false]
12-16 18:28:14.585  3650  3650 I wm_on_top_resumed_lost_called: [243476254,org.lineageos.jelly.MainActivity,topStateChangedWhenResumed]
12-16 18:28:14.589  3650  3650 I wm_on_paused_called: [243476254,org.lineageos.jelly.MainActivity,performPause]
12-16 18:28:14.590  1735  5155 I wm_add_to_stopping: [0,243476254,org.lineageos.jelly/.MainActivity,completePauseLocked]
12-16 18:28:14.599  1735  1831 I wm_stop_activity: [0,243476254,org.lineageos.jelly/.MainActivity]
12-16 18:28:14.635  3650  3650 I wm_on_stop_called: [243476254,org.lineageos.jelly.MainActivity,STOP_ACTIVITY_ITEM]
12-16 18:28:14.646  1307  1592 I chatty  : uid=1001(radio) DataModule-Loop expire 7 lines
12-16 18:28:14.647  1307  1394 I chatty  : uid=1001(radio) DispatcherModul expire 4 lines
12-16 18:28:14.653  1328  1681 I chatty  : uid=1001(radio) DataModule-Loop expire 7 lines
12-16 18:28:14.663  1328  1393 I chatty  : uid=1001(radio) DispatcherModul expire 26 lines
12-16 18:28:14.668  4135  4354 I chatty  : uid=1001(radio) DcHandlerThread expire 2 lines
12-16 18:28:14.668  4135  4135 I chatty  : uid=1001(radio) com.android.phone expire 29 lines
12-16 18:28:14.803  1735  1826 I chatty  : uid=1000(system) android.fg expire 6 lines
12-16 18:28:14.817  3720  3720 I chatty  : uid=10154(com.android.systemui) expire 11 lines
12-16 18:28:14.820  1735  8823 I wm_set_keyguard_shown: [0,1,0,setKeyguardShown]
12-16 18:28:14.833  3720  3720 I sysui_status_bar_state: [1,0,0,0,0,1]
12-16 18:28:14.853  1735  3797 I chatty  : uid=1000(system) Binder:1735_6 expire 22 lines
12-16 18:28:14.853  1735  3797 I notification_panel_revealed: 16
12-16 18:28:14.857  1735  1735 I chatty  : uid=1000 system_server expire 6 lines
12-16 18:28:14.857  1735  1735 I power_screen_state: [0,2,0,0,1018]
12-16 18:28:14.857  1735  1735 I screen_toggled: 0
12-16 18:28:14.859  1735  1735 I power_screen_broadcast_send: 1
12-16 18:28:14.878  1735  1735 I device_idle: [1,no activity]
12-16 18:28:14.879  1735  1735 I device_idle_light: [1,no activity]
12-16 18:28:14.954  1735  8823 I wm_set_keyguard_shown: [1,1,0,setKeyguardShown]
12-16 18:28:14.978  3720  3720 I sysui_status_bar_state: [1,1,0,0,0,1]
12-16 18:28:14.994  1735  5155 I notification_panel_hidden: 
12-16 18:28:15.016  1735  1735 I power_screen_broadcast_done: [0,157,1]
12-16 18:28:15.041  1735  1831 I user_activity_timeout_override: 10000
12-16 18:28:16.951  1735  1735 I screen_toggled: 1
12-16 18:28:16.951  1735  1735 I power_screen_broadcast_send: 1
12-16 18:28:16.968  1735  1735 I battery_saving_stats: [0,0,0,2387,292,0,518669,8919,0]
12-16 18:28:16.974  1735  5638 I notification_panel_revealed: 16
12-16 18:28:16.978  1735  5155 I wm_set_keyguard_shown: [1,0,0,setKeyguardShown]
12-16 18:28:17.014  4135  4344 I chatty  : uid=1001(radio) HwBinder:4135_1 expire 10 lines
12-16 18:28:17.068  4135  4573 I chatty  : uid=1001(radio) NetworkService expire 10 lines
12-16 18:28:17.072  1307  1592 I chatty  : uid=1001(radio) DataModule-Loop expire 7 lines
12-16 18:28:17.076  1307  1394 I chatty  : uid=1001(radio) DispatcherModul expire 24 lines
12-16 18:28:17.077  1328  1681 I chatty  : uid=1001(radio) DataModule-Loop expire 7 lines
12-16 18:28:17.091  1328  1393 I chatty  : uid=1001(radio) DispatcherModul expire 19 lines
12-16 18:28:17.092  4135  4344 I chatty  : uid=1001(radio) HwBinder:4135_1 expire 14 lines
12-16 18:28:17.094  1307  1394 I chatty  : uid=1001(radio) DispatcherModul expire 32 lines
12-16 18:28:17.095  4135  4135 I chatty  : uid=1001(radio) com.android.phone expire 21 lines
12-16 18:28:17.102  1735  8823 E PHONE   : ServiceState.getRadioTechnology() DEPRECATED will be removed *******
12-16 18:28:17.108  4135  4354 I chatty  : uid=1001(radio) DcHandlerThread expire 14 lines
12-16 18:28:17.118  4135  4573 I chatty  : uid=1001(radio) NetworkService expire 18 lines
12-16 18:28:17.119  1735  1735 I power_screen_broadcast_done: [1,168,1]
12-16 18:28:17.122  4135  4354 I service_manager_stats: [100,67,72527]
12-16 18:28:17.153  4135  4344 I chatty  : uid=1001(radio) HwBinder:4135_1 expire 10 lines
12-16 18:28:17.154  1307  1394 I chatty  : uid=1001(radio) DispatcherModul expire 10 lines
12-16 18:28:17.155  4135  4135 I chatty  : uid=1001(radio) com.android.phone expire 56 lines
12-16 18:28:17.167  4135  4354 I chatty  : uid=1001(radio) DcHandlerThread expire 22 lines
12-16 18:28:17.238  4135  4135 I chatty  : uid=1001(radio) com.android.phone expire 76 lines
12-16 18:28:17.381  1735  1735 I power_screen_state: [1,0,0,0,437]
12-16 18:28:17.483  1735  2165 I commit_sys_config_file: [settings-1-0,10]
12-16 18:28:24.803  4135  4344 I chatty  : uid=1001(radio) HwBinder:4135_1 expire 14 lines
12-16 18:28:24.826  4135  4354 I chatty  : uid=1001(radio) DcHandlerThread expire 18 lines
12-16 18:28:24.830  4135  4135 I chatty  : uid=1001(radio) com.android.phone expire 44 lines
12-16 18:28:26.947  1735  1881 I power_sleep_requested: 0
12-16 18:28:27.451  1735  3598 I battery_level: [65,3816,200]
12-16 18:28:27.455  1735  1735 I battery_saving_stats: [0,1,0,10486,851,1,1676089,180549,11]
12-16 18:28:27.543  1307  1592 I chatty  : uid=1001(radio) DataModule-Loop expire 10 lines
12-16 18:28:27.544  1307  1394 I chatty  : uid=1001(radio) DispatcherModul expire 4 lines
12-16 18:28:27.546  1328  1681 I chatty  : uid=1001(radio) DataModule-Loop expire 7 lines
12-16 18:28:27.548  1328  1393 I chatty  : uid=1001(radio) DispatcherModul expire 4 lines
12-16 18:28:27.797  1735  5643 I wm_set_keyguard_shown: [1,1,0,setKeyguardShown]
12-16 18:28:27.819  1735  5643 I chatty  : uid=1000(system) Binder:1735_12 identical 12 lines
12-16 18:28:27.834  1735  1735 I power_screen_state: [0,3,0,0,889]
12-16 18:28:27.834  1735  1735 I screen_toggled: 0
12-16 18:28:27.834  1735  1735 I power_screen_broadcast_send: 1
12-16 18:28:27.883  1735  8823 I notification_panel_hidden: 
12-16 18:28:27.936  1735  1735 I power_screen_broadcast_done: [0,101,1]
12-16 18:29:38.221  1735  1844 I am_pss  : [15922,99006,com.android.webview:sandboxed_process0:org.chromium.content.app.SandboxedProcessService0:0,84466688,77078528,0,134991872,0,12,18]
12-16 18:29:47.785  3720  3720 I chatty  : uid=10154(com.android.systemui) expire 6 lines
12-16 18:29:47.824  1735  1735 I screen_toggled: 1
12-16 18:29:47.824  1735  1735 I power_screen_broadcast_send: 1
12-16 18:29:47.835  1735  5638 I notification_panel_revealed: 16
12-16 18:29:47.872  1735  1735 I battery_saving_stats: [0,0,0,80417,1931,0,599086,10850,0]
12-16 18:29:47.872  1735  3796 I wm_set_keyguard_shown: [1,0,0,setKeyguardShown]
12-16 18:29:47.937  4135  4573 I chatty  : uid=1001(radio) NetworkService expire 10 lines
12-16 18:29:47.947  1307  1592 I chatty  : uid=1001(radio) DataModule-Loop expire 4 lines
12-16 18:29:47.947  4135  4135 I chatty  : uid=1001(radio) com.android.phone expire 6 lines
12-16 18:29:47.948  4135  4344 I chatty  : uid=1001(radio) HwBinder:4135_1 expire 10 lines
12-16 18:29:47.952  1328  1681 I chatty  : uid=1001(radio) DataModule-Loop expire 7 lines
12-16 18:29:47.952  1307  1394 I chatty  : uid=1001(radio) DispatcherModul expire 35 lines
12-16 18:29:47.955  1328  1393 I chatty  : uid=1001(radio) DispatcherModul expire 41 lines
12-16 18:29:47.986  4135  4344 I chatty  : uid=1001(radio) HwBinder:4135_1 expire 11 lines
12-16 18:29:47.986  4135  4135 I chatty  : uid=1001(radio) com.android.phone expire 9 lines
12-16 18:29:47.988  1307  1394 I chatty  : uid=1001(radio) DispatcherModul expire 31 lines
12-16 18:29:47.998  4135  4354 I chatty  : uid=1001(radio) DcHandlerThread expire 14 lines
12-16 18:29:48.001  4135  4573 I chatty  : uid=1001(radio) NetworkService expire 18 lines
12-16 18:29:48.006  1735  1735 I power_screen_broadcast_done: [1,182,1]
12-16 18:29:48.023  4135  4344 I chatty  : uid=1001(radio) HwBinder:4135_1 expire 10 lines
12-16 18:29:48.028  4135  4135 I chatty  : uid=1001(radio) com.android.phone expire 43 lines
12-16 18:29:48.034  4135  4354 I chatty  : uid=1001(radio) DcHandlerThread expire 26 lines
12-16 18:29:48.086  1735  5638 E PHONE   : ServiceState.getRadioTechnology() DEPRECATED will be removed *******
12-16 18:29:48.111  1735  1844 I am_pss  : [3650,10134,org.lineageos.jelly,77233152,66035712,0,169021440,0,12,9]
12-16 18:29:48.128  4135  4135 I chatty  : uid=1001(radio) com.android.phone expire 122 lines
12-16 18:29:48.140  4135  4135 I service_manager_stats: [100,50,22523]
12-16 18:29:48.207  1735  3796 E PHONE   : ServiceState.getRadioTechnology() DEPRECATED will be removed *******
12-16 18:29:48.271  1735  1735 I power_screen_state: [1,0,0,0,480]
12-16 18:29:48.344  1735  2165 I commit_sys_config_file: [settings-1-0,12]
12-16 18:29:48.378  1735  5638 I chatty  : uid=1000(system) Binder:1735_10 expire 25 lines
12-16 18:29:50.447  3720  3720 I sysui_lockscreen_gesture: [2,217,0]
12-16 18:29:50.486  1735  1831 I user_activity_timeout_override: -1
12-16 18:29:50.693  1735  3796 I chatty  : uid=1000(system) Binder:1735_5 expire 1 line
12-16 18:29:51.333  1735  5638 I chatty  : uid=1000(system) Binder:1735_10 expire 8 lines
12-16 18:29:51.547  1735  5638 I am_wtf  : [0,3720,com.android.systemui,818462221,FalsingLog,here]
12-16 18:29:51.785  1735  3796 I chatty  : uid=1000(system) Binder:1735_5 expire 11 lines
12-16 18:29:51.791  3720  3720 I chatty  : uid=10154(com.android.systemui) expire 30 lines
12-16 18:29:51.791  3720  3720 I sysui_status_bar_state: [2,1,0,0,0,1]
12-16 18:29:51.814  1735  3796 I notification_panel_hidden: 
12-16 18:29:51.815  1735  5638 I wm_set_keyguard_shown: [1,0,1,keyguardGoingAway]
12-16 18:29:51.816  1735  5638 I wm_set_resumed_activity: [0,org.lineageos.jelly/.MainActivity,resumeTopActivityInnerLocked]
12-16 18:29:51.817  1735  5638 I wm_resume_activity: [0,243476254,35,org.lineageos.jelly/.MainActivity]
12-16 18:29:51.834  3650  3650 I wm_on_restart_called: [243476254,org.lineageos.jelly.MainActivity,performRestartActivity]
12-16 18:29:51.855  3650  3650 I wm_on_start_called: [243476254,org.lineageos.jelly.MainActivity,handleStartActivity]
12-16 18:29:51.856  3650  3650 I wm_on_resume_called: [243476254,org.lineageos.jelly.MainActivity,RESUME_ACTIVITY]
12-16 18:29:51.857  3650  3650 I wm_on_top_resumed_gained_called: [243476254,org.lineageos.jelly.MainActivity,topWhenResuming]
12-16 18:29:51.872  3720  3720 I sysui_status_bar_state: [0,0,0,0,0,1]
12-16 18:29:51.888  1735  8823 I wm_set_keyguard_shown: [0,0,1,setKeyguardShown]
12-16 18:29:51.893  1735  1831 I device_idle: [0,unlocked]
12-16 18:29:51.898  1735  1831 I device_idle_light: [0,unlocked]
12-16 18:29:51.899  1735  1844 I device_idle_off_start: unlocked
12-16 18:29:51.899  1735  1844 I device_idle_off_complete: 
12-16 18:29:55.500  1735  5155 I chatty  : uid=1000(system) Binder:1735_E expire 2 lines
12-16 18:29:55.500  1735  5155 I notification_panel_revealed: 16
12-16 18:29:55.988  3720  3720 I sysui_lockscreen_gesture: [9,160,5868]
12-16 18:29:57.919  1735  2165 I commit_sys_config_file: [settings-2-0,29]
12-16 18:29:59.344  4135  4344 I chatty  : uid=1001(radio) HwBinder:4135_1 expire 5 lines
12-16 18:30:00.136  4135  4354 I chatty  : uid=1001(radio) DcHandlerThread expire 56 lines
12-16 18:30:00.174  1735  5643 I chatty  : uid=1000(system) Binder:1735_12 expire 1 line
12-16 18:30:00.174  1735  5643 I notification_panel_hidden: 
12-16 18:30:00.793  3650  3650 I wm_on_top_resumed_lost_called: [243476254,org.lineageos.jelly.MainActivity,topStateChangedWhenResumed]
12-16 18:30:00.793  1735  1828 I wm_task_moved: [8,1,2147483647]
12-16 18:30:00.796  1735  1828 I wm_task_moved: [8,1,2147483647]
12-16 18:30:00.798  1735  1828 I wm_set_resumed_activity: [0,com.android.launcher3/.uioverrides.QuickstepLauncher,bringingFoundTaskToFront]
12-16 18:30:00.798  1735  1828 I wm_task_to_front: [0,8]
12-16 18:30:00.799  1735  1828 I wm_new_intent: [0,47710348,8,com.android.launcher3/.uioverrides.QuickstepLauncher,android.intent.action.MAIN,NULL,NULL,268435712]
12-16 18:30:00.799  1735  1828 I wm_pause_activity: [0,243476254,org.lineageos.jelly/.MainActivity,userLeaving=true]
12-16 18:30:00.803  1735  1828 I wm_add_to_stopping: [0,243476254,org.lineageos.jelly/.MainActivity,makeInvisible]
12-16 18:30:00.806  1735  1828 I wm_set_resumed_activity: [0,com.android.launcher3/.uioverrides.QuickstepLauncher,resumeTopActivityInnerLocked]
12-16 18:30:00.808  1735  1828 I wm_resume_activity: [0,47710348,8,com.android.launcher3/.uioverrides.QuickstepLauncher]
12-16 18:30:00.821  3650  3650 I wm_on_paused_called: [243476254,org.lineageos.jelly.MainActivity,performPause]
12-16 18:30:00.827  1735  1831 I chatty  : uid=1000(system) android.display expire 10 lines
12-16 18:30:00.842  3641  3641 I wm_on_restart_called: [47710348,com.android.launcher3.uioverrides.QuickstepLauncher,performRestartActivity]
12-16 18:30:00.845  3641  3641 I wm_on_start_called: [47710348,com.android.launcher3.uioverrides.QuickstepLauncher,handleStartActivity]
12-16 18:30:00.846  3641  3641 I wm_on_resume_called: [47710348,com.android.launcher3.uioverrides.QuickstepLauncher,RESUME_ACTIVITY]
12-16 18:30:00.849  3641  3641 I wm_on_top_resumed_gained_called: [47710348,com.android.launcher3.uioverrides.QuickstepLauncher,topStateChangedWhenResumed]
12-16 18:30:00.909  1735  1844 I chatty  : uid=1000(system) android.bg expire 10 lines
12-16 18:30:01.310  1735  1831 I wm_stop_activity: [0,243476254,org.lineageos.jelly/.MainActivity]
12-16 18:30:01.366  3650  3650 I wm_on_stop_called: [243476254,org.lineageos.jelly.MainActivity,STOP_ACTIVITY_ITEM]
12-16 18:30:01.453  3641  3641 I chatty  : uid=10150(com.android.launcher3) expire 2 lines
12-16 18:30:02.875  1735  3804 I wm_focused_stack: [0,0,31,1,positionChildAtTop]
12-16 18:30:02.880  1735  3804 I wm_set_resumed_activity: [0,org.telegram.messenger/org.telegram.ui.LaunchActivity,bringingFoundTaskToFront]
12-16 18:30:02.881  1735  3804 I wm_task_to_front: [0,31]
12-16 18:30:02.882  1735  3804 I wm_new_intent: [0,11717009,31,org.telegram.messenger/org.telegram.ui.LaunchActivity,com.tmessages.openchat0.67421473690018942147483647,NULL,NULL,272662528]
12-16 18:30:02.883  1735  3804 I wm_pause_activity: [0,47710348,com.android.launcher3/.uioverrides.QuickstepLauncher,userLeaving=true]
12-16 18:30:02.899  3641  3641 I wm_on_top_resumed_lost_called: [47710348,com.android.launcher3.uioverrides.QuickstepLauncher,topStateChangedWhenResumed]
12-16 18:30:02.914  3641  3641 I wm_on_paused_called: [47710348,com.android.launcher3.uioverrides.QuickstepLauncher,performPause]
12-16 18:30:02.919  1735  5643 I wm_set_resumed_activity: [0,org.telegram.messenger/org.telegram.ui.LaunchActivity,resumeTopActivityInnerLocked]
12-16 18:30:02.919  1735  5643 I wm_add_to_stopping: [0,47710348,com.android.launcher3/.uioverrides.QuickstepLauncher,makeInvisible]
12-16 18:30:02.922  1735  5643 I wm_resume_activity: [0,11717009,31,org.telegram.messenger/org.telegram.ui.LaunchActivity]
12-16 18:30:02.953  9411  9411 I wm_on_restart_called: [11717009,org.telegram.ui.LaunchActivity,performRestartActivity]
12-16 18:30:02.958  1735  1831 I am_uid_active: 10167
12-16 18:30:02.984  9411  9411 I wm_on_start_called: [11717009,org.telegram.ui.LaunchActivity,handleStartActivity]
12-16 18:30:02.992  9411  9411 I wm_on_resume_called: [11717009,org.telegram.ui.LaunchActivity,RESUME_ACTIVITY]
12-16 18:30:02.992  9411  9411 I wm_on_top_resumed_gained_called: [11717009,org.telegram.ui.LaunchActivity,topWhenResuming]
12-16 18:30:03.019  1735  3804 I am_uid_active: 10090
12-16 18:30:03.139  4135  4135 I chatty  : uid=1001(radio) com.android.phone expire 22 lines
12-16 18:30:03.399  1735  1831 I wm_stop_activity: [0,47710348,com.android.launcher3/.uioverrides.QuickstepLauncher]
12-16 18:30:03.417  3641  3641 I wm_on_stop_called: [47710348,com.android.launcher3.uioverrides.QuickstepLauncher,STOP_ACTIVITY_ITEM]
12-16 18:30:04.906  3720  3720 I chatty  : uid=10154(com.android.systemui) expire 10 lines
12-16 18:30:05.033  1735  1828 I wm_task_moved: [8,1,2147483647]
12-16 18:30:05.033  9411  9411 I wm_on_top_resumed_lost_called: [11717009,org.telegram.ui.LaunchActivity,topStateChangedWhenResumed]
12-16 18:30:05.034  1735  1828 I wm_task_moved: [8,1,2147483647]
12-16 18:30:05.036  1735  1828 I wm_set_resumed_activity: [0,com.android.launcher3/.uioverrides.QuickstepLauncher,bringingFoundTaskToFront]
12-16 18:30:05.037  1735  1828 I wm_task_to_front: [0,8]
12-16 18:30:05.038  1735  1828 I wm_new_intent: [0,47710348,8,com.android.launcher3/.uioverrides.QuickstepLauncher,android.intent.action.MAIN,NULL,NULL,268435712]
12-16 18:30:05.039  1735  1828 I wm_pause_activity: [0,11717009,org.telegram.messenger/org.telegram.ui.LaunchActivity,userLeaving=true]
12-16 18:30:05.042  1735  1828 I wm_add_to_stopping: [0,11717009,org.telegram.messenger/org.telegram.ui.LaunchActivity,makeInvisible]
12-16 18:30:05.043  1735  1828 I wm_set_resumed_activity: [0,com.android.launcher3/.uioverrides.QuickstepLauncher,resumeTopActivityInnerLocked]
12-16 18:30:05.047  1735  1828 I wm_resume_activity: [0,47710348,8,com.android.launcher3/.uioverrides.QuickstepLauncher]
12-16 18:30:05.077  3641  3641 I wm_on_restart_called: [47710348,com.android.launcher3.uioverrides.QuickstepLauncher,performRestartActivity]
12-16 18:30:05.077  9411  9411 I wm_on_paused_called: [11717009,org.telegram.ui.LaunchActivity,performPause]
12-16 18:30:05.087  3641  3641 I wm_on_start_called: [47710348,com.android.launcher3.uioverrides.QuickstepLauncher,handleStartActivity]
12-16 18:30:05.089  3641  3641 I wm_on_resume_called: [47710348,com.android.launcher3.uioverrides.QuickstepLauncher,RESUME_ACTIVITY]
12-16 18:30:05.091  3641  3641 I wm_on_top_resumed_gained_called: [47710348,com.android.launcher3.uioverrides.QuickstepLauncher,topStateChangedWhenResumed]
12-16 18:30:05.752  1735  1831 I wm_stop_activity: [0,11717009,org.telegram.messenger/org.telegram.ui.LaunchActivity]
12-16 18:30:05.786  9411  9411 I wm_on_stop_called: [11717009,org.telegram.ui.LaunchActivity,STOP_ACTIVITY_ITEM]
12-16 18:30:10.165  1735  3804 I wm_focused_stack: [0,0,31,1,positionChildAtTop]
12-16 18:30:10.170  1735  3804 I wm_set_resumed_activity: [0,org.telegram.messenger/org.telegram.ui.LaunchActivity,bringingFoundTaskToFront]
12-16 18:30:10.170  1735  3804 I wm_task_to_front: [0,31]
12-16 18:30:10.171  1735  3804 I wm_new_intent: [0,11717009,31,org.telegram.messenger/org.telegram.ui.LaunchActivity,com.tmessages.openchat0.67421473690018942147483647,NULL,NULL,272662528]
12-16 18:30:10.172  1735  3804 I wm_pause_activity: [0,47710348,com.android.launcher3/.uioverrides.QuickstepLauncher,userLeaving=true]
12-16 18:30:10.185  3641  3641 I wm_on_top_resumed_lost_called: [47710348,com.android.launcher3.uioverrides.QuickstepLauncher,topStateChangedWhenResumed]
12-16 18:30:10.201  3641  3641 I wm_on_paused_called: [47710348,com.android.launcher3.uioverrides.QuickstepLauncher,performPause]
12-16 18:30:10.207  1735  3804 I wm_set_resumed_activity: [0,org.telegram.messenger/org.telegram.ui.LaunchActivity,resumeTopActivityInnerLocked]
12-16 18:30:10.208  1735  3804 I wm_add_to_stopping: [0,47710348,com.android.launcher3/.uioverrides.QuickstepLauncher,makeInvisible]
12-16 18:30:10.209  1735  3804 I wm_resume_activity: [0,11717009,31,org.telegram.messenger/org.telegram.ui.LaunchActivity]
12-16 18:30:10.235  9411  9411 I wm_on_restart_called: [11717009,org.telegram.ui.LaunchActivity,performRestartActivity]
12-16 18:30:10.269  9411  9411 I wm_on_start_called: [11717009,org.telegram.ui.LaunchActivity,handleStartActivity]
12-16 18:30:10.274  9411  9411 I wm_on_resume_called: [11717009,org.telegram.ui.LaunchActivity,RESUME_ACTIVITY]
12-16 18:30:10.274  9411  9411 I wm_on_top_resumed_gained_called: [11717009,org.telegram.ui.LaunchActivity,topWhenResuming]
12-16 18:30:10.681  1735  1831 I wm_stop_activity: [0,47710348,com.android.launcher3/.uioverrides.QuickstepLauncher]
12-16 18:30:10.702  3641  3641 I wm_on_stop_called: [47710348,com.android.launcher3.uioverrides.QuickstepLauncher,STOP_ACTIVITY_ITEM]
12-16 18:30:12.644  1735  3804 I chatty  : uid=1000(system) Binder:1735_B expire 2 lines
12-16 18:30:28.833  4135  4135 I service_manager_stats: [100,52,40693]
12-16 18:30:36.384  1735  1735 I service_manager_stats: [100,117,74040]
12-16 18:30:57.378  1735  1844 I am_pss  : [15922,99006,com.android.webview:sandboxed_process0:org.chromium.content.app.SandboxedProcessService0:0,83019776,75735040,0,133292032,0,17,8]
12-16 18:31:01.353  1735  1846 I am_uid_idle: 99006
12-16 18:31:01.353  1735  1846 I am_uid_idle: 10134
12-16 18:31:04.626  1735  3571 I netstats_mobile_sample: [42159750,33870,1734995,9831,41997750,30753,1649627,9702,41997750,30753,1649627,9702,1608139865309]
12-16 18:31:04.626  1735  3571 I netstats_wifi_sample: [91109695,77106,5035028,30637,91063324,76084,4611436,30130,91049826,76001,4603636,30042,1608139865309]
12-16 18:31:20.087  1735  1846 I am_uid_idle: 10090
12-16 18:31:20.825  1735  1844 I am_pss  : [15922,99006,com.android.webview:sandboxed_process0:org.chromium.content.app.SandboxedProcessService0:0,83018752,75735040,0,133292032,0,17,15]
12-16 18:31:22.917  1735  1735 I service_manager_stats: [100,121,46533]
12-16 18:31:26.483  1735  3598 I battery_level: [64,3723,220]
12-16 18:31:48.826  1735  1844 I am_pss  : [9411,10167,org.telegram.messenger,154799104,145174528,0,246984704,0,2,20]
12-16 18:31:48.923  6397 14928 I c2dm    : [8,org.telegram.messenger:0:1608139909490608,9,6]
12-16 18:32:18.306  1735  3804 I wm_task_moved: [8,1,2147483647]
12-16 18:32:18.307  9411  9411 I wm_on_top_resumed_lost_called: [11717009,org.telegram.ui.LaunchActivity,topStateChangedWhenResumed]
12-16 18:32:18.313  1735  3804 I wm_task_moved: [8,1,2147483647]
12-16 18:32:18.315  1735  3804 I wm_set_resumed_activity: [0,com.android.launcher3/.uioverrides.QuickstepLauncher,bringingFoundTaskToFront]
12-16 18:32:18.315  1735  3804 I wm_task_to_front: [0,8]
12-16 18:32:18.315  1735  3804 I wm_new_intent: [0,47710348,8,com.android.launcher3/.uioverrides.QuickstepLauncher,android.intent.action.MAIN,NULL,NULL,268435712]
12-16 18:32:18.317  1735  3804 I wm_pause_activity: [0,11717009,org.telegram.messenger/org.telegram.ui.LaunchActivity,userLeaving=true]
12-16 18:32:18.318  1735  3804 I wm_add_to_stopping: [0,11717009,org.telegram.messenger/org.telegram.ui.LaunchActivity,makeInvisible]
12-16 18:32:18.319  1735  3804 I wm_set_resumed_activity: [0,com.android.launcher3/.uioverrides.QuickstepLauncher,resumeTopActivityInnerLocked]
12-16 18:32:18.320  1735  3804 I wm_resume_activity: [0,47710348,8,com.android.launcher3/.uioverrides.QuickstepLauncher]
12-16 18:32:18.329  3641  3641 I wm_on_restart_called: [47710348,com.android.launcher3.uioverrides.QuickstepLauncher,performRestartActivity]
12-16 18:32:18.338  3641  3641 I wm_on_start_called: [47710348,com.android.launcher3.uioverrides.QuickstepLauncher,handleStartActivity]
12-16 18:32:18.347  3641  3641 I wm_on_resume_called: [47710348,com.android.launcher3.uioverrides.QuickstepLauncher,RESUME_ACTIVITY]
12-16 18:32:18.353  9411  9411 I wm_on_paused_called: [11717009,org.telegram.ui.LaunchActivity,performPause]
12-16 18:32:18.400  3641  3641 I wm_on_top_resumed_gained_called: [47710348,com.android.launcher3.uioverrides.QuickstepLauncher,topStateChangedWhenResumed]
12-16 18:32:18.701  1735  1831 I wm_stop_activity: [0,11717009,org.telegram.messenger/org.telegram.ui.LaunchActivity]
