--------- beginning of radio
12-16 18:16:36.648  1735  3797 E PHONE   : ServiceState.getRadioTechnology() DEPRECATED will be removed *******
12-16 18:16:36.652  4135  4354 I chatty  : uid=1001(radio) DcHandlerThread expire 6 lines
12-16 18:16:36.652  4135  4135 I chatty  : uid=1001(radio) com.android.phone expire 79 lines
12-16 18:16:36.664  4135  4573 I chatty  : uid=1001(radio) NetworkService expire 6 lines
12-16 18:16:36.666  4135  4344 I chatty  : uid=1001(radio) HwBinder:4135_1 expire 6 lines
12-16 18:16:36.764  4135  4135 I chatty  : uid=1001(radio) com.android.phone expire 84 lines
12-16 18:16:36.780  1735  4260 E PHONE   : ServiceState.getRadioTechnology() DEPRECATED will be removed *******
12-16 18:16:36.786  4135  4354 I chatty  : uid=1001(radio) DcHandlerThread expire 6 lines
--------- beginning of events
12-16 18:17:14.845  1735  3628 I sync    : [com.android.contacts,0,1,-1436824143]
12-16 18:17:15.236  1735  3628 I sync    : [com.android.contacts,1,1,-1436824143]
12-16 18:17:17.260  1735  1829 I commit_sys_config_file: [jobs,22]
12-16 18:17:24.716  1735  1846 I am_uid_idle: 10158
12-16 18:17:24.716  1735  1846 I am_uid_idle: 10138
12-16 18:17:24.716  1735  1846 I am_uid_idle: 10127
12-16 18:17:27.360  1735  1881 I power_sleep_requested: 0
12-16 18:17:27.949  1735  1735 I battery_saving_stats: [0,1,0,51501,6335,1,1022808,124406,7]
12-16 18:17:27.950  1735  1881 I wm_pause_activity: [0,15585961,org.lineageos.jelly/.MainActivity,userLeaving=false]
12-16 18:17:27.951  3650  3650 I wm_on_top_resumed_lost_called: [15585961,org.lineageos.jelly.MainActivity,topStateChangedWhenResumed]
12-16 18:17:27.962  3650  3650 I wm_on_paused_called: [15585961,org.lineageos.jelly.MainActivity,performPause]
12-16 18:17:27.963  1735  1793 I wm_add_to_stopping: [0,15585961,org.lineageos.jelly/.MainActivity,completePauseLocked]
12-16 18:17:27.966  1735  1831 I wm_stop_activity: [0,15585961,org.lineageos.jelly/.MainActivity]
12-16 18:17:27.997  3650  3650 I wm_on_stop_called: [15585961,org.lineageos.jelly.MainActivity,STOP_ACTIVITY_ITEM]
12-16 18:17:28.024  1307  1592 I chatty  : uid=1001(radio) DataModule-Loop expire 5 lines
12-16 18:17:28.026  1307  1394 I chatty  : uid=1001(radio) DispatcherModul expire 24 lines
12-16 18:17:28.031  1307  1592 I chatty  : uid=1001(radio) DataModule-Loop expire 9 lines
12-16 18:17:28.033  4135  4344 I chatty  : uid=1001(radio) HwBinder:4135_1 expire 9 lines
12-16 18:17:28.035  4135  4135 I chatty  : uid=1001(radio) com.android.phone expire 25 lines
12-16 18:17:28.048  1328  1681 I chatty  : uid=1001(radio) DataModule-Loop expire 14 lines
12-16 18:17:28.049  1328  1393 I chatty  : uid=1001(radio) DispatcherModul expire 8 lines
12-16 18:17:28.184  1735  5640 I wm_set_keyguard_shown: [0,1,0,setKeyguardShown]
12-16 18:17:28.197  3720  3720 I chatty  : uid=10154(com.android.systemui) expire 10 lines
12-16 18:17:28.198  3720  3720 I sysui_status_bar_state: [1,0,0,0,0,1]
12-16 18:17:28.216  1735  5640 I notification_panel_revealed: 16
12-16 18:17:28.221  1735  1735 I power_screen_state: [0,3,0,0,863]
12-16 18:17:28.221  1735  1735 I screen_toggled: 0
12-16 18:17:28.221  1735  1735 I power_screen_broadcast_send: 1
12-16 18:17:28.246  1735  1735 I device_idle: [1,no activity]
12-16 18:17:28.246  1735  1735 I device_idle_light: [1,no activity]
12-16 18:17:28.273  1735  5640 I notification_panel_hidden: 
12-16 18:17:28.393  1735  1735 I power_screen_broadcast_done: [0,172,1]
12-16 18:17:29.437  1735  2221 I intercept_power: [ACTION_DOWN,1,0]
12-16 18:17:29.474  1735  1735 I screen_toggled: 1
12-16 18:17:29.474  1735  1735 I power_screen_broadcast_send: 1
12-16 18:17:29.492  1735  1735 I battery_saving_stats: [0,0,0,1542,59,0,513987,8480,0]
12-16 18:17:29.504  1735  4260 I notification_panel_revealed: 16
12-16 18:17:29.519  1735  4260 I wm_set_keyguard_shown: [0,0,0,setKeyguardShown]
12-16 18:17:29.523  1735  4260 I wm_set_resumed_activity: [0,org.lineageos.jelly/.MainActivity,resumeTopActivityInnerLocked]
12-16 18:17:29.525  1735  4260 I wm_resume_activity: [0,15585961,29,org.lineageos.jelly/.MainActivity]
12-16 18:17:29.528  1735  1735 I device_idle: [0,screen]
12-16 18:17:29.536  3720  3720 I sysui_status_bar_state: [0,0,0,0,0,1]
12-16 18:17:29.536  1735  1735 I device_idle_light: [0,screen]
12-16 18:17:29.538  1735  1844 I device_idle_off_start: screen
12-16 18:17:29.538  1735  1844 I device_idle_off_complete: 
12-16 18:17:29.567  3650  3650 I wm_on_restart_called: [15585961,org.lineageos.jelly.MainActivity,performRestartActivity]
12-16 18:17:29.571  3650  3650 I wm_on_start_called: [15585961,org.lineageos.jelly.MainActivity,handleStartActivity]
12-16 18:17:29.572  3650  3650 I wm_on_resume_called: [15585961,org.lineageos.jelly.MainActivity,RESUME_ACTIVITY]
12-16 18:17:29.572  3650  3650 I wm_on_top_resumed_gained_called: [15585961,org.lineageos.jelly.MainActivity,topWhenResuming]
12-16 18:17:29.580  4135  4573 I chatty  : uid=1001(radio) NetworkService expire 11 lines
12-16 18:17:29.607  1307  1394 I chatty  : uid=1001(radio) DispatcherModul expire 27 lines
12-16 18:17:29.607  4135  4344 I chatty  : uid=1001(radio) HwBinder:4135_1 expire 10 lines
12-16 18:17:29.609  4135  4135 I chatty  : uid=1001(radio) com.android.phone expire 13 lines
12-16 18:17:29.618  1328  1393 I chatty  : uid=1001(radio) DispatcherModul expire 37 lines
12-16 18:17:29.636  1735  5640 I notification_panel_hidden: 
12-16 18:17:29.643  1735  2221 I intercept_power: [ACTION_UP,0,0]
12-16 18:17:29.718  1307  1394 I chatty  : uid=1001(radio) DispatcherModul expire 19 lines
12-16 18:17:29.727  4135  4344 I chatty  : uid=1001(radio) HwBinder:4135_1 expire 13 lines
12-16 18:17:29.728  4135  4135 I chatty  : uid=1001(radio) com.android.phone expire 31 lines
12-16 18:17:29.730  4135  4573 I chatty  : uid=1001(radio) NetworkService expire 12 lines
12-16 18:17:29.826  1735  1735 I power_screen_broadcast_done: [1,352,1]
12-16 18:17:29.840  1735  6394 E PHONE   : ServiceState.getRadioTechnology() DEPRECATED will be removed *******
12-16 18:17:29.849  4135  4354 I chatty  : uid=1001(radio) DcHandlerThread expire 6 lines
12-16 18:17:29.857  1735  1793 D TelephonyRegistry: notifyCellLocationForSubscriber: subId=1 cellLocation=CellIdentityLte:{ mCi=16231706 mPci=408 mTac=36060 mEarfcn=1600 mBands=[] mBandwidth=2147483647 mMcc=262 mMnc=03 mAlphaLong=MEDIONmobile mAlphaShort=MEDIONmobile mAdditionalPlmns={} mCsgInfo=null}
12-16 18:17:29.864  4135  4135 I chatty  : uid=1001(radio) com.android.phone expire 64 lines
12-16 18:17:29.894  4135  4573 I chatty  : uid=1001(radio) NetworkService expire 12 lines
12-16 18:17:29.906  4135  4344 I chatty  : uid=1001(radio) HwBinder:4135_1 expire 13 lines
12-16 18:17:29.907  1735  1735 I power_screen_state: [1,0,0,0,470]
12-16 18:17:29.998  4135  4135 I chatty  : uid=1001(radio) com.android.phone expire 76 lines
12-16 18:17:30.026  1735  2165 I commit_sys_config_file: [settings-1-0,13]
12-16 18:17:30.035  4135  4354 I chatty  : uid=1001(radio) DcHandlerThread expire 6 lines
12-16 18:17:32.390  1735  1844 I am_pss  : [3647,10167,org.telegram.messenger,92746752,85647360,0,184369152,0,10,10]
12-16 18:17:32.396  1735  1844 I am_pss  : [15915,10138,com.android.webview:webview_service,8905728,4419584,0,58163200,0,19,4]
12-16 18:17:33.719  4135  4135 I service_manager_stats: [100,64,50151]
12-16 18:17:43.489  1735  1793 I am_kill : [0,10866,com.android.settings.intelligence,985,empty #17]
12-16 18:17:43.533  1735  1793 I am_proc_died: [0,10866,com.android.settings.intelligence,985,19]
12-16 18:17:43.534  1735  1793 I am_uid_stopped: 10126
12-16 18:17:45.390  4135  4573 I chatty  : uid=1001(radio) NetworkService expire 14 lines
12-16 18:17:45.538  4135  4135 I chatty  : uid=1001(radio) com.android.phone expire 75 lines
12-16 18:17:45.551  1735  1793 E PHONE   : ServiceState.getRadioTechnology() DEPRECATED will be removed *******
12-16 18:17:45.558  4135  4354 I chatty  : uid=1001(radio) DcHandlerThread expire 12 lines
12-16 18:17:45.577  1735  4260 D TelephonyRegistry: notifyCellLocationForSubscriber: subId=1 cellLocation=CellIdentityLte:{ mCi=16231705 mPci=224 mTac=36060 mEarfcn=1600 mBands=[] mBandwidth=2147483647 mMcc=262 mMnc=03 mAlphaLong=MEDIONmobile mAlphaShort=MEDIONmobile mAdditionalPlmns={} mCsgInfo=null}
12-16 18:17:46.260  4135  4344 I chatty  : uid=1001(radio) HwBinder:4135_1 expire 11 lines
12-16 18:17:46.361  1735  5640 E PHONE   : ServiceState.getRadioTechnology() DEPRECATED will be removed *******
12-16 18:17:46.380  1735  3797 D TelephonyRegistry: notifyCellLocationForSubscriber: subId=1 cellLocation=CellIdentityLte:{ mCi=16231706 mPci=408 mTac=36060 mEarfcn=1600 mBands=[] mBandwidth=2147483647 mMcc=262 mMnc=03 mAlphaLong=MEDIONmobile mAlphaShort=MEDIONmobile mAdditionalPlmns={} mCsgInfo=null}
12-16 18:17:46.413  4135  4135 I chatty  : uid=1001(radio) com.android.phone expire 78 lines
12-16 18:17:48.426  1735  2165 I commit_sys_config_file: [settings-1-0,27]
12-16 18:17:49.176  1735  1735 I service_manager_stats: [100,105,108800]
12-16 18:17:50.766  1735  1846 I am_uid_idle: 10167
12-16 18:17:50.766  1735  1846 I am_stop_idle_service: [10167,org.telegram.messenger/.NotificationsService]
12-16 18:17:51.655  4135  4573 I chatty  : uid=1001(radio) NetworkService expire 8 lines
12-16 18:17:51.794  1735  4260 E PHONE   : ServiceState.getRadioTechnology() DEPRECATED will be removed *******
12-16 18:17:51.805  4135  4354 I chatty  : uid=1001(radio) DcHandlerThread expire 12 lines
12-16 18:17:51.825  1735  3797 D TelephonyRegistry: notifyCellLocationForSubscriber: subId=1 cellLocation=CellIdentityLte:{ mCi=16231705 mPci=224 mTac=36060 mEarfcn=1600 mBands=[] mBandwidth=2147483647 mMcc=262 mMnc=03 mAlphaLong=MEDIONmobile mAlphaShort=MEDIONmobile mAdditionalPlmns={} mCsgInfo=null}
12-16 18:17:53.595  4135  4135 I chatty  : uid=1001(radio) com.android.phone expire 72 lines
12-16 18:17:53.603  4135  4573 I chatty  : uid=1001(radio) NetworkService expire 13 lines
12-16 18:17:53.613  4135  4344 I chatty  : uid=1001(radio) HwBinder:4135_1 expire 14 lines
12-16 18:17:53.705  4135  4135 I service_manager_stats: [100,62,19985]
12-16 18:17:53.738  1735  4260 E PHONE   : ServiceState.getRadioTechnology() DEPRECATED will be removed *******
12-16 18:17:53.758  1735  4260 D TelephonyRegistry: notifyCellLocationForSubscriber: subId=1 cellLocation=CellIdentityLte:{ mCi=16231706 mPci=408 mTac=36060 mEarfcn=1600 mBands=[] mBandwidth=2147483647 mMcc=262 mMnc=03 mAlphaLong=MEDIONmobile mAlphaShort=MEDIONmobile mAdditionalPlmns={} mCsgInfo=null}
12-16 18:17:53.759  6397 14928 I c2dm    : [8,org.telegram.messenger:0:1608139074334815,2,1]
12-16 18:17:53.842  6397 14918 I c2dm    : [-7,,3,2]
12-16 18:17:53.927  6397 14918 I c2dm    : [-8,com.google.android.gsf.gtalkservice:,3,3]
12-16 18:17:54.922  1735  1829 I commit_sys_config_file: [notification-policy,18]
12-16 18:17:55.074  1735  1735 I chatty  : uid=1000 system_server expire 12 lines
12-16 18:17:58.351  4135  4135 I chatty  : uid=1001(radio) com.android.phone expire 75 lines
12-16 18:17:58.367  1735  3797 E PHONE   : ServiceState.getRadioTechnology() DEPRECATED will be removed *******
12-16 18:17:58.384  4135  4354 I chatty  : uid=1001(radio) DcHandlerThread expire 12 lines
12-16 18:17:58.403  1735  5640 D TelephonyRegistry: notifyCellLocationForSubscriber: subId=1 cellLocation=CellIdentityLte:{ mCi=16231705 mPci=224 mTac=36060 mEarfcn=1600 mBands=[] mBandwidth=2147483647 mMcc=262 mMnc=03 mAlphaLong=MEDIONmobile mAlphaShort=MEDIONmobile mAdditionalPlmns={} mCsgInfo=null}
12-16 18:17:59.249  4135  4573 I chatty  : uid=1001(radio) NetworkService expire 15 lines
12-16 18:17:59.347  1735  3797 E PHONE   : ServiceState.getRadioTechnology() DEPRECATED will be removed *******
12-16 18:17:59.378  1735  5640 D TelephonyRegistry: notifyCellLocationForSubscriber: subId=1 cellLocation=CellIdentityLte:{ mCi=16231706 mPci=408 mTac=36060 mEarfcn=1600 mBands=[] mBandwidth=2147483647 mMcc=262 mMnc=03 mAlphaLong=MEDIONmobile mAlphaShort=MEDIONmobile mAdditionalPlmns={} mCsgInfo=null}
12-16 18:17:59.410  4135  4135 I chatty  : uid=1001(radio) com.android.phone expire 77 lines
12-16 18:18:01.028  4135  4344 I chatty  : uid=1001(radio) HwBinder:4135_1 expire 6 lines
12-16 18:18:01.158  1735  5640 E PHONE   : ServiceState.getRadioTechnology() DEPRECATED will be removed *******
12-16 18:18:01.170  4135  4354 I chatty  : uid=1001(radio) DcHandlerThread expire 12 lines
12-16 18:18:01.186  1735  5640 D TelephonyRegistry: notifyCellLocationForSubscriber: subId=1 cellLocation=CellIdentityLte:{ mCi=16231705 mPci=224 mTac=36060 mEarfcn=1600 mBands=[] mBandwidth=2147483647 mMcc=262 mMnc=03 mAlphaLong=MEDIONmobile mAlphaShort=MEDIONmobile mAdditionalPlmns={} mCsgInfo=null}
12-16 18:18:01.718  4135  4135 I service_manager_stats: [100,66,8013]
12-16 18:18:02.514  4135  4135 I chatty  : uid=1001(radio) com.android.phone expire 68 lines
12-16 18:18:02.525  4135  4573 I chatty  : uid=1001(radio) NetworkService expire 6 lines
12-16 18:18:02.537  4135  4344 I chatty  : uid=1001(radio) HwBinder:4135_1 expire 6 lines
12-16 18:18:02.664  1735  5640 E PHONE   : ServiceState.getRadioTechnology() DEPRECATED will be removed *******
12-16 18:18:02.696  1735  1793 D TelephonyRegistry: notifyCellLocationForSubscriber: subId=1 cellLocation=CellIdentityLte:{ mCi=16231706 mPci=408 mTac=36060 mEarfcn=1600 mBands=[] mBandwidth=2147483647 mMcc=262 mMnc=03 mAlphaLong=MEDIONmobile mAlphaShort=MEDIONmobile mAdditionalPlmns={} mCsgInfo=null}
12-16 18:18:06.803  1735  1844 I am_pss  : [13046,10163,com.android.cellbroadcastreceiver.module,6306816,4845568,0,67186688,0,19,9]
12-16 18:18:07.009  1735  2165 I commit_sys_config_file: [settings-1-0,17]
12-16 18:18:16.239  1735  1846 I am_uid_idle: 10090
12-16 18:18:17.743  1735  1844 I am_pss  : [3650,10134,org.lineageos.jelly,71088128,65585152,0,154652672,0,2,18]
12-16 18:18:17.766  1735  1844 I am_pss  : [3647,10167,org.telegram.messenger,94536704,87416832,0,186105856,0,8,17]
12-16 18:18:25.133  1735  2165 I commit_sys_config_file: [settings-1-0,24]
12-16 18:18:38.271  1735  1735 I service_manager_stats: [100,93,49095]
12-16 18:18:40.323  1735  2165 I commit_sys_config_file: [settings-1-0,29]
12-16 18:19:24.797  1735  1881 I power_sleep_requested: 0
12-16 18:19:24.845  1735  1844 I am_pss  : [3647,10167,org.telegram.messenger,94419968,87351296,0,186040320,0,15,18]
12-16 18:19:25.344  1735  1881 I wm_pause_activity: [0,15585961,org.lineageos.jelly/.MainActivity,userLeaving=false]
12-16 18:19:25.346  1735  1735 I dvm_lock_sample: [system_server,0,main,29,BatterySaverController.java,201,void com.android.server.power.batterysaver.BatterySaverController$1.onReceive(android.content.Context, android.content.Intent),PowerManagerService.java,1453,void com.android.server.power.PowerManagerService.acquireWakeLockInternal(android.os.IBinder, int, java.lang.String, java.lang.String, android.os.WorkSource, java.lang.String, int, int),5]
12-16 18:19:25.346  1735  1735 I battery_saving_stats: [0,1,0,115854,10549,0,1138662,134955,7]
12-16 18:19:25.352  3650  3650 I wm_on_top_resumed_lost_called: [15585961,org.lineageos.jelly.MainActivity,topStateChangedWhenResumed]
12-16 18:19:25.361  3650  3650 I wm_on_paused_called: [15585961,org.lineageos.jelly.MainActivity,performPause]
12-16 18:19:25.362  1735  3797 I wm_add_to_stopping: [0,15585961,org.lineageos.jelly/.MainActivity,completePauseLocked]
12-16 18:19:25.366  1735  1831 I wm_stop_activity: [0,15585961,org.lineageos.jelly/.MainActivity]
12-16 18:19:25.374  3650  3650 I wm_on_stop_called: [15585961,org.lineageos.jelly.MainActivity,STOP_ACTIVITY_ITEM]
12-16 18:19:25.411  1307  1592 I chatty  : uid=1001(radio) DataModule-Loop expire 5 lines
12-16 18:19:25.413  1307  1394 I chatty  : uid=1001(radio) DispatcherModul expire 20 lines
12-16 18:19:25.416  1307  1592 I chatty  : uid=1001(radio) DataModule-Loop expire 9 lines
12-16 18:19:25.416  4135  4344 I chatty  : uid=1001(radio) HwBinder:4135_1 expire 10 lines
12-16 18:19:25.417  1328  1681 I chatty  : uid=1001(radio) DataModule-Loop expire 14 lines
12-16 18:19:25.419  1328  1393 I chatty  : uid=1001(radio) DispatcherModul expire 18 lines
12-16 18:19:25.623  1735  4260 I wm_set_keyguard_shown: [0,1,0,setKeyguardShown]
12-16 18:19:25.643  3720  3720 I chatty  : uid=10154(com.android.systemui) expire 10 lines
12-16 18:19:25.644  3720  3720 I sysui_status_bar_state: [1,0,0,0,0,1]
12-16 18:19:25.676  1735  4260 I notification_panel_revealed: 16
12-16 18:19:25.680  1735  1735 I power_screen_state: [0,3,0,0,887]
12-16 18:19:25.680  1735  1735 I screen_toggled: 0
12-16 18:19:25.680  1735  1735 I power_screen_broadcast_send: 1
12-16 18:19:25.705  1735  1735 I device_idle: [1,no activity]
12-16 18:19:25.706  1735  1735 I device_idle_light: [1,no activity]
12-16 18:19:25.725  4135  4135 I chatty  : uid=1001(radio) com.android.phone expire 26 lines
12-16 18:19:25.739  1735  1793 I notification_panel_hidden: 
12-16 18:19:25.818  1735  1735 I power_screen_broadcast_done: [0,137,1]
12-16 18:19:26.505  1735  2221 I intercept_power: [ACTION_DOWN,1,0]
12-16 18:19:26.579  1735  1735 I screen_toggled: 1
12-16 18:19:26.582  1735  1735 I power_screen_broadcast_send: 1
12-16 18:19:26.588  1735  1735 I battery_saving_stats: [0,0,0,1242,96,0,515229,8576,0]
12-16 18:19:26.613  1735  1735 I device_idle: [0,screen]
12-16 18:19:26.614  1735  1735 I device_idle_light: [0,screen]
12-16 18:19:26.615  1735  1844 I device_idle_off_start: screen
12-16 18:19:26.621  1735  1844 I device_idle_off_complete: 
12-16 18:19:26.632  1735  1793 I notification_panel_revealed: 16
12-16 18:19:26.647  1735  4260 I wm_set_keyguard_shown: [0,0,0,setKeyguardShown]
12-16 18:19:26.649  3720  3720 I sysui_status_bar_state: [0,0,0,0,0,1]
12-16 18:19:26.651  1735  4260 I wm_set_resumed_activity: [0,org.lineageos.jelly/.MainActivity,resumeTopActivityInnerLocked]
12-16 18:19:26.653  1735  4260 I wm_resume_activity: [0,15585961,29,org.lineageos.jelly/.MainActivity]
12-16 18:19:26.661  4135  4573 I chatty  : uid=1001(radio) NetworkService expire 11 lines
12-16 18:19:26.673  3650  3650 I wm_on_restart_called: [15585961,org.lineageos.jelly.MainActivity,performRestartActivity]
12-16 18:19:26.686  1735  2221 I intercept_power: [ACTION_UP,0,0]
12-16 18:19:26.687  3650  3650 I wm_on_start_called: [15585961,org.lineageos.jelly.MainActivity,handleStartActivity]
12-16 18:19:26.688  3650  3650 I wm_on_resume_called: [15585961,org.lineageos.jelly.MainActivity,RESUME_ACTIVITY]
12-16 18:19:26.688  3650  3650 I wm_on_top_resumed_gained_called: [15585961,org.lineageos.jelly.MainActivity,topWhenResuming]
12-16 18:19:26.698  1307  1394 I chatty  : uid=1001(radio) DispatcherModul expire 44 lines
12-16 18:19:26.699  4135  4344 I chatty  : uid=1001(radio) HwBinder:4135_1 expire 10 lines
12-16 18:19:26.699  1328  1393 I chatty  : uid=1001(radio) DispatcherModul expire 27 lines
12-16 18:19:26.701  4135  4135 I chatty  : uid=1001(radio) com.android.phone expire 52 lines
12-16 18:19:26.731  1735  5898 E PHONE   : ServiceState.getRadioTechnology() DEPRECATED will be removed *******
12-16 18:19:26.753  1307  1394 I chatty  : uid=1001(radio) DispatcherModul expire 6 lines
12-16 18:19:26.753  4135  4344 I chatty  : uid=1001(radio) HwBinder:4135_1 expire 15 lines
12-16 18:19:26.755  4135  4573 I chatty  : uid=1001(radio) NetworkService expire 17 lines
12-16 18:19:26.772  1735  8753 I notification_panel_hidden: 
12-16 18:19:26.785  4135  4135 I service_manager_stats: [100,76,85068]
12-16 18:19:26.844  1735  5894 I am_proc_died: [0,12479,com.android.packageinstaller,965,19]
12-16 18:19:26.845  1735  5894 I am_uid_stopped: 10093
12-16 18:19:26.846  1735  5898 E PHONE   : ServiceState.getRadioTechnology() DEPRECATED will be removed *******
12-16 18:19:26.855  1735  3797 I am_proc_died: [0,8674,android.process.media,975,19]
12-16 18:19:26.869  1735  3797 I am_uid_stopped: 10086
12-16 18:19:26.879  1735  3797 I am_proc_died: [0,11205,com.android.vending:instant_app_installer,915,19]
12-16 18:19:26.880  4135  4354 I chatty  : uid=1001(radio) DcHandlerThread expire 12 lines
12-16 18:19:26.884  1735  3799 I am_proc_died: [0,15465,org.lineageos.updater,955,19]
12-16 18:19:26.885  1735  3799 I am_uid_stopped: 10097
12-16 18:19:26.889  1735  6394 I am_proc_died: [0,14676,com.android.dialer,955,19]
12-16 18:19:26.889  1735  6394 I am_uid_stopped: 10127
12-16 18:19:26.917  1735  1735 I power_screen_broadcast_done: [1,335,1]
12-16 18:19:26.978  4135  4135 I chatty  : uid=1001(radio) com.android.phone expire 133 lines
12-16 18:19:26.981  1735  1735 I power_screen_state: [1,0,0,0,475]
12-16 18:19:27.059  1735  2165 I commit_sys_config_file: [settings-1-0,30]
12-16 18:19:27.095  1735  3802 E PHONE   : ServiceState.getRadioTechnology() DEPRECATED will be removed *******
12-16 18:19:34.574  1735  3598 I battery_level: [68,3855,240]
12-16 18:19:38.593  1735  3571 I netstats_mobile_sample: [38416656,28933,827085,6286,38275612,26219,775173,6255,38275612,26219,775173,6255,1608139179276]
12-16 18:19:38.593  1735  3571 I netstats_wifi_sample: [91109695,77106,5035028,30637,91063324,76084,4611436,30130,91049826,76001,4603636,30042,1608139179276]
12-16 18:19:47.947  1735  1844 I am_pss  : [3650,10134,org.lineageos.jelly,76412928,70037504,0,163618816,0,2,14]
12-16 18:19:47.966  1735  1844 I am_pss  : [3647,10167,org.telegram.messenger,94698496,87240704,0,185638912,0,15,14]
12-16 18:19:57.127  1735  4621 I chatty  : uid=1000(system) Binder:1735_D expire 11 lines
12-16 18:19:57.128  1735  4621 I notification_panel_revealed: 16
12-16 18:19:57.636  1735  3802 I chatty  : uid=1000(system) Binder:1735_A expire 35 lines
12-16 18:19:59.370  1735  6395 I am_proc_died: [0,14075,com.android.calllogbackup,955,19]
12-16 18:19:59.544  1735  6395 I chatty  : uid=1000(system) Binder:1735_1C identical 7 lines
12-16 18:19:59.850  1735  1735 I service_manager_slow: [10,phone]
12-16 18:20:00.860  1735  6395 I am_uid_active: 10167
12-16 18:20:00.866  1735  6395 I wm_focused_stack: [0,0,28,29,positionChildAtTop]
12-16 18:20:00.869  3650  3650 I wm_on_top_resumed_lost_called: [15585961,org.lineageos.jelly.MainActivity,topStateChangedWhenResumed]
12-16 18:20:00.870  1735  6395 I wm_set_resumed_activity: [0,org.telegram.messenger/org.telegram.ui.LaunchActivity,bringingFoundTaskToFront]
12-16 18:20:00.871  1735  6395 I wm_task_to_front: [0,28]
12-16 18:20:00.871  1735  6395 I wm_finish_activity: [0,83679662,28,org.telegram.messenger/org.telegram.ui.LaunchActivity,clear-task-all]
12-16 18:20:00.872  1735  6395 I wm_destroy_activity: [0,83679662,28,org.telegram.messenger/org.telegram.ui.LaunchActivity,finish-imm:finishIfPossible]
12-16 18:20:00.877  1735  6395 I wm_create_activity: [0,57178709,28,org.telegram.messenger/org.telegram.ui.LaunchActivity,com.tmessages.openchat0.59016242292360082147483647,NULL,NULL,272662528]
12-16 18:20:00.878  1735  6395 I wm_pause_activity: [0,15585961,org.lineageos.jelly/.MainActivity,userLeaving=true]
12-16 18:20:00.890  3650  3650 I wm_on_paused_called: [15585961,org.lineageos.jelly.MainActivity,performPause]
12-16 18:20:00.895  1735  4621 I wm_add_to_stopping: [0,15585961,org.lineageos.jelly/.MainActivity,makeInvisible]
12-16 18:20:00.897  1735  4621 I wm_restart_activity: [0,57178709,28,org.telegram.messenger/org.telegram.ui.LaunchActivity]
12-16 18:20:00.897  1735  3802 I notification_clicked: [0|org.telegram.messenger|-1400056311|null|10167,236323,125774,1352,4,16]
12-16 18:20:00.897  1735  1735 I chatty  : uid=1000 system_server expire 54 lines
12-16 18:20:00.899  1735  4621 I wm_set_resumed_activity: [0,org.telegram.messenger/org.telegram.ui.LaunchActivity,minimalResumeActivityLocked]
12-16 18:20:00.899  1735  1735 I notification_canceled: [0|org.telegram.messenger|-1400056311|null|10167,1,236325,125776,1354,4,16,NULL]
12-16 18:20:00.908  1735  1831 I dvm_lock_sample: [system_server,1,android.display,15,ActivityTaskManagerService.java,7240,void com.android.server.wm.ActivityTaskManagerService$LocalService.rankTaskLayersIfNeeded(),-,1853,void com.android.server.wm.ActivityTaskManagerService.activityPaused(android.os.IBinder),3]
12-16 18:20:00.921  1735  6394 I am_proc_died: [0,15604,com.google.android.syncadapters.contacts,985,19]
12-16 18:20:00.922  1735  6394 I am_uid_stopped: 10145
12-16 18:20:00.926  1735  6395 I am_proc_died: [0,14132,com.google.android.apps.wellbeing,985,19]
12-16 18:20:00.927  1735  6395 I am_uid_stopped: 10131
12-16 18:20:00.928  1735  6395 I am_mem_factor: [1,0]
12-16 18:20:00.942  3647  3647 I wm_on_destroy_called: [83679662,org.telegram.ui.LaunchActivity,performDestroy]
12-16 18:20:00.979  1735  6395 I am_proc_died: [0,12109,com.google.android.youtube,975,19]
12-16 18:20:00.981  1735  6395 I am_uid_stopped: 10146
12-16 18:20:01.212  3647  3647 I wm_on_create_called: [57178709,org.telegram.ui.LaunchActivity,performCreate]
12-16 18:20:01.233  3647  3647 I wm_on_start_called: [57178709,org.telegram.ui.LaunchActivity,handleStartActivity]
12-16 18:20:01.236  3647  3647 I wm_on_resume_called: [57178709,org.telegram.ui.LaunchActivity,RESUME_ACTIVITY]
12-16 18:20:01.238  1735  5640 I am_uid_active: 10090
12-16 18:20:01.243  3647  3647 I wm_on_top_resumed_gained_called: [57178709,org.telegram.ui.LaunchActivity,topStateChangedWhenResumed]
12-16 18:20:01.443  1735  1844 I chatty  : uid=1000(system) android.bg expire 10 lines
12-16 18:20:01.471  1735  1844 I wm_activity_launch_time: [0,57178709,org.telegram.messenger/org.telegram.ui.LaunchActivity,497]
12-16 18:20:01.634  1735  1792 I chatty  : uid=1000(system) Binder:1735_1 expire 9 lines
12-16 18:20:01.738  1735  1735 I notification_cancel_all: [1000,1735,org.telegram.messenger,0,0,0,17,NULL]
12-16 18:20:01.739  1735  1735 I notification_canceled: [0|org.telegram.messenger|1|null|10167,17,237268,126685,4092,-1,-1,NULL]
12-16 18:20:01.739  1735  1735 I notification_cancel: [1000,1735,org.telegram.messenger,-1451624329,NULL,0,0,0,12,NULL]
12-16 18:20:01.740  1735  1735 I notification_canceled: [0|org.telegram.messenger|-1451624329|null|10167,12,236788,126675,0,-1,-1,NULL]
12-16 18:20:01.740  1735  1735 I notification_cancel: [1000,1735,org.telegram.messenger,-1079512191,NULL,0,0,0,12,NULL]
12-16 18:20:01.741  1735  1735 I notification_canceled: [0|org.telegram.messenger|-1079512191|null|10167,12,236771,126668,0,-1,-1,NULL]
12-16 18:20:01.741  1735  1735 I notification_cancel: [1000,1735,org.telegram.messenger,-1093134636,NULL,0,0,0,12,NULL]
12-16 18:20:01.742  1735  1735 I notification_canceled: [0|org.telegram.messenger|-1093134636|null|10167,12,236762,126661,106,-1,-1,NULL]
12-16 18:20:01.742  1735  1735 I notification_cancel: [1000,1735,org.telegram.messenger,-1112901793,NULL,0,0,0,12,NULL]
12-16 18:20:01.742  1735  1735 I notification_canceled: [0|org.telegram.messenger|-1112901793|null|10167,12,237206,126649,109,-1,-1,NULL]
12-16 18:20:01.743  1735  1735 I notification_cancel: [1000,1735,org.telegram.messenger,-1415478352,NULL,0,0,0,12,NULL]
12-16 18:20:01.743  1735  1735 I notification_canceled: [0|org.telegram.messenger|-1415478352|null|10167,12,237196,126641,1687,-1,-1,NULL]
12-16 18:20:01.743  1735  1735 I notification_cancel: [1000,1735,org.telegram.messenger,113908221,NULL,0,0,0,12,NULL]
12-16 18:20:01.744  1735  1735 I notification_canceled: [0|org.telegram.messenger|113908221|null|10167,12,237186,126632,4092,-1,-1,NULL]
12-16 18:20:01.744  1735  1735 I notification_cancel: [1000,1735,org.telegram.messenger,-1361122340,NULL,0,0,0,12,NULL]
12-16 18:20:01.746  1735  1735 I notification_canceled: [0|org.telegram.messenger|-1361122340|null|10167,12,237157,126613,4108,-1,-1,NULL]
12-16 18:20:01.746  1735  1735 I notification_cancel: [1000,1735,org.telegram.messenger,-1033364135,NULL,0,0,0,12,NULL]
12-16 18:20:01.748  1735  1735 I notification_canceled: [0|org.telegram.messenger|-1033364135|null|10167,12,237145,126607,4099,-1,-1,NULL]
12-16 18:20:01.748  1735  1735 I notification_cancel: [1000,1735,org.telegram.messenger,-1075500044,NULL,0,0,0,12,NULL]
12-16 18:20:01.750  1735  1735 I notification_canceled: [0|org.telegram.messenger|-1075500044|null|10167,12,237132,126601,4104,-1,-1,NULL]
12-16 18:20:01.770  1735  1829 I commit_sys_config_file: [notification-policy,19]
12-16 18:20:01.795  1735  1829 I commit_sys_config_file: [notification-policy,24]
12-16 18:20:01.846  1735  1831 I wm_stop_activity: [0,15585961,org.lineageos.jelly/.MainActivity]
12-16 18:20:01.971  3650  3650 I wm_on_stop_called: [15585961,org.lineageos.jelly.MainActivity,STOP_ACTIVITY_ITEM]
12-16 18:20:01.994  1735  1792 I notification_panel_hidden: 
12-16 18:20:15.031  3647  3647 I wm_on_top_resumed_lost_called: [57178709,org.telegram.ui.LaunchActivity,topStateChangedWhenResumed]
12-16 18:20:15.031  1735  2154 I wm_task_moved: [8,1,2147483647]
12-16 18:20:15.033  1735  2154 I wm_task_moved: [8,1,2147483647]
12-16 18:20:15.036  1735  2154 I wm_set_resumed_activity: [0,com.android.launcher3/.uioverrides.QuickstepLauncher,bringingFoundTaskToFront]
12-16 18:20:15.036  1735  2154 I wm_task_to_front: [0,8]
12-16 18:20:15.037  1735  2154 I wm_new_intent: [0,47710348,8,com.android.launcher3/.uioverrides.QuickstepLauncher,android.intent.action.MAIN,NULL,NULL,268435712]
12-16 18:20:15.038  1735  2154 I wm_pause_activity: [0,57178709,org.telegram.messenger/org.telegram.ui.LaunchActivity,userLeaving=true]
12-16 18:20:15.040  1735  2154 I wm_add_to_stopping: [0,57178709,org.telegram.messenger/org.telegram.ui.LaunchActivity,makeInvisible]
12-16 18:20:15.042  1735  2154 I wm_set_resumed_activity: [0,com.android.launcher3/.uioverrides.QuickstepLauncher,resumeTopActivityInnerLocked]
12-16 18:20:15.043  1735  2154 I wm_resume_activity: [0,47710348,8,com.android.launcher3/.uioverrides.QuickstepLauncher]
12-16 18:20:15.057  3641  3641 I wm_on_restart_called: [47710348,com.android.launcher3.uioverrides.QuickstepLauncher,performRestartActivity]
12-16 18:20:15.080  3641  3641 I wm_on_start_called: [47710348,com.android.launcher3.uioverrides.QuickstepLauncher,handleStartActivity]
12-16 18:20:15.085  3647  3647 I wm_on_paused_called: [57178709,org.telegram.ui.LaunchActivity,performPause]
12-16 18:20:15.110  3641  3641 I wm_on_resume_called: [47710348,com.android.launcher3.uioverrides.QuickstepLauncher,RESUME_ACTIVITY]
12-16 18:20:15.187  3641  3641 I wm_on_top_resumed_gained_called: [47710348,com.android.launcher3.uioverrides.QuickstepLauncher,topStateChangedWhenResumed]
12-16 18:20:15.476  1735  1831 I wm_stop_activity: [0,57178709,org.telegram.messenger/org.telegram.ui.LaunchActivity]
12-16 18:20:15.508  3647  3647 I wm_on_stop_called: [57178709,org.telegram.ui.LaunchActivity,STOP_ACTIVITY_ITEM]
12-16 18:20:15.531  1735  5640 I am_mem_factor: [0,1]
12-16 18:20:15.973  1735  6241 I wm_finish_activity: [0,57178709,28,org.telegram.messenger/org.telegram.ui.LaunchActivity,remove-task]
12-16 18:20:15.974  1735  6241 I wm_destroy_activity: [0,57178709,28,org.telegram.messenger/org.telegram.ui.LaunchActivity,finish-imm:finishIfPossible]
12-16 18:20:15.977  3647  3647 I wm_on_destroy_called: [57178709,org.telegram.ui.LaunchActivity,performDestroy]
12-16 18:20:15.988  1735  1831 I am_kill : [0,3647,org.telegram.messenger,905,remove task]
12-16 18:20:16.082  1735  4621 I wm_focused_stack: [0,0,29,1,positionChildAtTop]
12-16 18:20:16.085  1735  4621 I wm_set_resumed_activity: [0,org.lineageos.jelly/.MainActivity,moveTaskToFront findTaskToMoveToFront]
12-16 18:20:16.085  1735  4621 I wm_pause_activity: [0,47710348,com.android.launcher3/.uioverrides.QuickstepLauncher,userLeaving=true]
12-16 18:20:16.086  1735  4621 I wm_task_to_front: [0,29]
12-16 18:20:16.086  1735  2154 I am_proc_died: [0,3647,org.telegram.messenger,905,19]
12-16 18:20:16.098  3641  3641 I wm_on_top_resumed_lost_called: [47710348,com.android.launcher3.uioverrides.QuickstepLauncher,topStateChangedWhenResumed]
12-16 18:20:16.101  3641  3641 I wm_on_paused_called: [47710348,com.android.launcher3.uioverrides.QuickstepLauncher,performPause]
12-16 18:20:16.104  1735  3800 I wm_set_resumed_activity: [0,org.lineageos.jelly/.MainActivity,resumeTopActivityInnerLocked]
12-16 18:20:16.104  1735  3800 I wm_add_to_stopping: [0,47710348,com.android.launcher3/.uioverrides.QuickstepLauncher,makeInvisible]
12-16 18:20:16.105  1735  3800 I wm_resume_activity: [0,15585961,29,org.lineageos.jelly/.MainActivity]
12-16 18:20:16.118  1735  2154 I am_uid_stopped: 10167
12-16 18:20:16.120  1735  2154 I wm_task_removed: [28,removeChild: last r=ActivityRecord{3687a55 u0 org.telegram.messenger/org.telegram.ui.LaunchActivity t-1 f}} in t=Task{2cfa828 #28 visible=false type=standard mode=fullscreen translucent=true A=10167:org.telegram.messenger U=0 StackId=28 sz=0}]
12-16 18:20:16.120  1735  2154 I wm_task_removed: [28,removeTask]
12-16 18:20:16.120  1735  2154 I wm_task_removed: [28,removeTask]
12-16 18:20:16.120  1735  2154 I wm_stack_removed: 28
12-16 18:20:16.128  3650  3650 I wm_on_restart_called: [15585961,org.lineageos.jelly.MainActivity,performRestartActivity]
12-16 18:20:16.140  3650  3650 I wm_on_start_called: [15585961,org.lineageos.jelly.MainActivity,handleStartActivity]
12-16 18:20:16.141  3650  3650 I wm_on_resume_called: [15585961,org.lineageos.jelly.MainActivity,RESUME_ACTIVITY]
12-16 18:20:16.142  3650  3650 I wm_on_top_resumed_gained_called: [15585961,org.lineageos.jelly.MainActivity,topWhenResuming]
12-16 18:20:16.309  1735  4621 I dvm_lock_sample: [system_server,0,Binder:1735_D,7,ActivityTaskManagerService.java,1807,void com.android.server.wm.ActivityTaskManagerService.activityIdle(android.os.IBinder, android.content.res.Configuration, boolean),,0,null,1]
12-16 18:20:16.459  1735  1831 I wm_stop_activity: [0,47710348,com.android.launcher3/.uioverrides.QuickstepLauncher]
12-16 18:20:16.478  3641  3641 I wm_on_stop_called: [47710348,com.android.launcher3.uioverrides.QuickstepLauncher,STOP_ACTIVITY_ITEM]
12-16 18:20:17.300  1735  1735 I service_manager_stats: [100,110,99028]
12-16 18:20:25.845  3720  3780 I service_manager_stats: [200,222,229067]
12-16 18:20:28.455  4135  4135 I service_manager_stats: [100,81,61670]
12-16 18:20:29.761  1735  5643 I wm_task_created: [30,-1]
12-16 18:20:29.762  1735  5643 I wm_stack_created: 30
12-16 18:20:29.777  1735  5643 I wm_create_task: [0,30]
12-16 18:20:29.777  1735  5643 I wm_create_activity: [0,171718833,30,com.android.inputmethod.latin/.permissions.PermissionsActivity,NULL,NULL,NULL,276824064]
12-16 18:20:29.778  3650  3650 I wm_on_top_resumed_lost_called: [15585961,org.lineageos.jelly.MainActivity,topStateChangedWhenResumed]
12-16 18:20:29.778  1735  5643 I wm_pause_activity: [0,15585961,org.lineageos.jelly/.MainActivity,userLeaving=true]
12-16 18:20:29.792  3650  3650 I wm_on_paused_called: [15585961,org.lineageos.jelly.MainActivity,performPause]
12-16 18:20:29.801  1735  4621 I wm_restart_activity: [0,171718833,30,com.android.inputmethod.latin/.permissions.PermissionsActivity]
12-16 18:20:29.804  1735  4621 I wm_set_resumed_activity: [0,com.android.inputmethod.latin/.permissions.PermissionsActivity,minimalResumeActivityLocked]
12-16 18:20:29.833  4401  4401 I wm_on_create_called: [171718833,com.android.inputmethod.latin.permissions.PermissionsActivity,performCreate]
12-16 18:20:29.841  4401  4401 I wm_on_start_called: [171718833,com.android.inputmethod.latin.permissions.PermissionsActivity,handleStartActivity]
12-16 18:20:29.865  1735  5643 I wm_create_activity: [0,214607004,30,com.android.permissioncontroller/.permission.ui.GrantPermissionsActivity,android.content.pm.action.REQUEST_PERMISSIONS,NULL,NULL,8388608]
12-16 18:20:29.867  1735  5643 I wm_pause_activity: [0,171718833,com.android.inputmethod.latin/.permissions.PermissionsActivity,userLeaving=true]
12-16 18:20:29.871  4401  4401 I wm_on_resume_called: [171718833,com.android.inputmethod.latin.permissions.PermissionsActivity,RESUME_ACTIVITY]
12-16 18:20:29.882  4401  4401 I wm_on_top_resumed_gained_called: [171718833,com.android.inputmethod.latin.permissions.PermissionsActivity,topStateChangedWhenResumed]
12-16 18:20:29.882  4401  4401 I wm_on_top_resumed_lost_called: [171718833,com.android.inputmethod.latin.permissions.PermissionsActivity,topStateChangedWhenResumed]
12-16 18:20:29.883  4401  4401 I wm_on_paused_called: [171718833,com.android.inputmethod.latin.permissions.PermissionsActivity,performPause]
12-16 18:20:29.885  1735  6241 I wm_restart_activity: [0,214607004,30,com.android.permissioncontroller/.permission.ui.GrantPermissionsActivity]
12-16 18:20:29.887  1735  6241 I wm_set_resumed_activity: [0,com.android.permissioncontroller/.permission.ui.GrantPermissionsActivity,minimalResumeActivityLocked]
12-16 18:20:29.908  1735  1831 I am_uid_active: 10158
12-16 18:20:30.019  3748  3748 I wm_on_create_called: [214607004,com.android.permissioncontroller.permission.ui.GrantPermissionsActivity,performCreate]
12-16 18:20:30.052  3748  3748 I wm_on_start_called: [214607004,com.android.permissioncontroller.permission.ui.GrantPermissionsActivity,handleStartActivity]
12-16 18:20:30.056  3748  3748 I wm_on_resume_called: [214607004,com.android.permissioncontroller.permission.ui.GrantPermissionsActivity,RESUME_ACTIVITY]
12-16 18:20:30.066  3748  3748 I wm_on_top_resumed_gained_called: [214607004,com.android.permissioncontroller.permission.ui.GrantPermissionsActivity,topStateChangedWhenResumed]
12-16 18:20:30.177  1735  1844 I wm_activity_launch_time: [0,214607004,com.android.permissioncontroller/.permission.ui.GrantPermissionsActivity,402]
12-16 18:20:30.420  3748  3748 I snet_event_log: [individual_permissions_requested,10137,com.android.inputmethod.latin:;android.permission.GET_ACCOUNTS|false|256;android.permission.READ_CONTACTS|false|256]
12-16 18:20:30.421  1735  6241 I wm_finish_activity: [0,214607004,30,com.android.permissioncontroller/.permission.ui.GrantPermissionsActivity,app-request]
12-16 18:20:30.456  1735  6241 I wm_pause_activity: [0,214607004,com.android.permissioncontroller/.permission.ui.GrantPermissionsActivity,userLeaving=false]
12-16 18:20:30.463  3748  3748 I wm_on_top_resumed_lost_called: [214607004,com.android.permissioncontroller.permission.ui.GrantPermissionsActivity,topStateChangedWhenResumed]
12-16 18:20:30.465  3748  3748 I wm_on_paused_called: [214607004,com.android.permissioncontroller.permission.ui.GrantPermissionsActivity,performPause]
12-16 18:20:30.483  1735  6241 I wm_set_resumed_activity: [0,com.android.inputmethod.latin/.permissions.PermissionsActivity,resumeTopActivityInnerLocked]
12-16 18:20:30.484  1735  6241 I wm_resume_activity: [0,171718833,30,com.android.inputmethod.latin/.permissions.PermissionsActivity]
12-16 18:20:30.486  1735  6241 I wm_destroy_activity: [0,214607004,30,com.android.permissioncontroller/.permission.ui.GrantPermissionsActivity,finish-imm:completePausedLocked]
12-16 18:20:30.519  3748  3748 I wm_on_stop_called: [214607004,com.android.permissioncontroller.permission.ui.GrantPermissionsActivity,LIFECYCLER_STOP_ACTIVITY]
12-16 18:20:30.519  1735  5643 I wm_finish_activity: [0,171718833,30,com.android.inputmethod.latin/.permissions.PermissionsActivity,app-request]
12-16 18:20:30.520  3748  3748 I wm_on_destroy_called: [214607004,com.android.permissioncontroller.permission.ui.GrantPermissionsActivity,performDestroy]
12-16 18:20:30.533  1735  5643 I wm_focused_stack: [0,0,29,30,finish-top adjustFocusToNextFocusableStack]
12-16 18:20:30.547  1735  5643 I wm_pause_activity: [0,171718833,com.android.inputmethod.latin/.permissions.PermissionsActivity,userLeaving=false]
12-16 18:20:30.558  4401  4401 I wm_on_activity_result_called: [171718833,com.android.inputmethod.latin.permissions.PermissionsActivity,ACTIVITY_RESULT]
12-16 18:20:30.590  1735  5643 I wm_set_resumed_activity: [0,org.lineageos.jelly/.MainActivity,resumeTopActivityInnerLocked]
12-16 18:20:30.591  1735  5643 I wm_resume_activity: [0,15585961,29,org.lineageos.jelly/.MainActivity]
12-16 18:20:30.592  1735  5643 I wm_destroy_activity: [0,171718833,30,com.android.inputmethod.latin/.permissions.PermissionsActivity,finish-imm:completePausedLocked]
12-16 18:20:30.593  3650  3650 I wm_on_resume_called: [15585961,org.lineageos.jelly.MainActivity,RESUME_ACTIVITY]
12-16 18:20:30.594  3650  3650 I wm_on_top_resumed_gained_called: [15585961,org.lineageos.jelly.MainActivity,topWhenResuming]
12-16 18:20:30.614  4401  4401 I wm_on_stop_called: [171718833,com.android.inputmethod.latin.permissions.PermissionsActivity,LIFECYCLER_STOP_ACTIVITY]
12-16 18:20:30.615  4401  4401 I wm_on_destroy_called: [171718833,com.android.inputmethod.latin.permissions.PermissionsActivity,performDestroy]
12-16 18:20:30.633  1735  6241 I wm_task_removed: [30,removeChild: last r=ActivityRecord{a3c38b1 u0 com.android.inputmethod.latin/.permissions.PermissionsActivity t-1 f}} in t=Task{ba73904 #30 visible=false type=standard mode=fullscreen translucent=true I=com.android.inputmethod.latin/.permissions.PermissionsActivity U=0 StackId=30 sz=0}]
12-16 18:20:30.633  1735  6241 I wm_task_removed: [30,removeTask]
12-16 18:20:30.633  1735  6241 I wm_task_removed: [30,removeTask]
12-16 18:20:30.633  1735  6241 I wm_stack_removed: 30
12-16 18:20:36.723  3720  3720 I chatty  : uid=10154(com.android.systemui) expire 10 lines
12-16 18:20:36.792  3650  3650 I wm_on_top_resumed_lost_called: [15585961,org.lineageos.jelly.MainActivity,topStateChangedWhenResumed]
12-16 18:20:36.792  1735  3801 I wm_task_moved: [8,1,2147483647]
12-16 18:20:36.794  1735  3801 I wm_task_moved: [8,1,2147483647]
12-16 18:20:36.796  1735  3801 I wm_set_resumed_activity: [0,com.android.launcher3/.uioverrides.QuickstepLauncher,bringingFoundTaskToFront]
12-16 18:20:36.797  1735  3801 I wm_task_to_front: [0,8]
12-16 18:20:36.798  1735  3801 I wm_new_intent: [0,47710348,8,com.android.launcher3/.uioverrides.QuickstepLauncher,android.intent.action.MAIN,NULL,NULL,268435712]
12-16 18:20:36.798  1735  3801 I wm_pause_activity: [0,15585961,org.lineageos.jelly/.MainActivity,userLeaving=true]
12-16 18:20:36.801  1735  3801 I wm_add_to_stopping: [0,15585961,org.lineageos.jelly/.MainActivity,makeInvisible]
12-16 18:20:36.803  1735  3801 I wm_set_resumed_activity: [0,com.android.launcher3/.uioverrides.QuickstepLauncher,resumeTopActivityInnerLocked]
12-16 18:20:36.805  1735  3801 I wm_resume_activity: [0,47710348,8,com.android.launcher3/.uioverrides.QuickstepLauncher]
12-16 18:20:36.815  3641  3641 I wm_on_restart_called: [47710348,com.android.launcher3.uioverrides.QuickstepLauncher,performRestartActivity]
12-16 18:20:36.817  3650  3650 I wm_on_paused_called: [15585961,org.lineageos.jelly.MainActivity,performPause]
12-16 18:20:36.819  3641  3641 I wm_on_start_called: [47710348,com.android.launcher3.uioverrides.QuickstepLauncher,handleStartActivity]
12-16 18:20:36.831  3641  3641 I wm_on_resume_called: [47710348,com.android.launcher3.uioverrides.QuickstepLauncher,RESUME_ACTIVITY]
12-16 18:20:36.872  3641  3641 I wm_on_top_resumed_gained_called: [47710348,com.android.launcher3.uioverrides.QuickstepLauncher,topStateChangedWhenResumed]
12-16 18:20:36.913  1735  1844 I chatty  : uid=1000(system) android.bg expire 9 lines
12-16 18:20:37.161  1735  1831 I wm_stop_activity: [0,15585961,org.lineageos.jelly/.MainActivity]
12-16 18:20:37.198  3650  3650 I wm_on_stop_called: [15585961,org.lineageos.jelly.MainActivity,STOP_ACTIVITY_ITEM]
12-16 18:20:42.839  4135  4344 I chatty  : uid=1001(radio) HwBinder:4135_1 expire 14 lines
12-16 18:20:43.612  4135  4354 I chatty  : uid=1001(radio) DcHandlerThread expire 28 lines
12-16 18:20:44.956  1735  5640 I wm_focused_stack: [0,0,22,1,positionChildAtTop]
12-16 18:20:44.960  1735  5640 I wm_set_resumed_activity: [0,com.android.vending/.AssetBrowserActivity,moveTaskToFront findTaskToMoveToFront]
12-16 18:20:44.961  1735  5640 I wm_pause_activity: [0,47710348,com.android.launcher3/.uioverrides.QuickstepLauncher,userLeaving=true]
12-16 18:20:44.964  1735  5640 I wm_task_to_front: [0,22]
12-16 18:20:44.991  3641  3641 I wm_on_top_resumed_lost_called: [47710348,com.android.launcher3.uioverrides.QuickstepLauncher,topStateChangedWhenResumed]
12-16 18:20:44.999  3641  3641 I wm_on_paused_called: [47710348,com.android.launcher3.uioverrides.QuickstepLauncher,performPause]
12-16 18:20:45.007  1735  3800 I wm_set_resumed_activity: [0,com.android.vending/.AssetBrowserActivity,resumeTopActivityInnerLocked]
12-16 18:20:45.007  1735  3800 I wm_add_to_stopping: [0,47710348,com.android.launcher3/.uioverrides.QuickstepLauncher,makeInvisible]
12-16 18:20:45.010  1735  3800 I wm_resume_activity: [0,267883752,22,com.android.vending/.AssetBrowserActivity]
12-16 18:20:45.048  1735  1831 I am_uid_active: 10129
12-16 18:20:45.077  1735  1844 I am_pss  : [3646,10166,ru.andr7e.deviceinfohw,34838528,30228480,0,115703808,0,16,9]
12-16 18:20:45.123 11945 11945 I wm_on_restart_called: [267883752,com.android.vending.AssetBrowserActivity,performRestartActivity]
12-16 18:20:45.198 11945 11945 I wm_on_start_called: [267883752,com.android.vending.AssetBrowserActivity,handleStartActivity]
12-16 18:20:45.236 11945 11945 I wm_on_resume_called: [267883752,com.android.vending.AssetBrowserActivity,RESUME_ACTIVITY]
12-16 18:20:45.243 11945 11945 I wm_on_top_resumed_gained_called: [267883752,com.android.vending.AssetBrowserActivity,topWhenResuming]
12-16 18:20:45.266  1735  1832 I dvm_lock_sample: [system_server,1,android.anim,10,InputMonitor.java,128,void com.android.server.wm.InputMonitor$UpdateInputWindows.run(),ActivityTaskManagerService.java,981,android.content.res.Configuration com.android.server.wm.ActivityTaskManagerService.getGlobalConfigurationForPid(int),2]
12-16 18:20:45.473  1735  3800 I wm_stop_activity: [0,47710348,com.android.launcher3/.uioverrides.QuickstepLauncher]
12-16 18:20:45.478  3641  3641 I wm_on_stop_called: [47710348,com.android.launcher3.uioverrides.QuickstepLauncher,STOP_ACTIVITY_ITEM]
12-16 18:20:45.717  4135  4573 I chatty  : uid=1001(radio) NetworkService expire 21 lines
12-16 18:20:45.784  4135  4135 I chatty  : uid=1001(radio) com.android.phone expire 62 lines
12-16 18:20:45.833  1735  5640 E PHONE   : ServiceState.getRadioTechnology() DEPRECATED will be removed *******
12-16 18:20:45.845  1735  5640 D TelephonyRegistry: notifyCellLocationForSubscriber: subId=2 cellLocation=CellIdentityLte:{ mCi=52622350 mPci=167 mTac=44043 mEarfcn=2850 mBands=[] mBandwidth=2147483647 mMcc=262 mMnc=02 mAlphaLong=LIDL Connect mAlphaShort=LIDL Connect mAdditionalPlmns={} mCsgInfo=null}
12-16 18:20:46.573  1735  5640 I wm_task_created: [31,-1]
12-16 18:20:46.574  1735  5640 I wm_stack_created: 31
12-16 18:20:46.583  1735  5640 I wm_create_task: [0,31]
12-16 18:20:46.583  1735  5640 I wm_create_activity: [0,212412651,31,org.telegram.messenger/org.telegram.ui.LaunchActivity,android.intent.action.MAIN,NULL,NULL,268435456]
12-16 18:20:46.584  1735  5640 I wm_pause_activity: [0,267883752,com.android.vending/.AssetBrowserActivity,userLeaving=true]
12-16 18:20:46.594 11945 11945 I wm_on_top_resumed_lost_called: [267883752,com.android.vending.AssetBrowserActivity,topStateChangedWhenResumed]
12-16 18:20:46.603  1735  1831 I am_uid_running: 10167
12-16 18:20:46.605 11945 11945 I wm_on_paused_called: [267883752,com.android.vending.AssetBrowserActivity,performPause]
12-16 18:20:46.609  1735  3797 I wm_add_to_stopping: [0,267883752,com.android.vending/.AssetBrowserActivity,makeInvisible]
12-16 18:20:46.614  1735  1847 I am_proc_start: [0,9411,10167,org.telegram.messenger,pre-top-activity,{org.telegram.messenger/org.telegram.ui.LaunchActivity}]
12-16 18:20:46.698  1735  5640 I am_proc_bound: [0,9411,org.telegram.messenger]
12-16 18:20:46.703  1735  5640 I wm_restart_activity: [0,212412651,31,org.telegram.messenger/org.telegram.ui.LaunchActivity]
12-16 18:20:46.706  1735  5640 I wm_set_resumed_activity: [0,org.telegram.messenger/org.telegram.ui.LaunchActivity,minimalResumeActivityLocked]
12-16 18:20:46.738  1735  1831 I am_uid_active: 10167
12-16 18:20:47.211  4135  4344 I chatty  : uid=1001(radio) HwBinder:4135_1 expire 7 lines
12-16 18:20:47.226  4135  4354 I chatty  : uid=1001(radio) DcHandlerThread expire 84 lines
12-16 18:20:47.874  9411  9411 I wm_on_create_called: [212412651,org.telegram.ui.LaunchActivity,performCreate]
12-16 18:20:47.903  9411  9411 I wm_on_start_called: [212412651,org.telegram.ui.LaunchActivity,handleStartActivity]
12-16 18:20:47.907  9411  9411 I wm_on_resume_called: [212412651,org.telegram.ui.LaunchActivity,RESUME_ACTIVITY]
12-16 18:20:47.925  9411  9411 I wm_on_top_resumed_gained_called: [212412651,org.telegram.ui.LaunchActivity,topStateChangedWhenResumed]
12-16 18:20:48.181  1735  1844 I wm_activity_launch_time: [0,212412651,org.telegram.messenger/org.telegram.ui.LaunchActivity,1621]
12-16 18:20:48.234  1735  1735 I chatty  : uid=1000 system_server expire 11 lines
12-16 18:20:48.531  1735  3797 I wm_stop_activity: [0,267883752,com.android.vending/.AssetBrowserActivity]
12-16 18:20:48.541 11945 11945 I wm_on_stop_called: [267883752,com.android.vending.AssetBrowserActivity,STOP_ACTIVITY_ITEM]
12-16 18:20:52.712  1735  4621 E PHONE   : ServiceState.getRadioTechnology() DEPRECATED will be removed *******
12-16 18:20:52.736  1735  3800 D TelephonyRegistry: notifyCellLocationForSubscriber: subId=2 cellLocation=CellIdentityLte:{ mCi=52622351 mPci=166 mTac=44043 mEarfcn=2850 mBands=[] mBandwidth=2147483647 mMcc=262 mMnc=02 mAlphaLong=LIDL Connect mAlphaShort=LIDL Connect mAdditionalPlmns={} mCsgInfo=null}
12-16 18:20:52.745  4135  4135 I chatty  : uid=1001(radio) com.android.phone expire 32 lines
12-16 18:20:56.947 11945 11997 I dvm_lock_sample: [com.android.vending,1,bgExecutor #2,346,PG,1,int aagb.j(),-,8,int aagb.j(),69]
12-16 18:20:57.031 11945 11981 I dvm_lock_sample: [com.android.vending,1,bgExecutor #0,432,PG,1,int aagb.j(),-,8,int aagb.j(),86]
12-16 18:21:03.654  1735  1844 I am_pss  : [9411,10167,org.telegram.messenger,101411840,95076352,0,184872960,0,2,20]
12-16 18:21:03.677  1735  1844 I am_pss  : [3650,10134,org.lineageos.jelly,67960832,60203008,0,156508160,0,16,20]
