12-16 18:36:37.243  1735  5643 I notification_panel_revealed: 16
12-16 18:36:37.249  1735  9169 I wm_set_keyguard_shown: [1,0,0,setKeyguardShown]
12-16 18:36:37.343  4135  4573 I chatty  : uid=1001(radio) NetworkService expire 10 lines
12-16 18:36:37.347  1307  1592 I chatty  : uid=1001(radio) DataModule-Loop expire 7 lines
12-16 18:36:37.350  1307  1394 I chatty  : uid=1001(radio) DispatcherModul expire 66 lines
12-16 18:36:37.376  4135  4135 I chatty  : uid=1001(radio) com.android.phone expire 19 lines
12-16 18:36:37.376  4135  4344 I chatty  : uid=1001(radio) HwBinder:4135_1 expire 14 lines
12-16 18:36:37.377  1328  1393 I chatty  : uid=1001(radio) DispatcherModul expire 27 lines
12-16 18:36:37.382  1735  1735 I power_screen_broadcast_done: [1,183,1]
12-16 18:36:37.394  1735  3796 E PHONE   : ServiceState.getRadioTechnology() DEPRECATED will be removed *******
12-16 18:36:37.398  4135  4573 I chatty  : uid=1001(radio) NetworkService expire 18 lines
12-16 18:36:37.429  4135  4135 I chatty  : uid=1001(radio) com.android.phone expire 68 lines
12-16 18:36:37.454  1735  3799 E PHONE   : ServiceState.getRadioTechnology() DEPRECATED will be removed *******
12-16 18:36:37.461  4135  4354 I chatty  : uid=1001(radio) DcHandlerThread expire 6 lines
12-16 18:36:37.485  4135  4344 I chatty  : uid=1001(radio) HwBinder:4135_1 expire 9 lines
12-16 18:36:37.546  4135  4135 I chatty  : uid=1001(radio) com.android.phone expire 92 lines
12-16 18:36:37.594  1735  3796 E PHONE   : ServiceState.getRadioTechnology() DEPRECATED will be removed *******
12-16 18:36:37.598  4135  4354 I chatty  : uid=1001(radio) DcHandlerThread expire 34 lines
12-16 18:36:37.609  4135  4135 I service_manager_stats: [100,58,13130]
12-16 18:36:37.668  1735  1735 I power_screen_state: [1,0,0,0,478]
12-16 18:36:37.783  1735  3799 I chatty  : uid=1000(system) Binder:1735_7 expire 14 lines
12-16 18:36:37.783  1735  3799 I notification_visibility: [0|org.telegram.messenger|-1331597794|null|10167,1,725763,706604,0,3]
12-16 18:36:37.787  1735  3799 I notification_visibility: [0|android|89|null|1000,1,273448651,8489731,0,2]
12-16 18:36:37.788  1735  3799 I notification_visibility: [0|org.telegram.messenger|1|null|10167,1,726181,706696,0,0]
12-16 18:36:37.788  1735  3799 I notification_visibility: [0|org.telegram.messenger|-1086804569|null|10167,1,725781,706617,0,4]
12-16 18:36:37.789  1735  3799 I notification_visibility: [0|com.android.messaging|0|com.android.messaging:sms:|10140,1,8359552,8359552,0,12]
12-16 18:36:37.790  1735  3799 I notification_visibility: [0|org.telegram.messenger|113908221|null|10167,1,725852,706640,0,1]
12-16 18:36:42.885  1735  1735 I service_manager_stats: [100,96,142677]
12-16 18:36:42.918  3720  3720 I sysui_lockscreen_gesture: [7,0,0]
12-16 18:36:42.975  3720  3720 I sysui_lockscreen_gesture: [7,0,0]
12-16 18:36:43.092  1735  3796 I wm_task_created: [36,-1]
12-16 18:36:43.093  1735  3796 I wm_stack_created: 36
12-16 18:36:43.105  1735  3796 I wm_create_task: [0,36]
12-16 18:36:43.105  1735  3796 I wm_create_activity: [0,67174815,36,org.lineageos.lineageparts/.trust.TrustOnBoardingActivity,org.lineageos.lineageparts.TRUST_HINT,NULL,NULL,276824064]
12-16 18:36:43.114  1735  3796 I device_idle: [0,notification interaction]
12-16 18:36:43.116  1735  3796 I device_idle_light: [0,notification interaction]
12-16 18:36:43.118  1735  1844 I device_idle_off_start: notification interaction
12-16 18:36:43.119  1735  1844 I device_idle_off_complete: 
12-16 18:36:43.119  1735  3796 I chatty  : uid=1000(system) Binder:1735_5 expire 25 lines
12-16 18:36:43.120  1735  3796 I notification_clicked: [0|android|89|null|1000,273453984,8495064,5333,11,16]
12-16 18:36:43.123  1735  1735 I notification_canceled: [0|android|89|null|1000,1,273453987,8495067,5336,11,16,NULL]
12-16 18:36:43.143  1735  5643 I notification_visibility: [0|org.telegram.messenger|-1331597794|null|10167,0,731123,711964,0,3]
12-16 18:36:43.144  1735  5643 I notification_visibility: [0|org.telegram.messenger|1|null|10167,0,731537,712052,0,0]
12-16 18:36:43.144  1735  5643 I notification_visibility: [0|org.telegram.messenger|-1086804569|null|10167,0,731137,711973,0,4]
12-16 18:36:43.145  1735  5643 I notification_visibility: [0|com.android.messaging|0|com.android.messaging:sms:|10140,0,8364908,8364908,0,12]
12-16 18:36:43.145  1735  5643 I notification_visibility: [0|org.telegram.messenger|113908221|null|10167,0,731208,711996,0,1]
12-16 18:36:43.146  1735  1847 I am_proc_start: [0,9412,1000,org.lineageos.lineageparts,top-activity,{org.lineageos.lineageparts/org.lineageos.lineageparts.trust.TrustOnBoardingActivity}]
12-16 18:36:43.157  1735  3796 I notification_panel_hidden: 
12-16 18:36:43.200  1735  5643 I am_proc_bound: [0,9412,org.lineageos.lineageparts]
12-16 18:36:43.205  1735  5643 I wm_restart_activity: [0,67174815,36,org.lineageos.lineageparts/.trust.TrustOnBoardingActivity]
12-16 18:36:43.207  1735  5643 I wm_set_resumed_activity: [0,org.lineageos.lineageparts/.trust.TrustOnBoardingActivity,minimalResumeActivityLocked]
12-16 18:36:43.207  1735  5643 I wm_add_to_stopping: [0,67174815,org.lineageos.lineageparts/.trust.TrustOnBoardingActivity,makeInvisible]
12-16 18:36:43.208  1735  5643 I wm_pause_activity: [0,67174815,org.lineageos.lineageparts/.trust.TrustOnBoardingActivity,userLeaving=false]
12-16 18:36:43.210  1735  1831 I chatty  : uid=1000(system) android.display expire 3 lines
12-16 18:36:43.425  9412  9412 I wm_on_create_called: [67174815,org.lineageos.lineageparts.trust.TrustOnBoardingActivity,performCreate]
12-16 18:36:43.429  9412  9412 I wm_on_start_called: [67174815,org.lineageos.lineageparts.trust.TrustOnBoardingActivity,handleStartActivity]
12-16 18:36:43.430  9412  9412 I wm_on_resume_called: [67174815,org.lineageos.lineageparts.trust.TrustOnBoardingActivity,RESUME_ACTIVITY]
12-16 18:36:43.450  9412  9412 I wm_on_top_resumed_gained_called: [67174815,org.lineageos.lineageparts.trust.TrustOnBoardingActivity,topStateChangedWhenResumed]
12-16 18:36:43.450  9412  9412 I wm_on_top_resumed_lost_called: [67174815,org.lineageos.lineageparts.trust.TrustOnBoardingActivity,topStateChangedWhenResumed]
12-16 18:36:43.452  9412  9412 I wm_on_paused_called: [67174815,org.lineageos.lineageparts.trust.TrustOnBoardingActivity,performPause]
12-16 18:36:43.562  1735  3799 I wm_set_keyguard_shown: [1,0,1,keyguardGoingAway]
12-16 18:36:43.564  1735  3799 I wm_set_resumed_activity: [0,org.lineageos.lineageparts/.trust.TrustOnBoardingActivity,resumeTopActivityInnerLocked]
12-16 18:36:43.565  1735  3799 I wm_resume_activity: [0,67174815,36,org.lineageos.lineageparts/.trust.TrustOnBoardingActivity]
12-16 18:36:43.650  3720  3720 I sysui_status_bar_state: [0,0,0,0,0,1]
12-16 18:36:43.657  1735  3796 I wm_set_keyguard_shown: [0,0,1,setKeyguardShown]
12-16 18:36:43.669  1735  1831 I user_activity_timeout_override: -1
12-16 18:36:43.714  9412  9412 I wm_on_resume_called: [67174815,org.lineageos.lineageparts.trust.TrustOnBoardingActivity,RESUME_ACTIVITY]
12-16 18:36:43.714  9412  9412 I wm_on_top_resumed_gained_called: [67174815,org.lineageos.lineageparts.trust.TrustOnBoardingActivity,topWhenResuming]
12-16 18:36:44.777  1735  5643 I notification_panel_revealed: 15
12-16 18:36:44.792  1735  1831 I dvm_lock_sample: [system_server,1,android.display,9,WindowManagerService.java,5077,void com.android.server.wm.WindowManagerService$H.handleMessage(android.os.Message),ActivityTaskManagerService.java,981,android.content.res.Configuration com.android.server.wm.ActivityTaskManagerService.getGlobalConfigurationForPid(int),1]
12-16 18:36:45.279  1735  3796 I notification_visibility: [0|com.android.dialer|1|GroupSummary_MissedCall|10127,1,1475516,1250529,0,12]
12-16 18:36:45.281  1735  3796 I notification_visibility: [0|org.telegram.messenger|-1331597794|null|10167,1,733260,714101,0,2]
12-16 18:36:45.282  1735  3796 I notification_visibility: [0|org.telegram.messenger|-1415478352|null|10167,1,733393,714140,0,6]
12-16 18:36:45.283  1735  3796 I notification_visibility: [0|com.android.dialer|1|MissedCall_content://call_log/calls/3?allow_voicemails=true|10127,1,1475462,1475462,0,14]
12-16 18:36:45.284  1735  3796 I notification_visibility: [0|org.telegram.messenger|-1075500044|null|10167,1,733287,714120,0,4]
12-16 18:36:45.285  1735  3796 I notification_visibility: [0|com.android.dialer|1|MissedCall_content://call_log/calls/4?allow_voicemails=true|10127,1,1250494,1250494,0,13]
12-16 18:36:45.288  1735  3796 I notification_visibility: [0|org.telegram.messenger|1|null|10167,1,733680,714195,0,0]
12-16 18:36:45.289  1735  3796 I notification_visibility: [0|org.telegram.messenger|-1033364135|null|10167,1,733315,714132,0,5]
12-16 18:36:45.291  1735  3796 I notification_visibility: [0|org.telegram.messenger|-1086804569|null|10167,1,733283,714119,0,3]
12-16 18:36:45.292  1735  3796 I notification_visibility: [0|com.android.messaging|0|com.android.messaging:sms:|10140,1,8367056,8367056,0,11]
12-16 18:36:45.293  1735  3796 I notification_visibility: [0|org.telegram.messenger|113908221|null|10167,1,733356,714144,0,1]
12-16 18:36:48.934  1735  3804 I chatty  : uid=1000(system) Binder:1735_B expire 14 lines
12-16 18:36:48.935  1735  3804 I notification_visibility: [0|com.android.dialer|1|GroupSummary_MissedCall|10127,0,1479172,1254185,0,12]
12-16 18:36:48.940  1735  3804 I notification_visibility: [0|org.telegram.messenger|-1331597794|null|10167,0,736916,717757,0,2]
12-16 18:36:48.942  1735  3804 I notification_visibility: [0|org.telegram.messenger|-1415478352|null|10167,0,737052,717799,0,6]
12-16 18:36:48.943  1735  3804 I notification_visibility: [0|com.android.dialer|1|MissedCall_content://call_log/calls/3?allow_voicemails=true|10127,0,1479123,1479123,0,14]
12-16 18:36:48.946  1735  3804 I notification_visibility: [0|org.telegram.messenger|-1075500044|null|10167,0,736949,717782,0,4]
12-16 18:36:48.948  1735  3804 I notification_visibility: [0|com.android.dialer|1|MissedCall_content://call_log/calls/4?allow_voicemails=true|10127,0,1254156,1254156,0,13]
12-16 18:36:48.950  1735  3804 I notification_visibility: [0|org.telegram.messenger|1|null|10167,0,737343,717858,0,0]
12-16 18:36:48.952  1735  3804 I notification_visibility: [0|org.telegram.messenger|-1033364135|null|10167,0,736977,717794,0,5]
12-16 18:36:48.953  1735  3804 I notification_visibility: [0|org.telegram.messenger|-1086804569|null|10167,0,736946,717782,0,3]
12-16 18:36:48.954  1735  3804 I notification_visibility: [0|com.android.messaging|0|com.android.messaging:sms:|10140,0,8370718,8370718,0,11]
12-16 18:36:48.956  1735  3804 I notification_visibility: [0|org.telegram.messenger|113908221|null|10167,0,737018,717806,0,1]
12-16 18:36:49.014  1735  3804 I notification_panel_hidden: 
12-16 18:36:50.742  1735  1735 I notification_enqueue: [1000,1735,android,4,NULL,0,Notification(channel=TrustInterface shortcut=null contentView=null vibrate=null sound=null defaults=0x0 flags=0x10 color=0xffff5630 actions=1 vis=PRIVATE),0]
12-16 18:36:50.743  1735  3804 I wm_finish_activity: [0,67174815,36,org.lineageos.lineageparts/.trust.TrustOnBoardingActivity,app-request]
12-16 18:36:50.744  1735  3804 I wm_focused_stack: [0,0,32,36,finish-top adjustFocusToNextFocusableStack]
12-16 18:36:50.763  1735  3804 I wm_pause_activity: [0,67174815,org.lineageos.lineageparts/.trust.TrustOnBoardingActivity,userLeaving=false]
12-16 18:36:50.780  9412  9412 I wm_on_top_resumed_lost_called: [67174815,org.lineageos.lineageparts.trust.TrustOnBoardingActivity,topStateChangedWhenResumed]
12-16 18:36:50.783  9412  9412 I wm_on_paused_called: [67174815,org.lineageos.lineageparts.trust.TrustOnBoardingActivity,performPause]
12-16 18:36:50.786  1735  5643 I wm_add_to_stopping: [0,67174815,org.lineageos.lineageparts/.trust.TrustOnBoardingActivity,completeFinishing]
12-16 18:36:50.791  1735  5643 I wm_set_resumed_activity: [0,org.lineageos.jelly/.MainActivity,resumeTopActivityInnerLocked]
12-16 18:36:50.793  1735  5643 I wm_resume_activity: [0,76495576,32,org.lineageos.jelly/.MainActivity]
12-16 18:36:50.811  3650  3650 I wm_on_restart_called: [76495576,org.lineageos.jelly.MainActivity,performRestartActivity]
12-16 18:36:50.817  3650  3650 I wm_on_start_called: [76495576,org.lineageos.jelly.MainActivity,handleStartActivity]
12-16 18:36:50.820  3650  3650 I wm_on_resume_called: [76495576,org.lineageos.jelly.MainActivity,RESUME_ACTIVITY]
12-16 18:36:50.825  3650  3650 I wm_on_top_resumed_gained_called: [76495576,org.lineageos.jelly.MainActivity,topWhenResuming]
12-16 18:36:50.949  1735  1735 I notification_alert: [0|android|4|null|1000,0,1,0]
12-16 18:36:51.096  1735  3804 I notification_panel_revealed: 1
12-16 18:36:51.470  1735  1831 I wm_destroy_activity: [0,67174815,36,org.lineageos.lineageparts/.trust.TrustOnBoardingActivity,finish-imm:idle]
12-16 18:36:51.503  9412  9412 I wm_on_stop_called: [67174815,org.lineageos.lineageparts.trust.TrustOnBoardingActivity,LIFECYCLER_STOP_ACTIVITY]
12-16 18:36:51.506  9412  9412 I wm_on_destroy_called: [67174815,org.lineageos.lineageparts.trust.TrustOnBoardingActivity,performDestroy]
12-16 18:36:51.514  1735  5643 I wm_task_removed: [36,removeChild: last r=ActivityRecord{401019f u0 org.lineageos.lineageparts/.trust.TrustOnBoardingActivity t-1 f}} in t=Task{72892c6 #36 visible=false type=standard mode=fullscreen translucent=true A=1000:org.lineageos.lineageparts U=0 StackId=36 sz=0}]
12-16 18:36:51.514  1735  5643 I wm_task_removed: [36,removeTask]
12-16 18:36:51.514  1735  5643 I wm_task_removed: [36,removeTask]
12-16 18:36:51.514  1735  5643 I wm_stack_removed: 36
12-16 18:36:51.745  1735  5643 I notification_visibility: [0|android|4|null|1000,1,1004,1004,0,0]
12-16 18:36:53.158  4135  4135 I chatty  : uid=1001(radio) com.android.phone expire 71 lines
12-16 18:36:53.235  4135  4344 I chatty  : uid=1001(radio) HwBinder:4135_1 expire 9 lines
12-16 18:36:54.508  4135  4573 I chatty  : uid=1001(radio) NetworkService expire 7 lines
12-16 18:36:54.615  1735  5155 E PHONE   : ServiceState.getRadioTechnology() DEPRECATED will be removed *******
12-16 18:36:54.622  4135  4354 I chatty  : uid=1001(radio) DcHandlerThread expire 6 lines
12-16 18:36:54.636  1735  5155 D TelephonyRegistry: notifyCellLocationForSubscriber: subId=1 cellLocation=CellIdentityLte:{ mCi=16231706 mPci=408 mTac=36060 mEarfcn=1600 mBands=[] mBandwidth=2147483647 mMcc=262 mMnc=03 mAlphaLong=MEDIONmobile mAlphaShort=MEDIONmobile mAdditionalPlmns={} mCsgInfo=null}
12-16 18:36:57.417  1735  3796 I notification_visibility: [0|android|4|null|1000,0,6675,6675,0,0]
12-16 18:36:57.422  1735  5155 I notification_panel_hidden: 
12-16 18:37:16.809  1735  3598 I battery_level: [60,3650,210]
12-16 18:37:20.500  1735  1881 I power_sleep_requested: 0
12-16 18:37:20.530  1735  1844 I am_pss  : [9412,1000,org.lineageos.lineageparts,21130240,16822272,0,96202752,0,19,9]
12-16 18:37:21.053  1735  1881 I wm_pause_activity: [0,76495576,org.lineageos.jelly/.MainActivity,userLeaving=false]
12-16 18:37:21.054  3650  3650 I wm_on_top_resumed_lost_called: [76495576,org.lineageos.jelly.MainActivity,topStateChangedWhenResumed]
12-16 18:37:21.054  1735  1735 I battery_saving_stats: [0,1,0,43820,6158,1,2087554,236972,16]
12-16 18:37:21.056  3650  3650 I wm_on_paused_called: [76495576,org.lineageos.jelly.MainActivity,performPause]
12-16 18:37:21.061  1735  3796 I wm_add_to_stopping: [0,76495576,org.lineageos.jelly/.MainActivity,completePauseLocked]
12-16 18:37:21.065  1735  1831 I wm_stop_activity: [0,76495576,org.lineageos.jelly/.MainActivity]
12-16 18:37:21.091  3650  3650 I wm_on_stop_called: [76495576,org.lineageos.jelly.MainActivity,STOP_ACTIVITY_ITEM]
12-16 18:37:21.110  1307  1592 I chatty  : uid=1001(radio) DataModule-Loop expire 2 lines
12-16 18:37:21.111  1328  1681 I chatty  : uid=1001(radio) DataModule-Loop expire 14 lines
12-16 18:37:21.113  1328  1393 I chatty  : uid=1001(radio) DispatcherModul expire 29 lines
12-16 18:37:21.114  4135  4344 I chatty  : uid=1001(radio) HwBinder:4135_1 expire 12 lines
12-16 18:37:21.114  1307  1592 I chatty  : uid=1001(radio) DataModule-Loop expire 12 lines
12-16 18:37:21.114  1307  1394 I chatty  : uid=1001(radio) DispatcherModul expire 31 lines
12-16 18:37:21.292  3720  3720 I chatty  : uid=10154(com.android.systemui) expire 24 lines
12-16 18:37:21.297  1735  5643 I wm_set_keyguard_shown: [0,1,0,setKeyguardShown]
12-16 18:37:21.321  3720  3720 I sysui_status_bar_state: [1,0,0,0,0,1]
12-16 18:37:21.358  1735  5155 I notification_panel_revealed: 16
12-16 18:37:21.366  1735  1735 I chatty  : uid=1000 system_server expire 3 lines
12-16 18:37:21.366  1735  1735 I power_screen_state: [0,3,0,0,870]
12-16 18:37:21.366  1735  1735 I screen_toggled: 0
12-16 18:37:21.367  1735  1735 I power_screen_broadcast_send: 1
12-16 18:37:21.383  1735  1735 I device_idle: [1,no activity]
12-16 18:37:21.383  1735  1735 I device_idle_light: [1,no activity]
12-16 18:37:21.434  4135  4135 I chatty  : uid=1001(radio) com.android.phone expire 23 lines
12-16 18:37:21.435  1735  5643 I chatty  : uid=1000(system) Binder:1735_12 expire 4 lines
12-16 18:37:21.435  1735  5643 I notification_panel_hidden: 
12-16 18:37:21.500  1735  1735 I power_screen_broadcast_done: [0,133,1]
12-16 18:37:23.085  1735  1735 I screen_toggled: 1
12-16 18:37:23.086  1735  1735 I power_screen_broadcast_send: 1
12-16 18:37:23.093  1735  1735 I battery_saving_stats: [0,0,0,2039,400,0,642842,14373,0]
12-16 18:37:23.112  1735  5643 I notification_panel_revealed: 16
12-16 18:37:23.125  1735  1735 I device_idle: [0,screen]
12-16 18:37:23.125  1735  5155 I wm_set_keyguard_shown: [0,0,0,setKeyguardShown]
12-16 18:37:23.126  1735  1735 I device_idle_light: [0,screen]
12-16 18:37:23.130  3720  3720 I sysui_status_bar_state: [0,0,0,0,0,1]
12-16 18:37:23.131  1735  1844 I device_idle_off_start: screen
12-16 18:37:23.132  1735  1844 I device_idle_off_complete: 
12-16 18:37:23.132  1735  5155 I wm_set_resumed_activity: [0,org.lineageos.jelly/.MainActivity,resumeTopActivityInnerLocked]
12-16 18:37:23.133  1735  5155 I wm_resume_activity: [0,76495576,32,org.lineageos.jelly/.MainActivity]
12-16 18:37:23.153  3650  3650 I wm_on_restart_called: [76495576,org.lineageos.jelly.MainActivity,performRestartActivity]
12-16 18:37:23.156  3650  3650 I wm_on_start_called: [76495576,org.lineageos.jelly.MainActivity,handleStartActivity]
12-16 18:37:23.158  3650  3650 I wm_on_resume_called: [76495576,org.lineageos.jelly.MainActivity,RESUME_ACTIVITY]
12-16 18:37:23.158  3650  3650 I wm_on_top_resumed_gained_called: [76495576,org.lineageos.jelly.MainActivity,topWhenResuming]
12-16 18:37:23.164  4135  4573 I chatty  : uid=1001(radio) NetworkService expire 16 lines
12-16 18:37:23.196  1328  1393 I chatty  : uid=1001(radio) DispatcherModul expire 33 lines
12-16 18:37:23.196  1307  1394 I chatty  : uid=1001(radio) DispatcherModul expire 18 lines
12-16 18:37:23.200  4135  4135 I chatty  : uid=1001(radio) com.android.phone expire 25 lines
12-16 18:37:23.203  4135  4344 I chatty  : uid=1001(radio) HwBinder:4135_1 expire 23 lines
12-16 18:37:23.232  1735  5155 I notification_panel_hidden: 
12-16 18:37:23.247  1735  5638 E PHONE   : ServiceState.getRadioTechnology() DEPRECATED will be removed *******
12-16 18:37:23.282  4135  4135 I chatty  : uid=1001(radio) com.android.phone expire 75 lines
12-16 18:37:23.286  4135  4354 I chatty  : uid=1001(radio) DcHandlerThread expire 8 lines
12-16 18:37:23.287  4135  4354 I service_manager_stats: [100,71,45679]
12-16 18:37:23.312  4135  4573 I chatty  : uid=1001(radio) NetworkService expire 12 lines
12-16 18:37:23.363  1735  1735 I power_screen_broadcast_done: [1,277,1]
12-16 18:37:23.455  4135  4354 I chatty  : uid=1001(radio) DcHandlerThread expire 42 lines
12-16 18:37:23.457  4135  4135 I chatty  : uid=1001(radio) com.android.phone expire 63 lines
12-16 18:37:23.494  1735  1735 I power_screen_state: [1,0,0,0,469]
12-16 18:37:25.691  1735  5155 I chatty  : uid=1000(system) Binder:1735_E expire 5 lines
12-16 18:37:26.268  1735  3796 I chatty  : uid=1000(system) Binder:1735_5 expire 10 lines
12-16 18:37:27.756  3720  3720 I chatty  : uid=10154(com.android.systemui) expire 16 lines
12-16 18:37:27.757  1735  5155 I chatty  : uid=1000(system) Binder:1735_E expire 11 lines
12-16 18:37:27.854  1735  5643 I chatty  : uid=1000(system) Binder:1735_12 expire 6 lines
12-16 18:37:27.859  1735  5155 I wm_finish_activity: [0,76495576,32,org.lineageos.jelly/.MainActivity,app-request]
12-16 18:37:27.859  1735  5155 I wm_focused_stack: [0,0,1,32,finish-top adjustFocusToNextFocusableStack]
12-16 18:37:27.860  1735  5155 I wm_task_moved: [8,1,2147483647]
12-16 18:37:27.861  1735  5155 I wm_set_resumed_activity: [0,com.android.launcher3/.uioverrides.QuickstepLauncher,finish-top adjustFocusToNextFocusableStack]
12-16 18:37:27.879  1735  5155 I wm_pause_activity: [0,76495576,org.lineageos.jelly/.MainActivity,userLeaving=false]
12-16 18:37:27.886  3650  3650 I wm_on_top_resumed_lost_called: [76495576,org.lineageos.jelly.MainActivity,topStateChangedWhenResumed]
12-16 18:37:27.891  3650  3650 I wm_on_paused_called: [76495576,org.lineageos.jelly.MainActivity,performPause]
12-16 18:37:27.893  1735  5155 I wm_add_to_stopping: [0,76495576,org.lineageos.jelly/.MainActivity,completeFinishing]
12-16 18:37:27.895  1735  5155 I wm_set_resumed_activity: [0,com.android.launcher3/.uioverrides.QuickstepLauncher,resumeTopActivityInnerLocked]
12-16 18:37:27.896  1735  5155 I wm_resume_activity: [0,47710348,8,com.android.launcher3/.uioverrides.QuickstepLauncher]
12-16 18:37:27.909  1735  1831 I chatty  : uid=1000(system) android.display expire 5 lines
12-16 18:37:27.915  3641  3641 I wm_on_restart_called: [47710348,com.android.launcher3.uioverrides.QuickstepLauncher,performRestartActivity]
12-16 18:37:27.926  3641  3641 I wm_on_start_called: [47710348,com.android.launcher3.uioverrides.QuickstepLauncher,handleStartActivity]
12-16 18:37:27.927  3641  3641 I wm_on_resume_called: [47710348,com.android.launcher3.uioverrides.QuickstepLauncher,RESUME_ACTIVITY]
12-16 18:37:27.927  3641  3641 I wm_on_top_resumed_gained_called: [47710348,com.android.launcher3.uioverrides.QuickstepLauncher,topWhenResuming]
12-16 18:37:27.988  1735  1831 I dvm_lock_sample: [system_server,1,android.display,21,WindowManagerService.java,5077,void com.android.server.wm.WindowManagerService$H.handleMessage(android.os.Message),,0,null,4]
12-16 18:37:28.376  6397 14928 I c2dm    : [8,org.telegram.messenger:0:1608140248944955,10,6]
12-16 18:37:28.396  1735  1846 I am_uid_running: 10167
12-16 18:37:28.438  1735  1847 I am_proc_start: [0,18404,10167,org.telegram.messenger,broadcast,{org.telegram.messenger/com.google.firebase.iid.FirebaseInstanceIdReceiver}]
12-16 18:37:28.449  6397 14918 I c2dm    : [-7,,11,7]
12-16 18:37:28.476  1735  5155 I am_proc_bound: [0,18404,org.telegram.messenger]
12-16 18:37:28.608  1735  1831 I wm_destroy_activity: [0,76495576,32,org.lineageos.jelly/.MainActivity,finish-imm:idle]
12-16 18:37:28.664  3650  3650 I wm_on_stop_called: [76495576,org.lineageos.jelly.MainActivity,LIFECYCLER_STOP_ACTIVITY]
12-16 18:37:28.666  3650  3650 I wm_on_destroy_called: [76495576,org.lineageos.jelly.MainActivity,performDestroy]
12-16 18:37:28.688  6397 14928 I c2dm    : [8,org.telegram.messenger:0:1608140249270825,11,7]
12-16 18:37:28.692  1735  5155 I wm_task_removed: [32,removeChild: last r=ActivityRecord{48f3ad8 u0 org.lineageos.jelly/.MainActivity t-1 f}} in t=Task{258a7d9 #32 visible=false type=standard mode=fullscreen translucent=true A=10134:org.lineageos.jelly U=0 StackId=32 sz=0}]
12-16 18:37:28.692  1735  5155 I wm_task_removed: [32,removeTask]
12-16 18:37:28.692  1735  5155 I wm_task_removed: [32,removeTask]
12-16 18:37:28.692  1735  5155 I wm_stack_removed: 32
12-16 18:37:28.945 18404 18453 I dvm_lock_sample: [org.telegram.messenger,0,storageQueue,80,LocaleController.java,221,org.telegram.messenger.LocaleController org.telegram.messenger.LocaleController.getInstance(),-,226,org.telegram.messenger.LocaleController org.telegram.messenger.LocaleController.getInstance(),16]
12-16 18:37:29.163  1735  1735 I notification_cancel_all: [1000,1735,org.telegram.messenger,0,0,0,17,NULL]
12-16 18:37:29.173  1735  1829 I commit_sys_config_file: [notification-policy,10]
12-16 18:37:29.190  1735  1829 I commit_sys_config_file: [notification-policy,18]
12-16 18:37:29.290  1735  1735 I chatty  : uid=1000 system_server expire 38 lines
12-16 18:37:29.291  1735  1735 I notification_canceled: [0|org.telegram.messenger|1|null|10167,8,777684,758199,44004,-1,-1,NULL]
12-16 18:37:29.291  1735  1735 I notification_cancel: [10167,18404,org.telegram.messenger,-1451624329,NULL,0,0,0,12,NULL]
12-16 18:37:29.292  1735  1735 I notification_canceled: [0|org.telegram.messenger|-1451624329|null|10167,12,777622,758188,0,-1,-1,NULL]
12-16 18:37:29.292  1735  1735 I notification_cancel: [10167,18404,org.telegram.messenger,-1079512191,NULL,0,0,0,12,NULL]
12-16 18:37:29.293  1735  1735 I notification_canceled: [0|org.telegram.messenger|-1079512191|null|10167,12,777534,758176,0,-1,-1,NULL]
12-16 18:37:29.293  1735  1735 I notification_cancel: [10167,18404,org.telegram.messenger,-1093134636,NULL,0,0,0,12,NULL]
12-16 18:37:29.293  1735  1735 I notification_canceled: [0|org.telegram.messenger|-1093134636|null|10167,12,777468,758166,164429,-1,-1,NULL]
12-16 18:37:29.293  1735  1735 I notification_cancel: [10167,18404,org.telegram.messenger,-1112901793,NULL,0,0,0,12,NULL]
12-16 18:37:29.294  1735  1735 I notification_canceled: [0|org.telegram.messenger|-1112901793|null|10167,12,777436,758159,164929,-1,-1,NULL]
12-16 18:37:29.294  1735  1735 I notification_cancel: [10167,18404,org.telegram.messenger,-1415478352,NULL,0,0,0,12,NULL]
12-16 18:37:29.295  1735  1735 I notification_canceled: [0|org.telegram.messenger|-1415478352|null|10167,12,777405,758152,44012,-1,-1,NULL]
12-16 18:37:29.295  1735  1735 I notification_cancel: [10167,18404,org.telegram.messenger,113908221,NULL,0,0,0,12,NULL]
12-16 18:37:29.295  1735  1735 I notification_canceled: [0|org.telegram.messenger|113908221|null|10167,12,777358,758146,44002,-1,-1,NULL]
12-16 18:37:29.295  1735  1735 I notification_cancel: [10167,18404,org.telegram.messenger,-1033364135,NULL,0,0,0,12,NULL]
12-16 18:37:29.297  1735  1735 I notification_canceled: [0|org.telegram.messenger|-1033364135|null|10167,12,777323,758140,44008,-1,-1,NULL]
12-16 18:37:29.298  1735  1735 I notification_cancel: [10167,18404,org.telegram.messenger,-1075500044,NULL,0,0,0,12,NULL]
12-16 18:37:29.298  1735  1735 I notification_canceled: [0|org.telegram.messenger|-1075500044|null|10167,12,777302,758135,44015,-1,-1,NULL]
12-16 18:37:29.298  1735  1735 I notification_cancel: [10167,18404,org.telegram.messenger,-1086804569,NULL,0,0,0,12,NULL]
12-16 18:37:29.299  1735  1735 I notification_canceled: [0|org.telegram.messenger|-1086804569|null|10167,12,777292,758128,44009,-1,-1,NULL]
12-16 18:37:29.299  1735  1735 I notification_cancel: [10167,18404,org.telegram.messenger,-1331597794,NULL,0,0,0,12,NULL]
12-16 18:37:29.300  1735  1735 I notification_canceled: [0|org.telegram.messenger|-1331597794|null|10167,12,777279,758120,44019,-1,-1,NULL]
12-16 18:37:29.368  1735  1735 I notification_enqueue: [10167,18404,org.telegram.messenger,-1260739302,NULL,0,Notification(channel=0channel-1260739302_-9054771719756885216 shortcut=ndid_-1260739302 contentView=null vibrate=null sound=null defaults=0x0 flags=0x10 color=0xff11acfa category=msg sortKey=9223370428714527807 actions=1 vis=PRIVATE),0]
12-16 18:37:29.395  6397 14918 I c2dm    : [-8,com.google.android.gsf.gtalkservice:,12,8]
12-16 18:37:29.437  6397 14918 I c2dm    : [-8,com.google.android.gsf.gtalkservice:,12,9]
12-16 18:37:29.580  1735  1735 I notification_alert: [0|org.telegram.messenger|-1260739302|null|10167,1,1,0]
12-16 18:37:29.625  6397 18492 I dvm_lock_sample: [com.google.android.gms.persisten,0,lowpool[56],193,:com.google.android.gms@204516046@20.45.16 (150400-344294571),137,void puy.fO(android.content.Context),-,26,java.util.Map pvz.t(bpgr),38]
12-16 18:37:29.671  1735  1735 I notification_enqueue: [10167,18404,org.telegram.messenger,1,NULL,0,Notification(channel=0channel777000_-4838173172893924324 shortcut=null contentView=null vibrate=null sound=null defaults=0x0 flags=0x210 color=0xff11acfa category=msg groupKey=messages vis=PRIVATE),0]
12-16 18:37:29.679  1735  1735 I notification_enqueue: [10167,18404,org.telegram.messenger,-1451624329,NULL,0,Notification(channel=Other3 shortcut=null contentView=null vibrate=null sound=null defaults=0x0 flags=0x10 color=0xff11acfa category=msg groupKey=messages sortKey=9223370432204270807 actions=1 vis=PRIVATE),0]
12-16 18:37:29.685  1735  3796 I notification_panel_revealed: 1
12-16 18:37:29.688  1735  1735 I notification_enqueue: [10167,18404,org.telegram.messenger,-1079512191,NULL,0,Notification(channel=Other3 shortcut=null contentView=null vibrate=null sound=null defaults=0x0 flags=0x10 color=0xff11acfa category=msg groupKey=messages sortKey=9223370430973423807 actions=1 vis=PRIVATE),0]
12-16 18:37:29.697  1735  1735 I notification_enqueue: [10167,18404,org.telegram.messenger,-1093134636,NULL,0,Notification(channel=Other3 shortcut=null contentView=null vibrate=null sound=null defaults=0x0 flags=0x10 color=0xff11acfa category=msg groupKey=messages sortKey=9223370429608216807 actions=1 vis=PRIVATE),0]
12-16 18:37:29.707  1735  1735 I notification_enqueue: [10167,18404,org.telegram.messenger,-1112901793,NULL,0,Notification(channel=Other3 shortcut=null contentView=null vibrate=null sound=null defaults=0x0 flags=0x10 color=0xff11acfa category=msg groupKey=messages sortKey=9223370428836131807 actions=1 vis=PRIVATE),0]
12-16 18:37:29.715  1735  1735 I notification_enqueue: [10167,18404,org.telegram.messenger,-1415478352,NULL,0,Notification(channel=Other3 shortcut=null contentView=null vibrate=null sound=null defaults=0x0 flags=0x10 color=0xff11acfa category=msg groupKey=messages sortKey=9223370428808519807 actions=1 vis=PRIVATE),0]
12-16 18:37:29.728  1735  1735 I notification_enqueue: [10167,18404,org.telegram.messenger,113908221,NULL,0,Notification(channel=Other3 shortcut=ndid_113908221 contentView=null vibrate=null sound=null defaults=0x0 flags=0x10 color=0xff11acfa category=msg groupKey=messages sortKey=9223370428778842807 actions=2 vis=PRIVATE),0]
12-16 18:37:29.736  1735  1735 I notification_enqueue: [10167,18404,org.telegram.messenger,-1033364135,NULL,0,Notification(channel=Other3 shortcut=null contentView=null vibrate=null sound=null defaults=0x0 flags=0x10 color=0xff11acfa category=msg groupKey=messages sortKey=9223370428719124807 actions=1 vis=PRIVATE),0]
12-16 18:37:29.743  1735  1735 I notification_enqueue: [10167,18404,org.telegram.messenger,-1075500044,NULL,0,Notification(channel=Other3 shortcut=null contentView=null vibrate=null sound=null defaults=0x0 flags=0x10 color=0xff11acfa category=msg groupKey=messages sortKey=9223370428719046807 actions=1 vis=PRIVATE),0]
12-16 18:37:29.757  1735  1735 I notification_enqueue: [10167,18404,org.telegram.messenger,-1086804569,NULL,0,Notification(channel=Other3 shortcut=null contentView=null vibrate=null sound=null defaults=0x0 flags=0x10 color=0xff11acfa category=msg groupKey=messages sortKey=9223370428718715807 actions=1 vis=PRIVATE),0]
12-16 18:37:29.769  1735  1735 I notification_enqueue: [10167,18404,org.telegram.messenger,-1331597794,NULL,0,Notification(channel=Other3 shortcut=null contentView=null vibrate=null sound=null defaults=0x0 flags=0x10 color=0xff11acfa category=msg groupKey=messages sortKey=9223370428717793807 actions=1 vis=PRIVATE),0]
12-16 18:37:29.772  1735  1735 I notification_canceled: [0|org.telegram.messenger|-1260739302|null|10167,8,404,404,0,-1,-1,NULL]
12-16 18:37:29.836  1735  1829 I commit_sys_config_file: [notification-policy,60]
12-16 18:37:29.925  1735  3804 I chatty  : uid=1000(system) Binder:1735_B expire 4 lines
12-16 18:37:29.926  1735  3804 I notification_panel_revealed: 6
12-16 18:37:30.920  1735  1735 I notification_enqueue: [10167,18404,org.telegram.messenger,1,NULL,0,Notification(channel=0channel-1260739302_-9054771719756885216 shortcut=null contentView=null vibrate=null sound=null tick defaults=0x0 flags=0x211 color=0xff11acfa category=msg groupKey=messages vis=PRIVATE),1]
12-16 18:37:30.941  1735  1735 I notification_enqueue: [10167,18404,org.telegram.messenger,-1451624329,NULL,0,Notification(channel=Other3 shortcut=null contentView=null vibrate=null sound=null defaults=0x0 flags=0x10 color=0xff11acfa category=msg groupKey=messages sortKey=9223370432204270807 actions=1 vis=PRIVATE),1]
12-16 18:37:30.959  1735  1735 I notification_enqueue: [10167,18404,org.telegram.messenger,-1079512191,NULL,0,Notification(channel=Other3 shortcut=null contentView=null vibrate=null sound=null defaults=0x0 flags=0x10 color=0xff11acfa category=msg groupKey=messages sortKey=9223370430973423807 actions=1 vis=PRIVATE),1]
12-16 18:37:30.974  1735  1735 I notification_enqueue: [10167,18404,org.telegram.messenger,-1093134636,NULL,0,Notification(channel=Other3 shortcut=null contentView=null vibrate=null sound=null defaults=0x0 flags=0x10 color=0xff11acfa category=msg groupKey=messages sortKey=9223370429608216807 actions=1 vis=PRIVATE),1]
12-16 18:37:30.999  1735  1735 I notification_enqueue: [10167,18404,org.telegram.messenger,-1112901793,NULL,0,Notification(channel=Other3 shortcut=null contentView=null vibrate=null sound=null defaults=0x0 flags=0x10 color=0xff11acfa category=msg groupKey=messages sortKey=9223370428836131807 actions=1 vis=PRIVATE),1]
12-16 18:37:31.013  1735  1735 I notification_enqueue: [10167,18404,org.telegram.messenger,-1415478352,NULL,0,Notification(channel=Other3 shortcut=null contentView=null vibrate=null sound=null defaults=0x0 flags=0x10 color=0xff11acfa category=msg groupKey=messages sortKey=9223370428808519807 actions=1 vis=PRIVATE),1]
12-16 18:37:31.031  1735  1735 I notification_enqueue: [10167,18404,org.telegram.messenger,113908221,NULL,0,Notification(channel=Other3 shortcut=ndid_113908221 contentView=null vibrate=null sound=null defaults=0x0 flags=0x10 color=0xff11acfa category=msg groupKey=messages sortKey=9223370428778842807 actions=2 vis=PRIVATE),1]
12-16 18:37:31.044  1735  1735 I notification_enqueue: [10167,18404,org.telegram.messenger,-1033364135,NULL,0,Notification(channel=Other3 shortcut=null contentView=null vibrate=null sound=null defaults=0x0 flags=0x10 color=0xff11acfa category=msg groupKey=messages sortKey=9223370428719124807 actions=1 vis=PRIVATE),1]
12-16 18:37:31.061  1735  1735 I notification_enqueue: [10167,18404,org.telegram.messenger,-1075500044,NULL,0,Notification(channel=Other3 shortcut=null contentView=null vibrate=null sound=null defaults=0x0 flags=0x10 color=0xff11acfa category=msg groupKey=messages sortKey=9223370428719046807 actions=1 vis=PRIVATE),1]
12-16 18:37:31.087  1735  1735 I notification_enqueue: [10167,18404,org.telegram.messenger,-1086804569,NULL,0,Notification(channel=Other3 shortcut=null contentView=null vibrate=null sound=null defaults=0x0 flags=0x10 color=0xff11acfa category=msg groupKey=messages sortKey=9223370428718715807 actions=1 vis=PRIVATE),1]
12-16 18:37:31.101  1735  1735 I notification_enqueue: [10167,18404,org.telegram.messenger,-1331597794,NULL,0,Notification(channel=Other3 shortcut=null contentView=null vibrate=null sound=null defaults=0x0 flags=0x10 color=0xff11acfa category=msg groupKey=messages sortKey=9223370428717793807 actions=1 vis=PRIVATE),1]
12-16 18:37:31.124  1735  1735 I notification_alert: [0|org.telegram.messenger|1|null|10167,1,1,0]
12-16 18:37:31.809  1735  5155 I notification_visibility: [0|org.telegram.messenger|-1331597794|null|10167,1,2040,708,0,4]
12-16 18:37:31.809  1735  5155 I notification_visibility: [0|org.telegram.messenger|-1075500044|null|10167,1,2067,750,0,6]
12-16 18:37:31.814  1735  5155 I notification_visibility: [0|org.telegram.messenger|1|null|10167,1,2140,891,0,0]
12-16 18:37:31.816  1735  5155 I notification_visibility: [0|org.telegram.messenger|-1086804569|null|10167,1,2062,730,0,5]
12-16 18:37:31.817  1735  5155 I notification_visibility: [0|org.telegram.messenger|113908221|null|10167,1,2090,788,0,2]
12-16 18:37:31.833  1735  5638 I am_uid_active: 10167
12-16 18:37:31.837  1735  5638 I wm_task_created: [37,-1]
12-16 18:37:31.838  1735  5638 I wm_stack_created: 37
12-16 18:37:31.845  1735  5638 I wm_create_task: [0,37]
12-16 18:37:31.846  1735  5638 I wm_create_activity: [0,29465919,37,org.telegram.messenger/org.telegram.ui.LaunchActivity,com.tmessages.openchat0.66418992341869122147483647,NULL,NULL,268468224]
12-16 18:37:31.846  3641  3641 I wm_on_top_resumed_lost_called: [47710348,com.android.launcher3.uioverrides.QuickstepLauncher,topStateChangedWhenResumed]
12-16 18:37:31.847  1735  5638 I wm_pause_activity: [0,47710348,com.android.launcher3/.uioverrides.QuickstepLauncher,userLeaving=false]
12-16 18:37:31.859  3641  3641 I wm_on_paused_called: [47710348,com.android.launcher3.uioverrides.QuickstepLauncher,performPause]
12-16 18:37:31.861  1735  8823 I wm_add_to_stopping: [0,47710348,com.android.launcher3/.uioverrides.QuickstepLauncher,makeInvisible]
12-16 18:37:31.864  1735  8823 I wm_restart_activity: [0,29465919,37,org.telegram.messenger/org.telegram.ui.LaunchActivity]
12-16 18:37:31.866  1735  8823 I wm_set_resumed_activity: [0,org.telegram.messenger/org.telegram.ui.LaunchActivity,minimalResumeActivityLocked]
12-16 18:37:31.928  1735  3796 I notification_visibility: [0|org.telegram.messenger|-1331597794|null|10167,0,2160,828,0,4]
12-16 18:37:31.929  1735  3796 I notification_visibility: [0|org.telegram.messenger|-1075500044|null|10167,0,2186,869,0,6]
12-16 18:37:31.929  1735  3796 I notification_visibility: [0|org.telegram.messenger|1|null|10167,0,2259,1010,0,0]
12-16 18:37:31.929  1735  3796 I notification_visibility: [0|org.telegram.messenger|-1086804569|null|10167,0,2175,843,0,5]
12-16 18:37:31.930  1735  3796 I notification_visibility: [0|org.telegram.messenger|113908221|null|10167,0,2204,902,0,2]
12-16 18:37:31.932  1735  3804 I notification_panel_hidden: 
12-16 18:37:32.432  6397 14928 I c2dm    : [8,org.telegram.messenger:0:1608140253012729,12,9]
12-16 18:37:32.620 18404 18404 I wm_on_create_called: [29465919,org.telegram.ui.LaunchActivity,performCreate]
12-16 18:37:32.649 18404 18404 I wm_on_start_called: [29465919,org.telegram.ui.LaunchActivity,handleStartActivity]
12-16 18:37:32.658 18404 18404 I wm_on_resume_called: [29465919,org.telegram.ui.LaunchActivity,RESUME_ACTIVITY]
12-16 18:37:32.675 18404 18404 I wm_on_top_resumed_gained_called: [29465919,org.telegram.ui.LaunchActivity,topStateChangedWhenResumed]
12-16 18:37:32.954  1735  1844 I chatty  : uid=1000(system) android.bg expire 10 lines
12-16 18:37:32.956  1735  1844 I wm_activity_launch_time: [0,29465919,org.telegram.messenger/org.telegram.ui.LaunchActivity,1111]
12-16 18:37:33.193  1735  1735 I notification_enqueue: [10167,18404,org.telegram.messenger,1,NULL,0,Notification(channel=0channel777000_-4838173172893924324 shortcut=null contentView=null vibrate=null sound=null defaults=0x0 flags=0x210 color=0xff11acfa category=msg groupKey=messages vis=PRIVATE),1]
12-16 18:37:33.208  1735  1735 I notification_enqueue: [10167,18404,org.telegram.messenger,-1451624329,NULL,0,Notification(channel=Other3 shortcut=null contentView=null vibrate=null sound=null defaults=0x0 flags=0x10 color=0xff11acfa category=msg groupKey=messages sortKey=9223370432204270807 actions=1 vis=PRIVATE),1]
12-16 18:37:33.220  1735  1735 I notification_enqueue: [10167,18404,org.telegram.messenger,-1079512191,NULL,0,Notification(channel=Other3 shortcut=null contentView=null vibrate=null sound=null defaults=0x0 flags=0x10 color=0xff11acfa category=msg groupKey=messages sortKey=9223370430973423807 actions=1 vis=PRIVATE),1]
12-16 18:37:33.261  1735  1735 I notification_enqueue: [10167,18404,org.telegram.messenger,-1093134636,NULL,0,Notification(channel=Other3 shortcut=null contentView=null vibrate=null sound=null defaults=0x0 flags=0x10 color=0xff11acfa category=msg groupKey=messages sortKey=9223370429608216807 actions=1 vis=PRIVATE),1]
12-16 18:37:33.313  1735  1735 I notification_enqueue: [10167,18404,org.telegram.messenger,-1112901793,NULL,0,Notification(channel=Other3 shortcut=null contentView=null vibrate=null sound=null defaults=0x0 flags=0x10 color=0xff11acfa category=msg groupKey=messages sortKey=9223370428836131807 actions=1 vis=PRIVATE),1]
12-16 18:37:33.363  1735  1735 I notification_enqueue: [10167,18404,org.telegram.messenger,-1415478352,NULL,0,Notification(channel=Other3 shortcut=null contentView=null vibrate=null sound=null defaults=0x0 flags=0x10 color=0xff11acfa category=msg groupKey=messages sortKey=9223370428808519807 actions=1 vis=PRIVATE),1]
12-16 18:37:33.402  1735  1735 I notification_enqueue: [10167,18404,org.telegram.messenger,113908221,NULL,0,Notification(channel=Other3 shortcut=ndid_113908221 contentView=null vibrate=null sound=null defaults=0x0 flags=0x10 color=0xff11acfa category=msg groupKey=messages sortKey=9223370428778842807 actions=2 vis=PRIVATE),1]
12-16 18:37:33.448  1735  1735 I notification_enqueue: [10167,18404,org.telegram.messenger,-1033364135,NULL,0,Notification(channel=Other3 shortcut=null contentView=null vibrate=null sound=null defaults=0x0 flags=0x10 color=0xff11acfa category=msg groupKey=messages sortKey=9223370428719124807 actions=1 vis=PRIVATE),1]
12-16 18:37:33.492  1735  1735 I notification_enqueue: [10167,18404,org.telegram.messenger,-1075500044,NULL,0,Notification(channel=Other3 shortcut=null contentView=null vibrate=null sound=null defaults=0x0 flags=0x10 color=0xff11acfa category=msg groupKey=messages sortKey=9223370428719046807 actions=1 vis=PRIVATE),1]
12-16 18:37:33.509  1735  1735 I notification_enqueue: [10167,18404,org.telegram.messenger,-1086804569,NULL,0,Notification(channel=Other3 shortcut=null contentView=null vibrate=null sound=null defaults=0x0 flags=0x10 color=0xff11acfa category=msg groupKey=messages sortKey=9223370428718715807 actions=1 vis=PRIVATE),1]
12-16 18:37:33.530  1735  1735 I notification_enqueue: [10167,18404,org.telegram.messenger,-1331597794,NULL,0,Notification(channel=Other3 shortcut=null contentView=null vibrate=null sound=null defaults=0x0 flags=0x10 color=0xff11acfa category=msg groupKey=messages sortKey=9223370428717793807 actions=1 vis=PRIVATE),1]
12-16 18:37:33.613  1735  8823 I wm_stop_activity: [0,47710348,com.android.launcher3/.uioverrides.QuickstepLauncher]
12-16 18:37:33.617  3641  3641 I wm_on_stop_called: [47710348,com.android.launcher3.uioverrides.QuickstepLauncher,STOP_ACTIVITY_ITEM]
12-16 18:37:33.713  1735  1735 I notification_enqueue: [10167,18404,org.telegram.messenger,1,NULL,0,Notification(channel=0channel777000_-4838173172893924324 shortcut=null contentView=null vibrate=null sound=null defaults=0x0 flags=0x210 color=0xff11acfa category=msg groupKey=messages vis=PRIVATE),1]
12-16 18:37:35.763  1735  3804 I wm_task_created: [38,-1]
12-16 18:37:35.763  1735  3804 I wm_stack_created: 38
12-16 18:37:35.769  1735  3804 I wm_create_task: [0,38]
12-16 18:37:35.769  1735  3804 I wm_create_activity: [0,103174807,38,org.lineageos.jelly/.MainActivity,android.intent.action.VIEW,NULL,https://jenkins.home.kiam001.tk/...,403177472]
12-16 18:37:35.771  1735  3804 I wm_pause_activity: [0,29465919,org.telegram.messenger/org.telegram.ui.LaunchActivity,userLeaving=true]
12-16 18:37:35.811 18404 18404 I wm_on_top_resumed_lost_called: [29465919,org.telegram.ui.LaunchActivity,topStateChangedWhenResumed]
12-16 18:37:35.835 18404 18404 I wm_on_paused_called: [29465919,org.telegram.ui.LaunchActivity,performPause]
12-16 18:37:35.845  1735  5638 I wm_add_to_stopping: [0,29465919,org.telegram.messenger/org.telegram.ui.LaunchActivity,makeInvisible]
12-16 18:37:35.847  1735  5638 I wm_restart_activity: [0,103174807,38,org.lineageos.jelly/.MainActivity]
12-16 18:37:35.850  1735  5638 I wm_set_resumed_activity: [0,org.lineageos.jelly/.MainActivity,minimalResumeActivityLocked]
12-16 18:37:35.898  1735  3804 I dvm_lock_sample: [system_server,1,Binder:1735_B,48,ActivityTaskManagerService.java,2151,int com.android.server.wm.ActivityTaskManagerService.getDisplayId(android.os.IBinder),,0,null,9]
12-16 18:37:35.899  1735  8823 I dvm_lock_sample: [system_server,1,Binder:1735_1E,23,ActivityTaskManagerService.java,4507,int com.android.server.wm.ActivityTaskManagerService.getLastResumedActivityUserId(),,0,null,4]
12-16 18:37:36.015  3650  3650 I wm_on_create_called: [103174807,org.lineageos.jelly.MainActivity,performCreate]
12-16 18:37:36.020  3650  3650 I wm_on_start_called: [103174807,org.lineageos.jelly.MainActivity,handleStartActivity]
12-16 18:37:36.021  3650  3650 I wm_on_resume_called: [103174807,org.lineageos.jelly.MainActivity,RESUME_ACTIVITY]
12-16 18:37:36.031  3650  3650 I wm_on_top_resumed_gained_called: [103174807,org.lineageos.jelly.MainActivity,topStateChangedWhenResumed]
12-16 18:37:36.136  1735  1844 I wm_activity_launch_time: [0,103174807,org.lineageos.jelly/.MainActivity,363]
12-16 18:37:36.479  1735  1831 I wm_stop_activity: [0,29465919,org.telegram.messenger/org.telegram.ui.LaunchActivity]
12-16 18:37:36.500 18404 18404 I wm_on_stop_called: [29465919,org.telegram.ui.LaunchActivity,STOP_ACTIVITY_ITEM]
12-16 18:37:44.208  1735  1844 I am_pss  : [9412,1000,org.lineageos.lineageparts,20579328,16138240,0,96210944,0,19,9]
12-16 18:37:57.588  1735  3598 I battery_level: [59,3641,210]
12-16 18:38:00.060  1735  1844 I am_pss  : [18404,10167,org.telegram.messenger,89317376,82927616,0,172769280,0,15,10]
12-16 18:38:14.068  3720  3780 I service_manager_stats: [200,226,194390]
12-16 18:38:16.856  4135  4344 I chatty  : uid=1001(radio) HwBinder:4135_1 expire 15 lines
12-16 18:38:26.639  1735  2221 I intercept_power: [ACTION_DOWN,1,0]
12-16 18:38:26.651  1735  2221 I chatty  : uid=1000(system) InputReader identical 4 lines
12-16 18:38:26.687  1735  1847 I am_proc_start: [0,18581,10154,com.android.systemui:screenshot,service,{com.android.systemui/com.android.systemui.screenshot.TakeScreenshotService}]
12-16 18:38:26.735  1735  5155 I am_proc_bound: [0,18581,com.android.systemui:screenshot]
12-16 18:38:27.190  1735  1844 I am_pss  : [18404,10167,org.telegram.messenger,87904256,81260544,0,172376064,0,15,9]
12-16 18:38:27.663  1735  2221 I intercept_power: [ACTION_UP,1,0]
12-16 18:38:31.985  1735  1828 I wm_task_moved: [8,1,2147483647]
12-16 18:38:31.985  3650  3650 I wm_on_top_resumed_lost_called: [103174807,org.lineageos.jelly.MainActivity,topStateChangedWhenResumed]
12-16 18:38:31.986  1735  1828 I wm_task_moved: [8,1,2147483647]
12-16 18:38:31.988  1735  1828 I wm_set_resumed_activity: [0,com.android.launcher3/.uioverrides.QuickstepLauncher,bringingFoundTaskToFront]
12-16 18:38:31.988  1735  1828 I wm_task_to_front: [0,8]
12-16 18:38:31.989  1735  1828 I wm_new_intent: [0,47710348,8,com.android.launcher3/.uioverrides.QuickstepLauncher,android.intent.action.MAIN,NULL,NULL,268435712]
12-16 18:38:31.990  1735  1828 I wm_pause_activity: [0,103174807,org.lineageos.jelly/.MainActivity,userLeaving=true]
12-16 18:38:31.992  1735  1828 I wm_add_to_stopping: [0,103174807,org.lineageos.jelly/.MainActivity,makeInvisible]
12-16 18:38:31.993  1735  1828 I wm_set_resumed_activity: [0,com.android.launcher3/.uioverrides.QuickstepLauncher,resumeTopActivityInnerLocked]
12-16 18:38:31.994  1735  1828 I wm_resume_activity: [0,47710348,8,com.android.launcher3/.uioverrides.QuickstepLauncher]
12-16 18:38:32.007  3650  3650 I wm_on_paused_called: [103174807,org.lineageos.jelly.MainActivity,performPause]
12-16 18:38:32.026  3641  3641 I wm_on_restart_called: [47710348,com.android.launcher3.uioverrides.QuickstepLauncher,performRestartActivity]
12-16 18:38:32.039  3641  3641 I wm_on_start_called: [47710348,com.android.launcher3.uioverrides.QuickstepLauncher,handleStartActivity]
12-16 18:38:32.040  3641  3641 I wm_on_resume_called: [47710348,com.android.launcher3.uioverrides.QuickstepLauncher,RESUME_ACTIVITY]
12-16 18:38:32.042  3641  3641 I wm_on_top_resumed_gained_called: [47710348,com.android.launcher3.uioverrides.QuickstepLauncher,topStateChangedWhenResumed]
12-16 18:38:32.606  1735  1831 I wm_stop_activity: [0,103174807,org.lineageos.jelly/.MainActivity]
12-16 18:38:32.664  3650  3650 I wm_on_stop_called: [103174807,org.lineageos.jelly.MainActivity,STOP_ACTIVITY_ITEM]
12-16 18:38:32.849  3641  3641 I chatty  : uid=10150(com.android.launcher3) expire 2 lines
12-16 18:38:34.666  1735  1735 I service_manager_stats: [100,108,111781]
12-16 18:38:34.750  1735  5155 I wm_focused_stack: [0,0,37,1,positionChildAtTop]
12-16 18:38:34.757  1735  5155 I wm_set_resumed_activity: [0,org.telegram.messenger/org.telegram.ui.LaunchActivity,bringingFoundTaskToFront]
12-16 18:38:34.757  1735  5155 I wm_task_to_front: [0,37]
12-16 18:38:34.758  1735  5155 I wm_new_intent: [0,29465919,37,org.telegram.messenger/org.telegram.ui.LaunchActivity,com.tmessages.openchat0.66418992341869122147483647,NULL,NULL,268468224]
12-16 18:38:34.759  1735  5155 I wm_pause_activity: [0,47710348,com.android.launcher3/.uioverrides.QuickstepLauncher,userLeaving=true]
12-16 18:38:34.793  3641  3641 I wm_on_top_resumed_lost_called: [47710348,com.android.launcher3.uioverrides.QuickstepLauncher,topStateChangedWhenResumed]
12-16 18:38:34.801  3641  3641 I wm_on_paused_called: [47710348,com.android.launcher3.uioverrides.QuickstepLauncher,performPause]
12-16 18:38:34.806  1735  3804 I wm_set_resumed_activity: [0,org.telegram.messenger/org.telegram.ui.LaunchActivity,resumeTopActivityInnerLocked]
12-16 18:38:34.806  1735  3804 I wm_add_to_stopping: [0,47710348,com.android.launcher3/.uioverrides.QuickstepLauncher,makeInvisible]
12-16 18:38:34.808  1735  3804 I wm_resume_activity: [0,29465919,37,org.telegram.messenger/org.telegram.ui.LaunchActivity]
12-16 18:38:34.850 18404 18404 I wm_on_restart_called: [29465919,org.telegram.ui.LaunchActivity,performRestartActivity]
