12-16 18:21:03.692  1735  1844 I am_pss  : [15922,99006,com.android.webview:sandboxed_process0:org.chromium.content.app.SandboxedProcessService0:0,39632896,31440896,0,95092736,0,17,13]
12-16 18:21:09.668  1735  1846 I am_uid_idle: 10158
12-16 18:21:13.546  4135  4135 I service_manager_stats: [100,70,45091]
12-16 18:21:18.446  1735  1844 I am_pss  : [9411,10167,org.telegram.messenger,103024640,96157696,0,187338752,0,2,21]
12-16 18:21:24.164  1735  1844 I am_pss  : [3650,10134,org.lineageos.jelly,68050944,60268544,0,156667904,0,16,9]
12-16 18:21:24.173  1735  1844 I am_pss  : [15922,99006,com.android.webview:sandboxed_process0:org.chromium.content.app.SandboxedProcessService0:0,39699456,31473664,0,95195136,0,17,6]
12-16 18:21:24.196  6397 14928 I c2dm    : [8,org.telegram.messenger:0:1608139284746312,3,3]
12-16 18:21:31.583  1735  1735 I service_manager_stats: [100,120,74284]
12-16 18:21:37.167  1735  1846 I am_uid_idle: 99006
12-16 18:21:37.168  1735  1846 I am_uid_idle: 10134
12-16 18:21:42.635  1735  2165 I commit_sys_config_file: [settings-1-0,18]
12-16 18:21:43.310  1735  4621 I wm_task_moved: [8,1,2147483647]
12-16 18:21:43.312  9411  9411 I wm_on_top_resumed_lost_called: [212412651,org.telegram.ui.LaunchActivity,topStateChangedWhenResumed]
12-16 18:21:43.313  1735  4621 I wm_task_moved: [8,1,2147483647]
12-16 18:21:43.314  1735  4621 I wm_set_resumed_activity: [0,com.android.launcher3/.uioverrides.QuickstepLauncher,bringingFoundTaskToFront]
12-16 18:21:43.316  1735  4621 I wm_task_to_front: [0,8]
12-16 18:21:43.318  1735  4621 I wm_new_intent: [0,47710348,8,com.android.launcher3/.uioverrides.QuickstepLauncher,android.intent.action.MAIN,NULL,NULL,268435712]
12-16 18:21:43.319  1735  4621 I wm_pause_activity: [0,212412651,org.telegram.messenger/org.telegram.ui.LaunchActivity,userLeaving=true]
12-16 18:21:43.323  1735  4621 I wm_add_to_stopping: [0,212412651,org.telegram.messenger/org.telegram.ui.LaunchActivity,makeInvisible]
12-16 18:21:43.324  1735  4621 I wm_set_resumed_activity: [0,com.android.launcher3/.uioverrides.QuickstepLauncher,resumeTopActivityInnerLocked]
12-16 18:21:43.326  1735  4621 I wm_resume_activity: [0,47710348,8,com.android.launcher3/.uioverrides.QuickstepLauncher]
12-16 18:21:43.340  3641  3641 I wm_on_restart_called: [47710348,com.android.launcher3.uioverrides.QuickstepLauncher,performRestartActivity]
12-16 18:21:43.342  1735  1831 I dvm_lock_sample: [system_server,1,android.display,27,WindowManagerService.java,4801,void com.android.server.wm.WindowManagerService$H.handleMessage(android.os.Message),,0,null,5]
12-16 18:21:43.357  3641  3641 I wm_on_start_called: [47710348,com.android.launcher3.uioverrides.QuickstepLauncher,handleStartActivity]
12-16 18:21:43.374  3641  3641 I wm_on_resume_called: [47710348,com.android.launcher3.uioverrides.QuickstepLauncher,RESUME_ACTIVITY]
12-16 18:21:43.375  9411  9411 I wm_on_paused_called: [212412651,org.telegram.ui.LaunchActivity,performPause]
12-16 18:21:43.418  3641  3641 I wm_on_top_resumed_gained_called: [47710348,com.android.launcher3.uioverrides.QuickstepLauncher,topStateChangedWhenResumed]
12-16 18:21:43.711  1735  1831 I wm_stop_activity: [0,212412651,org.telegram.messenger/org.telegram.ui.LaunchActivity]
12-16 18:21:43.735  9411  9411 I wm_on_stop_called: [212412651,org.telegram.ui.LaunchActivity,STOP_ACTIVITY_ITEM]
12-16 18:21:44.271  1735  5155 I wm_focused_stack: [0,0,31,1,positionChildAtTop]
12-16 18:21:44.276  1735  5155 I wm_set_resumed_activity: [0,org.telegram.messenger/org.telegram.ui.LaunchActivity,moveTaskToFront findTaskToMoveToFront]
12-16 18:21:44.277  1735  5155 I wm_pause_activity: [0,47710348,com.android.launcher3/.uioverrides.QuickstepLauncher,userLeaving=true]
12-16 18:21:44.278  1735  5155 I wm_task_to_front: [0,31]
12-16 18:21:44.295  3641  3641 I wm_on_top_resumed_lost_called: [47710348,com.android.launcher3.uioverrides.QuickstepLauncher,topStateChangedWhenResumed]
12-16 18:21:44.297  3641  3641 I wm_on_paused_called: [47710348,com.android.launcher3.uioverrides.QuickstepLauncher,performPause]
12-16 18:21:44.306  1735  3797 I wm_set_resumed_activity: [0,org.telegram.messenger/org.telegram.ui.LaunchActivity,resumeTopActivityInnerLocked]
12-16 18:21:44.306  1735  3797 I wm_add_to_stopping: [0,47710348,com.android.launcher3/.uioverrides.QuickstepLauncher,makeInvisible]
12-16 18:21:44.309  1735  3797 I wm_resume_activity: [0,212412651,31,org.telegram.messenger/org.telegram.ui.LaunchActivity]
12-16 18:21:44.347  1735  4621 I dvm_lock_sample: [system_server,1,Binder:1735_D,14,ActivityTaskManagerService.java,4507,int com.android.server.wm.ActivityTaskManagerService.getLastResumedActivityUserId(),,0,null,2]
12-16 18:21:44.354  9411  9411 I wm_on_restart_called: [212412651,org.telegram.ui.LaunchActivity,performRestartActivity]
12-16 18:21:44.383  9411  9411 I wm_on_start_called: [212412651,org.telegram.ui.LaunchActivity,handleStartActivity]
12-16 18:21:44.390  9411  9411 I wm_on_resume_called: [212412651,org.telegram.ui.LaunchActivity,RESUME_ACTIVITY]
12-16 18:21:44.390  9411  9411 I wm_on_top_resumed_gained_called: [212412651,org.telegram.ui.LaunchActivity,topWhenResuming]
12-16 18:21:44.417  1735  5640 I dvm_lock_sample: [system_server,1,Binder:1735_11,5,ActivityTaskManagerService.java,2699,java.util.List com.android.server.wm.ActivityTaskManagerService.getFilteredTasks(int, boolean),-,2922,android.app.ActivityManager$StackInfo com.android.server.wm.ActivityTaskManagerService.getStackInfo(int, int),1]
12-16 18:21:44.701  1735  1831 I wm_stop_activity: [0,47710348,com.android.launcher3/.uioverrides.QuickstepLauncher]
12-16 18:21:44.728  3641  3641 I wm_on_stop_called: [47710348,com.android.launcher3.uioverrides.QuickstepLauncher,STOP_ACTIVITY_ITEM]
12-16 18:21:45.085  4135  4344 I chatty  : uid=1001(radio) HwBinder:4135_1 expire 9 lines
12-16 18:21:45.787  1735  3800 I wm_create_activity: [0,210628932,31,com.android.permissioncontroller/.permission.ui.GrantPermissionsActivity,android.content.pm.action.REQUEST_PERMISSIONS,NULL,NULL,8388608]
12-16 18:21:45.788  1735  3800 I wm_pause_activity: [0,212412651,org.telegram.messenger/org.telegram.ui.LaunchActivity,userLeaving=true]
12-16 18:21:45.800  9411  9411 I wm_on_top_resumed_lost_called: [212412651,org.telegram.ui.LaunchActivity,topStateChangedWhenResumed]
12-16 18:21:45.817  9411  9411 I wm_on_paused_called: [212412651,org.telegram.ui.LaunchActivity,performPause]
12-16 18:21:45.820  1735  3800 I wm_restart_activity: [0,210628932,31,com.android.permissioncontroller/.permission.ui.GrantPermissionsActivity]
12-16 18:21:45.825  1735  3800 I wm_set_resumed_activity: [0,com.android.permissioncontroller/.permission.ui.GrantPermissionsActivity,minimalResumeActivityLocked]
12-16 18:21:45.835  1735  1831 I am_uid_active: 10158
12-16 18:21:45.951  3748  3748 I wm_on_create_called: [210628932,com.android.permissioncontroller.permission.ui.GrantPermissionsActivity,performCreate]
12-16 18:21:45.960  3748  3748 I wm_on_start_called: [210628932,com.android.permissioncontroller.permission.ui.GrantPermissionsActivity,handleStartActivity]
12-16 18:21:45.964  3748  3748 I wm_on_resume_called: [210628932,com.android.permissioncontroller.permission.ui.GrantPermissionsActivity,RESUME_ACTIVITY]
12-16 18:21:45.972  3748  3748 I wm_on_top_resumed_gained_called: [210628932,com.android.permissioncontroller.permission.ui.GrantPermissionsActivity,topStateChangedWhenResumed]
12-16 18:21:46.051  1735  5155 I dvm_lock_sample: [system_server,1,Binder:1735_E,11,ActivityTaskManagerService.java,4507,int com.android.server.wm.ActivityTaskManagerService.getLastResumedActivityUserId(),WindowSurfacePlacer.java,59,void com.android.server.wm.WindowSurfacePlacer$Traverser.run(),2]
12-16 18:21:46.052  1735  1844 I wm_activity_launch_time: [0,210628932,com.android.permissioncontroller/.permission.ui.GrantPermissionsActivity,257]
12-16 18:21:47.064  1735  3797 I chatty  : uid=1000(system) Binder:1735_6 expire 1 line
12-16 18:21:47.107  3748  3748 I snet_event_log: [individual_permissions_requested,10167,org.telegram.messenger:;android.permission.CAMERA|true|769]
12-16 18:21:47.109  1735  3800 I wm_finish_activity: [0,210628932,31,com.android.permissioncontroller/.permission.ui.GrantPermissionsActivity,app-request]
12-16 18:21:47.142  1735  3800 I wm_pause_activity: [0,210628932,com.android.permissioncontroller/.permission.ui.GrantPermissionsActivity,userLeaving=false]
12-16 18:21:47.150  3748  3748 I wm_on_top_resumed_lost_called: [210628932,com.android.permissioncontroller.permission.ui.GrantPermissionsActivity,topStateChangedWhenResumed]
12-16 18:21:47.152  3748  3748 I wm_on_paused_called: [210628932,com.android.permissioncontroller.permission.ui.GrantPermissionsActivity,performPause]
12-16 18:21:47.159  1735  4621 I wm_set_resumed_activity: [0,org.telegram.messenger/org.telegram.ui.LaunchActivity,resumeTopActivityInnerLocked]
12-16 18:21:47.161  1735  4621 I wm_resume_activity: [0,212412651,31,org.telegram.messenger/org.telegram.ui.LaunchActivity]
12-16 18:21:47.163  1735  4621 I wm_destroy_activity: [0,210628932,31,com.android.permissioncontroller/.permission.ui.GrantPermissionsActivity,finish-imm:completePausedLocked]
12-16 18:21:47.169  9411  9411 I wm_on_activity_result_called: [212412651,org.telegram.ui.LaunchActivity,ACTIVITY_RESULT]
12-16 18:21:47.174  9411  9411 I wm_on_resume_called: [212412651,org.telegram.ui.LaunchActivity,RESUME_ACTIVITY]
12-16 18:21:47.174  9411  9411 I wm_on_top_resumed_gained_called: [212412651,org.telegram.ui.LaunchActivity,topWhenResuming]
12-16 18:21:47.191  9411  9411 I auditd  : type=1400 audit(0.0:99): avc: denied { read } for comm="pool-21-thread-" name="u:object_r:exported_camera_prop:s0" dev="tmpfs" ino=11254 scontext=u:r:untrusted_app_27:s0:c167,c256,c512,c768 tcontext=u:object_r:exported_camera_prop:s0 tclass=file permissive=0 app=org.telegram.messenger
12-16 18:21:47.197  3748  3748 I wm_on_stop_called: [210628932,com.android.permissioncontroller.permission.ui.GrantPermissionsActivity,LIFECYCLER_STOP_ACTIVITY]
12-16 18:21:47.198  3748  3748 I wm_on_destroy_called: [210628932,com.android.permissioncontroller.permission.ui.GrantPermissionsActivity,performDestroy]
12-16 18:21:47.481  1735  2165 I commit_sys_config_file: [settings-2-0,21]
12-16 18:21:47.913  1735  2165 I commit_sys_config_file: [settings-2-0,14]
12-16 18:21:48.532  1735  1846 I am_uid_idle: 10158
12-16 18:21:48.533  1735  1846 I am_uid_idle: 10129
12-16 18:21:54.328  1735  1846 I am_uid_idle: 10090
12-16 18:21:56.069  1735  3800 I am_proc_died: [0,15915,com.android.webview:webview_service,965,19]
12-16 18:21:56.069  1735  3800 I am_uid_stopped: 10138
12-16 18:21:56.187  1735  3801 I am_proc_died: [0,10387,com.android.webview:sandboxed_process0:org.chromium.content.app.SandboxedProcessService0:0,950,17]
12-16 18:21:56.188  1735  3801 I am_schedule_service_restart: [0,org.freeandroidtools.safetynettest/org.chromium.content.app.SandboxedProcessService0:0,1000]
12-16 18:21:56.188  1735  3801 I am_uid_stopped: 99003
12-16 18:21:56.189  1735  3801 I am_mem_factor: [1,0]
12-16 18:21:56.240  1735  6394 I am_proc_died: [0,8836,com.google.android.gms.ui,950,18]
12-16 18:21:56.380  1735  3802 I am_uid_running: 99007
12-16 18:21:56.438  1735  1847 I am_proc_start: [0,16764,99007,com.android.webview:sandboxed_process0:org.chromium.content.app.SandboxedProcessService0:1,,{org.freeandroidtools.safetynettest/org.chromium.content.app.SandboxedProcessService0:1}]
12-16 18:21:56.568  1735  8823 I am_proc_bound: [0,16764,com.android.webview:sandboxed_process0:org.chromium.content.app.SandboxedProcessService0:1]
12-16 18:21:56.983  1735  8823 I am_mem_factor: [0,1]
12-16 18:21:57.070  1735  8823 I am_kill : [0,16764,com.android.webview:sandboxed_process0:org.chromium.content.app.SandboxedProcessService0:1,0,isolated not needed]
12-16 18:21:57.139  1735  1793 I am_proc_died: [0,16764,com.android.webview:sandboxed_process0:org.chromium.content.app.SandboxedProcessService0:1,0,10]
12-16 18:21:57.140  1735  1793 I am_uid_stopped: 99007
12-16 18:21:57.290  1735  1896 I commit_sys_config_file: [package-user-0,11]
12-16 18:21:57.290  1735  1896 I commit_sys_config_file: [package,174]
12-16 18:21:57.291  1735  5155 I dvm_lock_sample: [system_server,1,Binder:1735_E,112,PermissionManagerService.java,968,int com.android.server.pm.permission.PermissionManagerService.checkUidPermission(java.lang.String, int),PackageManagerService.java,1799,void com.android.server.pm.PackageManagerService$PackageHandler.doHandleMessage(android.os.Message),22]
12-16 18:21:57.294  1735  1844 I am_meminfo: [221659136,43589632,0,337104896,361567232]
12-16 18:21:57.301  1735  1844 I am_pss  : [3641,10150,com.android.launcher3,42030080,33853440,0,127606784,1,5,7]
12-16 18:21:57.310  1735  1844 I am_pss  : [4401,10137,com.android.inputmethod.latin,33010688,28405760,0,113446912,1,7,7]
12-16 18:21:57.320  1735  1844 I am_pss  : [11945,10129,com.android.vending,83536896,74309632,0,141139968,1,16,8]
12-16 18:21:57.329  1735  1844 I am_pss  : [3650,10134,org.lineageos.jelly,51968000,41701376,0,141737984,1,16,8]
12-16 18:21:57.336  1735  1844 I am_pss  : [15922,99006,com.android.webview:sandboxed_process0:org.chromium.content.app.SandboxedProcessService0:0,42037248,34856960,0,92094464,1,17,7]
12-16 18:21:57.343  1735  1844 I am_pss  : [3708,1002,com.android.bluetooth,15818752,13262848,0,82919424,1,0,5]
12-16 18:21:57.352  1735  1844 I am_pss  : [3646,10166,ru.andr7e.deviceinfohw,34793472,30228480,0,115589120,1,16,7]
12-16 18:21:57.361  1735  1844 I am_pss  : [3644,10165,org.freeandroidtools.safetynettest,50253824,40263680,0,141615104,1,16,8]
12-16 18:21:57.371  1735  1844 I am_pss  : [6397,10132,com.google.android.gms.persistent,78687232,67461120,0,158138368,1,3,9]
12-16 18:21:57.384  1735  1844 I am_pss  : [9183,10132,com.google.android.gms,96118784,83640320,0,181604352,1,5,12]
12-16 18:21:57.390  1735  1844 I am_pss  : [10511,99004,com.android.webview:sandboxed_process0:org.chromium.content.app.SandboxedProcessService0:0,19680256,13168640,0,67817472,1,5,5]
12-16 18:21:57.396  1735  1844 I am_pss  : [3748,10158,com.android.permissioncontroller,21997568,17240064,0,102944768,1,19,6]
12-16 18:21:57.403  1735  1844 I am_pss  : [4903,10164,com.android.providers.media.module,45211648,42471424,0,111624192,1,0,6]
12-16 18:21:57.409  1735  1844 I am_pss  : [5410,10090,android.process.acore,17325056,14430208,0,84099072,1,19,4]
12-16 18:21:57.414  1735  1844 I am_pss  : [13046,10163,com.android.cellbroadcastreceiver.module,6828032,4952064,0,68096000,1,19,4]
12-16 18:21:57.419  1735  1844 I am_pss  : [5361,10132,com.google.process.gapps,7009280,5066752,0,69713920,1,19,4]
12-16 18:21:57.424  1735  1844 I am_pss  : [11235,10129,com.android.vending:download_service,14804992,9416704,0,65196032,1,19,4]
12-16 18:21:57.432  1735  1844 I am_pss  : [4387,10157,android.ext.services,42210304,39120896,0,119431168,1,5,6]
12-16 18:21:57.437  1735  1844 I am_pss  : [5006,10155,com.android.smspush,4987904,3371008,0,61255680,1,6,4]
12-16 18:21:57.442  1735  1844 I am_pss  : [4885,10094,org.lineageos.audiofx,6645760,4820992,0,66289664,1,0,3]
12-16 18:21:57.448  1735  1844 I am_pss  : [4856,1001,com.android.ims.rcsservice,6226944,4390912,0,66064384,1,0,4]
12-16 18:21:57.454  1735  1844 I am_pss  : [4834,1027,com.android.nfc,13127680,10764288,0,77840384,1,0,5]
12-16 18:21:57.460  1735  1844 I am_pss  : [4622,1001,com.qualcomm.qcrilmsgtunnel,6724608,4952064,0,66187264,1,6,4]
12-16 18:21:57.467  1735  1844 I am_pss  : [4135,1001,com.android.phone,32991232,27574272,0,106680320,1,0,6]
12-16 18:21:57.472  1735  1844 I am_pss  : [4111,1001,.qtidataservices,9754624,7901184,0,70496256,1,0,4]
12-16 18:21:57.477  1735  1844 I am_pss  : [4090,1068,com.android.se,6950912,5156864,0,66879488,1,0,4]
12-16 18:21:57.482  1735  1844 I am_pss  : [4067,1001,com.qualcomm.qti.telephonyservice,6159360,4370432,0,66088960,1,0,3]
12-16 18:21:57.487  1735  1844 I am_pss  : [4040,1001,.dataservices,6677504,4878336,0,66707456,1,0,4]
12-16 18:21:57.493  1735  1844 I am_pss  : [3978,1073,com.android.networkstack.process,35477504,32698368,0,103501824,1,0,6]
12-16 18:21:57.507  1735  1844 I am_pss  : [3720,10154,com.android.systemui,110095360,92913664,0,217899008,1,0,12]
12-16 18:21:57.524  1735  1844 I am_pss  : [1735,1000,system,217974784,152739840,0,398364672,1,0,16]
12-16 18:21:58.105  1735  2165 I commit_sys_config_file: [settings-1-0,19]
12-16 18:21:59.804  4135  4573 I chatty  : uid=1001(radio) NetworkService expire 16 lines
12-16 18:21:59.844  4135  4135 I chatty  : uid=1001(radio) com.android.phone expire 59 lines
12-16 18:21:59.860  4135  4344 I chatty  : uid=1001(radio) HwBinder:4135_1 expire 6 lines
12-16 18:21:59.925  1735  1793 E PHONE   : ServiceState.getRadioTechnology() DEPRECATED will be removed *******
12-16 18:21:59.940  4135  4354 I chatty  : uid=1001(radio) DcHandlerThread expire 6 lines
12-16 18:21:59.954  1735  3802 D TelephonyRegistry: notifyCellLocationForSubscriber: subId=1 cellLocation=CellIdentityLte:{ mCi=2147483647 mPci=2147483647 mTac=36060 mEarfcn=2147483647 mBands=[] mBandwidth=2147483647 mMcc=262 mMnc=03 mAlphaLong=MEDIONmobile mAlphaShort=MEDIONmobile mAdditionalPlmns={} mCsgInfo=null}
12-16 18:22:00.013  4135  4135 I service_manager_stats: [100,67,46466]
12-16 18:22:00.164  1307  1394 I chatty  : uid=1001(radio) DispatcherModul expire 30 lines
12-16 18:22:00.179  4135  4344 I chatty  : uid=1001(radio) HwBinder:4135_1 expire 18 lines
12-16 18:22:00.179  4135  4135 I chatty  : uid=1001(radio) com.android.phone expire 57 lines
12-16 18:22:00.182  4135  4573 I chatty  : uid=1001(radio) NetworkService expire 19 lines
12-16 18:22:00.303  1735  3802 E PHONE   : ServiceState.getRadioTechnology() DEPRECATED will be removed *******
12-16 18:22:00.309  4135  4354 I chatty  : uid=1001(radio) DcHandlerThread expire 6 lines
12-16 18:22:00.324  1735  1793 D TelephonyRegistry: notifyCellLocationForSubscriber: subId=1 cellLocation=CellIdentityLte:{ mCi=16231706 mPci=408 mTac=36060 mEarfcn=1600 mBands=[] mBandwidth=2147483647 mMcc=262 mMnc=03 mAlphaLong=MEDIONmobile mAlphaShort=MEDIONmobile mAdditionalPlmns={} mCsgInfo=null}
12-16 18:22:00.387  4135  4135 I chatty  : uid=1001(radio) com.android.phone expire 27 lines
12-16 18:22:03.339  1735  5894 I notification_panel_revealed: 16
12-16 18:22:03.841  1735  5894 I chatty  : uid=1000(system) Binder:1735_14 identical 9 lines
12-16 18:22:03.997  6397 14928 I c2dm    : [8,org.telegram.messenger:0:1608139324572161,4,3]
12-16 18:22:04.105  3720  3720 I chatty  : uid=10154(com.android.systemui) expire 20 lines
12-16 18:22:04.135  3720  3720 I sysui_lockscreen_gesture: [9,93,2954]
12-16 18:22:04.156  6397 14918 I c2dm    : [-7,,5,4]
12-16 18:22:04.348  1735  1793 I chatty  : uid=1000(system) Binder:1735_2 expire 30 lines
12-16 18:22:05.006  1735  1829 I commit_sys_config_file: [notification-policy,13]
12-16 18:22:05.135  1735  1735 I chatty  : uid=1000 system_server expire 23 lines
12-16 18:22:07.224  6397 14928 I c2dm    : [8,org.telegram.messenger:0:1608139327797365,5,4]
12-16 18:22:08.077  6397 14928 I c2dm    : [8,org.telegram.messenger:0:1608139328651359,6,4]
12-16 18:22:08.137  6397 14918 I c2dm    : [-7,,7,5]
12-16 18:22:08.202  1735  5155 I chatty  : uid=1000(system) Binder:1735_E expire 1 line
12-16 18:22:08.226  1735  1829 I commit_sys_config_file: [notification-policy,23]
12-16 18:22:08.347  1735  1844 I chatty  : uid=1000(system) android.bg expire 13 lines
12-16 18:22:08.623  1735  1735 I notification_alert: [0|org.telegram.messenger|1|null|10167,1,1,0]
12-16 18:22:08.633  1735  3802 I chatty  : uid=1000(system) Binder:1735_A expire 29 lines
12-16 18:22:08.681  3720  3720 I chatty  : uid=10154(com.android.systemui) expire 17 lines
12-16 18:22:09.173  1735  5894 I chatty  : uid=1000(system) Binder:1735_14 expire 24 lines
12-16 18:22:09.832  1735  5894 I notification_panel_hidden: 
12-16 18:22:10.907  1735  3802 I dvm_lock_sample: [system_server,1,Binder:1735_A,6,ActivityTaskManagerService.java,7226,com.android.server.wm.WindowProcessController com.android.server.wm.ActivityTaskManagerService$LocalService.getTopApp(),WindowSurfacePlacer.java,59,void com.android.server.wm.WindowSurfacePlacer$Traverser.run(),1]
12-16 18:22:11.573  1735  2165 I commit_sys_config_file: [settings-2-0,14]
12-16 18:22:13.695  1735  1793 I wm_task_moved: [8,1,2147483647]
12-16 18:22:13.696  9411  9411 I wm_on_top_resumed_lost_called: [212412651,org.telegram.ui.LaunchActivity,topStateChangedWhenResumed]
12-16 18:22:13.699  1735  1793 I wm_task_moved: [8,1,2147483647]
12-16 18:22:13.700  1735  1793 I wm_set_resumed_activity: [0,com.android.launcher3/.uioverrides.QuickstepLauncher,bringingFoundTaskToFront]
12-16 18:22:13.701  1735  1793 I wm_task_to_front: [0,8]
12-16 18:22:13.702  1735  1793 I wm_new_intent: [0,47710348,8,com.android.launcher3/.uioverrides.QuickstepLauncher,android.intent.action.MAIN,NULL,NULL,268435712]
12-16 18:22:13.703  1735  1793 I wm_pause_activity: [0,212412651,org.telegram.messenger/org.telegram.ui.LaunchActivity,userLeaving=true]
12-16 18:22:13.708  1735  1793 I wm_add_to_stopping: [0,212412651,org.telegram.messenger/org.telegram.ui.LaunchActivity,makeInvisible]
12-16 18:22:13.712  1735  1793 I wm_set_resumed_activity: [0,com.android.launcher3/.uioverrides.QuickstepLauncher,resumeTopActivityInnerLocked]
12-16 18:22:13.716  1735  1793 I wm_resume_activity: [0,47710348,8,com.android.launcher3/.uioverrides.QuickstepLauncher]
12-16 18:22:13.725  3641  3641 I wm_on_restart_called: [47710348,com.android.launcher3.uioverrides.QuickstepLauncher,performRestartActivity]
12-16 18:22:13.728  1735  1831 I chatty  : uid=1000(system) android.display expire 9 lines
12-16 18:22:13.742  3641  3641 I wm_on_start_called: [47710348,com.android.launcher3.uioverrides.QuickstepLauncher,handleStartActivity]
12-16 18:22:13.755  3641  3641 I wm_on_resume_called: [47710348,com.android.launcher3.uioverrides.QuickstepLauncher,RESUME_ACTIVITY]
12-16 18:22:13.770  9411  9411 I wm_on_paused_called: [212412651,org.telegram.ui.LaunchActivity,performPause]
12-16 18:22:13.804  3641  3641 I wm_on_top_resumed_gained_called: [47710348,com.android.launcher3.uioverrides.QuickstepLauncher,topStateChangedWhenResumed]
12-16 18:22:14.098  1735  1831 I wm_stop_activity: [0,212412651,org.telegram.messenger/org.telegram.ui.LaunchActivity]
12-16 18:22:14.125  9411  9411 I wm_on_stop_called: [212412651,org.telegram.ui.LaunchActivity,STOP_ACTIVITY_ITEM]
12-16 18:22:14.482  1735  8823 I wm_focused_stack: [0,0,31,1,positionChildAtTop]
12-16 18:22:14.486  1735  8823 I wm_set_resumed_activity: [0,org.telegram.messenger/org.telegram.ui.LaunchActivity,moveTaskToFront findTaskToMoveToFront]
12-16 18:22:14.487  1735  8823 I wm_pause_activity: [0,47710348,com.android.launcher3/.uioverrides.QuickstepLauncher,userLeaving=true]
12-16 18:22:14.488  1735  8823 I wm_task_to_front: [0,31]
12-16 18:22:14.502  3641  3641 I wm_on_top_resumed_lost_called: [47710348,com.android.launcher3.uioverrides.QuickstepLauncher,topStateChangedWhenResumed]
12-16 18:22:14.505  3641  3641 I wm_on_paused_called: [47710348,com.android.launcher3.uioverrides.QuickstepLauncher,performPause]
12-16 18:22:14.519  1735  8823 I wm_set_resumed_activity: [0,org.telegram.messenger/org.telegram.ui.LaunchActivity,resumeTopActivityInnerLocked]
12-16 18:22:14.520  1735  8823 I wm_add_to_stopping: [0,47710348,com.android.launcher3/.uioverrides.QuickstepLauncher,makeInvisible]
12-16 18:22:14.521  1735  8823 I wm_resume_activity: [0,212412651,31,org.telegram.messenger/org.telegram.ui.LaunchActivity]
12-16 18:22:14.571  9411  9411 I wm_on_restart_called: [212412651,org.telegram.ui.LaunchActivity,performRestartActivity]
12-16 18:22:14.627  9411  9411 I wm_on_start_called: [212412651,org.telegram.ui.LaunchActivity,handleStartActivity]
12-16 18:22:14.631  9411  9411 I wm_on_resume_called: [212412651,org.telegram.ui.LaunchActivity,RESUME_ACTIVITY]
12-16 18:22:14.632  9411  9411 I wm_on_top_resumed_gained_called: [212412651,org.telegram.ui.LaunchActivity,topWhenResuming]
12-16 18:22:14.907  1735  3802 I dvm_lock_sample: [system_server,1,Binder:1735_A,7,WindowManagerService.java,7583,boolean com.android.server.wm.WindowManagerService$LocalService.isInputMethodClientFocus(int, int, int),SurfaceAnimator.java,118,void com.android.server.wm.SurfaceAnimator.lambda$getFinishedCallback$1$SurfaceAnimator(com.android.server.wm.SurfaceAnimator$OnAnimationFinishedCallback, int, com.android.server.wm.AnimationAdapter),1]
12-16 18:22:14.926  1735  1831 I wm_stop_activity: [0,47710348,com.android.launcher3/.uioverrides.QuickstepLauncher]
12-16 18:22:14.959  3641  3641 I wm_on_stop_called: [47710348,com.android.launcher3.uioverrides.QuickstepLauncher,STOP_ACTIVITY_ITEM]
12-16 18:22:15.428  1735  3598 I battery_level: [67,3786,230]
12-16 18:22:16.025  1735  8823 I chatty  : uid=1000(system) Binder:1735_1E expire 4 lines
12-16 18:22:16.025  1735  1735 I notification_cancel_all: [1000,1735,org.telegram.messenger,0,0,0,17,NULL]
12-16 18:22:16.026  1735  1735 I chatty  : uid=1000 system_server identical 42 lines
12-16 18:22:16.027  1735  1735 I notification_canceled: [0|org.telegram.messenger|1|null|10167,17,134081,7611,7387,-1,-1,NULL]
12-16 18:22:16.027  1735  1735 I notification_cancel: [1000,1735,org.telegram.messenger,-1451624329,NULL,0,0,0,12,NULL]
12-16 18:22:16.027  1735  1735 I notification_canceled: [0|org.telegram.messenger|-1451624329|null|10167,12,134066,7560,0,-1,-1,NULL]
12-16 18:22:16.027  1735  1735 I notification_cancel: [1000,1735,org.telegram.messenger,-1079512191,NULL,0,0,0,12,NULL]
12-16 18:22:16.028  1735  1735 I notification_canceled: [0|org.telegram.messenger|-1079512191|null|10167,12,134057,7516,0,-1,-1,NULL]
12-16 18:22:16.028  1735  1735 I notification_cancel: [1000,1735,org.telegram.messenger,-1093134636,NULL,0,0,0,12,NULL]
12-16 18:22:16.028  1735  1735 I notification_canceled: [0|org.telegram.messenger|-1093134636|null|10167,12,134050,7491,0,-1,-1,NULL]
12-16 18:22:16.028  1735  1735 I notification_cancel: [1000,1735,org.telegram.messenger,-1112901793,NULL,0,0,0,12,NULL]
12-16 18:22:16.028  1735  1735 I notification_canceled: [0|org.telegram.messenger|-1112901793|null|10167,12,134039,7445,0,-1,-1,NULL]
12-16 18:22:16.029  1735  1735 I notification_cancel: [1000,1735,org.telegram.messenger,-1415478352,NULL,0,0,0,12,NULL]
12-16 18:22:16.029  1735  1735 I notification_canceled: [0|org.telegram.messenger|-1415478352|null|10167,12,134014,7402,12186,-1,-1,NULL]
12-16 18:22:16.029  1735  1735 I notification_cancel: [1000,1735,org.telegram.messenger,113908221,NULL,0,0,0,12,NULL]
12-16 18:22:16.033  1735  1735 I notification_canceled: [0|org.telegram.messenger|113908221|null|10167,12,134004,7365,7387,-1,-1,NULL]
12-16 18:22:16.034  1735  1735 I notification_cancel: [1000,1735,org.telegram.messenger,-1361122340,NULL,0,0,0,12,NULL]
12-16 18:22:16.036  1735  1735 I notification_canceled: [0|org.telegram.messenger|-1361122340|null|10167,12,134000,7315,7404,-1,-1,NULL]
12-16 18:22:16.036  1735  1735 I notification_cancel: [1000,1735,org.telegram.messenger,-1033364135,NULL,0,0,0,12,NULL]
12-16 18:22:16.037  1735  1735 I notification_canceled: [0|org.telegram.messenger|-1033364135|null|10167,12,133988,7265,7396,-1,-1,NULL]
12-16 18:22:16.037  1735  1735 I notification_cancel: [1000,1735,org.telegram.messenger,-1075500044,NULL,0,0,0,12,NULL]
12-16 18:22:16.037  1735  1735 I notification_canceled: [0|org.telegram.messenger|-1075500044|null|10167,12,133974,7228,7399,-1,-1,NULL]
12-16 18:22:16.038  1735  1735 I notification_cancel: [1000,1735,org.telegram.messenger,-1086804569,NULL,0,0,0,12,NULL]
12-16 18:22:16.040  1735  1735 I notification_canceled: [0|org.telegram.messenger|-1086804569|null|10167,12,133964,7171,7398,-1,-1,NULL]
12-16 18:22:16.065  1735  1829 I commit_sys_config_file: [notification-policy,25]
12-16 18:22:16.086  1735  1829 I commit_sys_config_file: [notification-policy,21]
12-16 18:22:19.366  1735  8823 I wm_task_created: [32,-1]
12-16 18:22:19.367  1735  8823 I wm_stack_created: 32
12-16 18:22:19.374  1735  8823 I wm_create_task: [0,32]
12-16 18:22:19.374  1735  8823 I wm_create_activity: [0,76495576,32,org.lineageos.jelly/.MainActivity,android.intent.action.VIEW,NULL,https://jenkins.home.kiam001.tk/...,403177472]
12-16 18:22:19.377  1735  8823 I wm_pause_activity: [0,212412651,org.telegram.messenger/org.telegram.ui.LaunchActivity,userLeaving=true]
12-16 18:22:19.417  9411  9411 I wm_on_top_resumed_lost_called: [212412651,org.telegram.ui.LaunchActivity,topStateChangedWhenResumed]
12-16 18:22:19.434  9411  9411 I wm_on_paused_called: [212412651,org.telegram.ui.LaunchActivity,performPause]
12-16 18:22:19.438  1735  5894 I wm_add_to_stopping: [0,212412651,org.telegram.messenger/org.telegram.ui.LaunchActivity,makeInvisible]
12-16 18:22:19.439  1735  5894 I wm_restart_activity: [0,76495576,32,org.lineageos.jelly/.MainActivity]
12-16 18:22:19.441  1735  5894 I wm_set_resumed_activity: [0,org.lineageos.jelly/.MainActivity,minimalResumeActivityLocked]
12-16 18:22:19.451  1735  1831 I am_uid_active: 10134
12-16 18:22:19.452  1735  1831 I am_uid_active: 99006
12-16 18:22:19.629  3650  3650 I wm_on_create_called: [76495576,org.lineageos.jelly.MainActivity,performCreate]
12-16 18:22:19.635  3650  3650 I wm_on_start_called: [76495576,org.lineageos.jelly.MainActivity,handleStartActivity]
12-16 18:22:19.636  3650  3650 I wm_on_resume_called: [76495576,org.lineageos.jelly.MainActivity,RESUME_ACTIVITY]
12-16 18:22:19.658  3650  3650 I wm_on_top_resumed_gained_called: [76495576,org.lineageos.jelly.MainActivity,topStateChangedWhenResumed]
12-16 18:22:19.787  1735  1844 I wm_activity_launch_time: [0,76495576,org.lineageos.jelly/.MainActivity,427]
12-16 18:22:20.073  1735  1831 I wm_stop_activity: [0,212412651,org.telegram.messenger/org.telegram.ui.LaunchActivity]
12-16 18:22:20.100  9411  9411 I wm_on_stop_called: [212412651,org.telegram.ui.LaunchActivity,STOP_ACTIVITY_ITEM]
12-16 18:22:23.432  1735  6394 I wm_task_moved: [8,1,2147483647]
12-16 18:22:23.435  3650  3650 I wm_on_top_resumed_lost_called: [76495576,org.lineageos.jelly.MainActivity,topStateChangedWhenResumed]
12-16 18:22:23.436  1735  6394 I wm_task_moved: [8,1,2147483647]
12-16 18:22:23.437  1735  6394 I wm_set_resumed_activity: [0,com.android.launcher3/.uioverrides.QuickstepLauncher,bringingFoundTaskToFront]
12-16 18:22:23.438  1735  6394 I wm_task_to_front: [0,8]
12-16 18:22:23.438  1735  6394 I wm_new_intent: [0,47710348,8,com.android.launcher3/.uioverrides.QuickstepLauncher,android.intent.action.MAIN,NULL,NULL,268435712]
12-16 18:22:23.439  1735  6394 I wm_pause_activity: [0,76495576,org.lineageos.jelly/.MainActivity,userLeaving=true]
12-16 18:22:23.441  1735  6394 I wm_add_to_stopping: [0,76495576,org.lineageos.jelly/.MainActivity,makeInvisible]
12-16 18:22:23.442  1735  6394 I wm_set_resumed_activity: [0,com.android.launcher3/.uioverrides.QuickstepLauncher,resumeTopActivityInnerLocked]
12-16 18:22:23.444  1735  6394 I wm_resume_activity: [0,47710348,8,com.android.launcher3/.uioverrides.QuickstepLauncher]
12-16 18:22:23.451  3641  3641 I wm_on_restart_called: [47710348,com.android.launcher3.uioverrides.QuickstepLauncher,performRestartActivity]
12-16 18:22:23.456  3650  3650 I wm_on_paused_called: [76495576,org.lineageos.jelly.MainActivity,performPause]
12-16 18:22:23.462  3641  3641 I wm_on_start_called: [47710348,com.android.launcher3.uioverrides.QuickstepLauncher,handleStartActivity]
12-16 18:22:23.488  3641  3641 I wm_on_resume_called: [47710348,com.android.launcher3.uioverrides.QuickstepLauncher,RESUME_ACTIVITY]
12-16 18:22:23.514  3641  3641 I wm_on_top_resumed_gained_called: [47710348,com.android.launcher3.uioverrides.QuickstepLauncher,topStateChangedWhenResumed]
12-16 18:22:23.553  1735  1831 I dvm_lock_sample: [system_server,1,android.display,35,WindowManagerService.java,5077,void com.android.server.wm.WindowManagerService$H.handleMessage(android.os.Message),,0,null,7]
12-16 18:22:23.795  1735  1831 I wm_stop_activity: [0,76495576,org.lineageos.jelly/.MainActivity]
12-16 18:22:23.848  3650  3650 I wm_on_stop_called: [76495576,org.lineageos.jelly.MainActivity,STOP_ACTIVITY_ITEM]
12-16 18:22:24.797  1735  5894 I wm_focused_stack: [0,0,31,1,positionChildAtTop]
12-16 18:22:24.799  1735  5894 I wm_set_resumed_activity: [0,org.telegram.messenger/org.telegram.ui.LaunchActivity,moveTaskToFront findTaskToMoveToFront]
12-16 18:22:24.801  1735  5894 I wm_pause_activity: [0,47710348,com.android.launcher3/.uioverrides.QuickstepLauncher,userLeaving=true]
12-16 18:22:24.802  1735  5894 I wm_task_to_front: [0,31]
12-16 18:22:24.814  3641  3641 I wm_on_top_resumed_lost_called: [47710348,com.android.launcher3.uioverrides.QuickstepLauncher,topStateChangedWhenResumed]
12-16 18:22:24.826  3641  3641 I wm_on_paused_called: [47710348,com.android.launcher3.uioverrides.QuickstepLauncher,performPause]
12-16 18:22:24.830  1735  5155 I wm_set_resumed_activity: [0,org.telegram.messenger/org.telegram.ui.LaunchActivity,resumeTopActivityInnerLocked]
12-16 18:22:24.830  1735  5155 I wm_add_to_stopping: [0,47710348,com.android.launcher3/.uioverrides.QuickstepLauncher,makeInvisible]
12-16 18:22:24.832  1735  5155 I wm_resume_activity: [0,212412651,31,org.telegram.messenger/org.telegram.ui.LaunchActivity]
12-16 18:22:24.853  1735  1844 I dvm_lock_sample: [system_server,0,android.bg,19,ActivityTaskManagerService.java,2166,android.app.ActivityManager$StackInfo com.android.server.wm.ActivityTaskManagerService.getFocusedStackInfo(),,0,null,3]
12-16 18:22:24.865  9411  9411 I wm_on_restart_called: [212412651,org.telegram.ui.LaunchActivity,performRestartActivity]
12-16 18:22:24.886  9411  9411 I wm_on_start_called: [212412651,org.telegram.ui.LaunchActivity,handleStartActivity]
12-16 18:22:24.890  9411  9411 I wm_on_resume_called: [212412651,org.telegram.ui.LaunchActivity,RESUME_ACTIVITY]
12-16 18:22:24.890  9411  9411 I wm_on_top_resumed_gained_called: [212412651,org.telegram.ui.LaunchActivity,topWhenResuming]
12-16 18:22:24.915  1735  5894 I am_uid_active: 10090
12-16 18:22:24.955  1735  1844 I chatty  : uid=1000(system) android.bg expire 10 lines
12-16 18:22:25.201  1735  1831 I wm_stop_activity: [0,47710348,com.android.launcher3/.uioverrides.QuickstepLauncher]
12-16 18:22:25.213  3641  3641 I wm_on_stop_called: [47710348,com.android.launcher3.uioverrides.QuickstepLauncher,STOP_ACTIVITY_ITEM]
12-16 18:22:26.973  4135  4344 I chatty  : uid=1001(radio) HwBinder:4135_1 expire 23 lines
12-16 18:22:26.974  4135  4573 I chatty  : uid=1001(radio) NetworkService expire 27 lines
12-16 18:22:27.005  1307  1394 I chatty  : uid=1001(radio) DispatcherModul expire 34 lines
12-16 18:22:27.119  4135  4135 I chatty  : uid=1001(radio) com.android.phone expire 67 lines
12-16 18:22:27.119  4135  4573 I chatty  : uid=1001(radio) NetworkService expire 1 line
12-16 18:22:27.134  4135  4354 I chatty  : uid=1001(radio) DcHandlerThread expire 6 lines
12-16 18:22:48.735  1735  1881 I chatty  : uid=1000(system) PowerManagerSer expire 4 lines
12-16 18:22:50.038  1735  1828 I dvm_lock_sample: [system_server,1,android.ui,5,ActivityManagerService.java,3334,void com.android.server.am.ActivityManagerService.dispatchProcessesChanged(),-,15182,boolean com.android.server.am.ActivityManagerService.unbindService(android.app.IServiceConnection),1]
12-16 18:22:53.734  4135  4135 I service_manager_stats: [100,59,53722]
12-16 18:22:54.735  1735  1881 I power_sleep_requested: 0
12-16 18:22:55.285  1735  1881 I wm_pause_activity: [0,212412651,org.telegram.messenger/org.telegram.ui.LaunchActivity,userLeaving=false]
12-16 18:22:55.285  1735  1735 I battery_saving_stats: [0,1,0,208697,20465,2,1347359,155420,9]
12-16 18:22:55.286  9411  9411 I wm_on_top_resumed_lost_called: [212412651,org.telegram.ui.LaunchActivity,topStateChangedWhenResumed]
12-16 18:22:55.335  4135  4344 I chatty  : uid=1001(radio) HwBinder:4135_1 expire 6 lines
12-16 18:22:55.335  9411  9411 I wm_on_paused_called: [212412651,org.telegram.ui.LaunchActivity,performPause]
12-16 18:22:55.335  1735  5894 I wm_add_to_stopping: [0,212412651,org.telegram.messenger/org.telegram.ui.LaunchActivity,completePauseLocked]
12-16 18:22:55.337  1735  1831 I wm_stop_activity: [0,212412651,org.telegram.messenger/org.telegram.ui.LaunchActivity]
12-16 18:22:55.350  1307  1592 I chatty  : uid=1001(radio) DataModule-Loop expire 7 lines
12-16 18:22:55.359  9411  9411 I wm_on_stop_called: [212412651,org.telegram.ui.LaunchActivity,STOP_ACTIVITY_ITEM]
12-16 18:22:55.367  1328  1681 I chatty  : uid=1001(radio) DataModule-Loop expire 7 lines
12-16 18:22:55.370  1328  1393 I chatty  : uid=1001(radio) DispatcherModul expire 28 lines
12-16 18:22:55.517  1735  1826 I chatty  : uid=1000(system) android.fg expire 3 lines
12-16 18:22:55.533  1735  3802 I wm_set_keyguard_shown: [0,1,0,setKeyguardShown]
12-16 18:22:55.564  3720  3720 I chatty  : uid=10154(com.android.systemui) expire 10 lines
12-16 18:22:55.564  3720  3720 I sysui_status_bar_state: [1,0,0,0,0,1]
12-16 18:22:55.583  1735  5894 I chatty  : uid=1000(system) Binder:1735_14 expire 1 line
12-16 18:22:55.583  1735  5894 I notification_panel_revealed: 16
12-16 18:22:55.587  1735  1735 I chatty  : uid=1000 system_server expire 10 lines
12-16 18:22:55.587  1735  1735 I power_screen_state: [0,3,0,0,855]
12-16 18:22:55.587  1735  1735 I screen_toggled: 0
12-16 18:22:55.588  1735  1735 I power_screen_broadcast_send: 1
12-16 18:22:55.619  1735  1735 I device_idle: [1,no activity]
12-16 18:22:55.619  1735  1735 I device_idle_light: [1,no activity]
12-16 18:22:55.643  1735  3802 I chatty  : uid=1000(system) Binder:1735_A expire 1 line
12-16 18:22:55.643  1735  3802 I notification_panel_hidden: 
12-16 18:22:55.770  1735  1735 I power_screen_broadcast_done: [0,181,1]
12-16 18:22:56.291  1735  2221 I intercept_power: [ACTION_DOWN,1,0]
12-16 18:22:56.295  1735  2221 I chatty  : uid=1000(system) InputReader identical 2 lines
12-16 18:22:56.306  1735  1735 I screen_toggled: 1
12-16 18:22:56.306  1735  1735 I power_screen_broadcast_send: 1
12-16 18:22:56.338  1735  1735 I battery_saving_stats: [0,0,0,1053,51,0,516282,8627,0]
12-16 18:22:56.347  1735  1735 I device_idle: [0,screen]
12-16 18:22:56.349  1735  1735 I device_idle_light: [0,screen]
12-16 18:22:56.350  1735  1844 I device_idle_off_start: screen
12-16 18:22:56.362  1735  1844 I device_idle_off_complete: 
12-16 18:22:56.371  1735  6394 I chatty  : uid=1000(system) Binder:1735_1B expire 2 lines
12-16 18:22:56.371  1735  6394 I notification_panel_revealed: 16
12-16 18:22:56.376  1735  6394 I wm_set_keyguard_shown: [0,0,0,setKeyguardShown]
12-16 18:22:56.380  1735  6394 I wm_set_resumed_activity: [0,org.telegram.messenger/org.telegram.ui.LaunchActivity,resumeTopActivityInnerLocked]
12-16 18:22:56.383  1735  6394 I wm_resume_activity: [0,212412651,31,org.telegram.messenger/org.telegram.ui.LaunchActivity]
12-16 18:22:56.391  3720  3720 I sysui_status_bar_state: [0,0,0,0,0,1]
12-16 18:22:56.416  9411  9411 I wm_on_restart_called: [212412651,org.telegram.ui.LaunchActivity,performRestartActivity]
12-16 18:22:56.436  4135  4135 I chatty  : uid=1001(radio) com.android.phone expire 12 lines
12-16 18:22:56.439  9411  9411 I wm_on_start_called: [212412651,org.telegram.ui.LaunchActivity,handleStartActivity]
12-16 18:22:56.442  9411  9411 I wm_on_resume_called: [212412651,org.telegram.ui.LaunchActivity,RESUME_ACTIVITY]
12-16 18:22:56.442  9411  9411 I wm_on_top_resumed_gained_called: [212412651,org.telegram.ui.LaunchActivity,topWhenResuming]
12-16 18:22:56.464  4135  4344 I chatty  : uid=1001(radio) HwBinder:4135_1 expire 10 lines
12-16 18:22:56.465  4135  4573 I chatty  : uid=1001(radio) NetworkService expire 10 lines
12-16 18:22:56.470  1307  1592 I chatty  : uid=1001(radio) DataModule-Loop expire 7 lines
12-16 18:22:56.480  1307  1394 I chatty  : uid=1001(radio) DispatcherModul expire 32 lines
12-16 18:22:56.487  1735  2221 I intercept_power: [ACTION_UP,0,0]
12-16 18:22:56.491  1735  1793 I notification_panel_hidden: 
12-16 18:22:56.499  1328  1681 I chatty  : uid=1001(radio) DataModule-Loop expire 7 lines
12-16 18:22:56.527  1307  1394 I chatty  : uid=1001(radio) DispatcherModul expire 34 lines
12-16 18:22:56.528  4135  4344 I chatty  : uid=1001(radio) HwBinder:4135_1 expire 13 lines
12-16 18:22:56.530  1735  5893 E PHONE   : ServiceState.getRadioTechnology() DEPRECATED will be removed *******
12-16 18:22:56.535  4135  4135 I chatty  : uid=1001(radio) com.android.phone expire 21 lines
12-16 18:22:56.543  4135  4573 I chatty  : uid=1001(radio) NetworkService expire 5 lines
12-16 18:22:56.545  1328  1393 I chatty  : uid=1001(radio) DispatcherModul expire 17 lines
12-16 18:22:56.546  1735  3804 E PHONE   : ServiceState.getRadioTechnology() DEPRECATED will be removed *******
12-16 18:22:56.581  4135  4573 I chatty  : uid=1001(radio) NetworkService expire 13 lines
12-16 18:22:56.594  4135  4135 I chatty  : uid=1001(radio) com.android.phone expire 60 lines
12-16 18:22:56.608  1735  1735 I power_screen_broadcast_done: [1,301,1]
12-16 18:22:56.627  1735  5894 E PHONE   : ServiceState.getRadioTechnology() DEPRECATED will be removed *******
12-16 18:22:56.631  4135  4354 I chatty  : uid=1001(radio) DcHandlerThread expire 6 lines
12-16 18:22:56.648  4135  4344 I chatty  : uid=1001(radio) HwBinder:4135_1 expire 8 lines
12-16 18:22:56.723  4135  4135 I chatty  : uid=1001(radio) com.android.phone expire 77 lines
12-16 18:22:56.774  1735  1735 I power_screen_state: [1,0,0,0,481]
12-16 18:22:56.775  1735  8823 E PHONE   : ServiceState.getRadioTechnology() DEPRECATED will be removed *******
12-16 18:22:56.790  4135  4354 I chatty  : uid=1001(radio) DcHandlerThread expire 50 lines
12-16 18:22:56.843  1735  2165 I commit_sys_config_file: [settings-1-0,11]
12-16 18:22:56.882  4135  4135 I chatty  : uid=1001(radio) com.android.phone expire 34 lines
12-16 18:23:07.068  1735  3804 I chatty  : uid=1000(system) Binder:1735_B expire 1 line
12-16 18:23:08.429  1735  2165 I commit_sys_config_file: [settings-1-0,21]
12-16 18:23:11.088  1735  1735 I chatty  : uid=1000 system_server expire 11 lines
12-16 18:23:11.285  1735  1735 I service_manager_stats: [100,104,99702]
12-16 18:23:14.207  1735  6390 I chatty  : uid=1000(system) Binder:1735_19 expire 3 lines
12-16 18:23:14.209  1735  6390 I wm_task_created: [33,-1]
12-16 18:23:14.209  1735  6390 I wm_stack_created: 33
12-16 18:23:14.217  1735  6390 I wm_create_task: [0,33]
12-16 18:23:14.217  1735  6390 I wm_create_activity: [0,115237080,33,org.lineageos.jelly/.MainActivity,android.intent.action.VIEW,NULL,https://jenkins.home.kiam001.tk/...,403177472]
12-16 18:23:14.220  1735  6390 I wm_pause_activity: [0,212412651,org.telegram.messenger/org.telegram.ui.LaunchActivity,userLeaving=true]
12-16 18:23:14.249  9411  9411 I wm_on_top_resumed_lost_called: [212412651,org.telegram.ui.LaunchActivity,topStateChangedWhenResumed]
12-16 18:23:14.263  9411  9411 I wm_on_paused_called: [212412651,org.telegram.ui.LaunchActivity,performPause]
12-16 18:23:14.265  1735  3796 I wm_add_to_stopping: [0,212412651,org.telegram.messenger/org.telegram.ui.LaunchActivity,makeInvisible]
12-16 18:23:14.270  1735  3796 I wm_restart_activity: [0,115237080,33,org.lineageos.jelly/.MainActivity]
12-16 18:23:14.274  1735  3796 I wm_set_resumed_activity: [0,org.lineageos.jelly/.MainActivity,minimalResumeActivityLocked]
12-16 18:23:14.379  3650  3650 I wm_on_create_called: [115237080,org.lineageos.jelly.MainActivity,performCreate]
12-16 18:23:14.385  3650  3650 I wm_on_start_called: [115237080,org.lineageos.jelly.MainActivity,handleStartActivity]
12-16 18:23:14.386  3650  3650 I wm_on_resume_called: [115237080,org.lineageos.jelly.MainActivity,RESUME_ACTIVITY]
12-16 18:23:14.395  3650  3650 I wm_on_top_resumed_gained_called: [115237080,org.lineageos.jelly.MainActivity,topStateChangedWhenResumed]
12-16 18:23:14.494  1735  1844 I wm_activity_launch_time: [0,115237080,org.lineageos.jelly/.MainActivity,287]
12-16 18:23:14.922  1735  1831 I wm_stop_activity: [0,212412651,org.telegram.messenger/org.telegram.ui.LaunchActivity]
12-16 18:23:14.956  9411  9411 I wm_on_stop_called: [212412651,org.telegram.ui.LaunchActivity,STOP_ACTIVITY_ITEM]
12-16 18:23:15.129  1735  2165 I commit_sys_config_file: [settings-1-0,40]
12-16 18:23:19.174  1735  5643 I chatty  : uid=1000(system) Binder:1735_12 expire 4 lines
12-16 18:23:19.265  1735  1793 I wm_finish_activity: [0,115237080,33,org.lineageos.jelly/.MainActivity,app-request]
12-16 18:23:19.266  1735  1793 I wm_focused_stack: [0,0,31,33,finish-top adjustFocusToNextFocusableStack]
12-16 18:23:19.277  1735  1793 I wm_pause_activity: [0,115237080,org.lineageos.jelly/.MainActivity,userLeaving=false]
12-16 18:23:19.289  3650  3650 I wm_on_top_resumed_lost_called: [115237080,org.lineageos.jelly.MainActivity,topStateChangedWhenResumed]
12-16 18:23:19.292  3650  3650 I wm_on_paused_called: [115237080,org.lineageos.jelly.MainActivity,performPause]
12-16 18:23:19.293  1735  1793 I wm_add_to_stopping: [0,115237080,org.lineageos.jelly/.MainActivity,completeFinishing]
12-16 18:23:19.296  1735  1793 I wm_set_resumed_activity: [0,org.telegram.messenger/org.telegram.ui.LaunchActivity,resumeTopActivityInnerLocked]
12-16 18:23:19.298  1735  1793 I wm_resume_activity: [0,212412651,31,org.telegram.messenger/org.telegram.ui.LaunchActivity]
12-16 18:23:19.316  9411  9411 I wm_on_restart_called: [212412651,org.telegram.ui.LaunchActivity,performRestartActivity]
12-16 18:23:19.341  9411  9411 I wm_on_start_called: [212412651,org.telegram.ui.LaunchActivity,handleStartActivity]
12-16 18:23:19.348  9411  9411 I wm_on_resume_called: [212412651,org.telegram.ui.LaunchActivity,RESUME_ACTIVITY]
12-16 18:23:19.348  9411  9411 I wm_on_top_resumed_gained_called: [212412651,org.telegram.ui.LaunchActivity,topWhenResuming]
12-16 18:23:20.037  1735  1831 I wm_destroy_activity: [0,115237080,33,org.lineageos.jelly/.MainActivity,finish-imm:idle]
12-16 18:23:20.057  3650  3650 I wm_on_stop_called: [115237080,org.lineageos.jelly.MainActivity,LIFECYCLER_STOP_ACTIVITY]
12-16 18:23:20.058  3650  3650 I wm_on_destroy_called: [115237080,org.lineageos.jelly.MainActivity,performDestroy]
12-16 18:23:20.089  1735  1793 I wm_task_removed: [33,removeChild: last r=ActivityRecord{6de60d8 u0 org.lineageos.jelly/.MainActivity t-1 f}} in t=Task{b5c0c52 #33 visible=false type=standard mode=fullscreen translucent=true A=10134:org.lineageos.jelly U=0 StackId=33 sz=0}]
12-16 18:23:20.089  1735  1793 I wm_task_removed: [33,removeTask]
12-16 18:23:20.089  1735  1793 I wm_task_removed: [33,removeTask]
12-16 18:23:20.089  1735  1793 I wm_stack_removed: 33
12-16 18:23:20.652  1735  2165 I commit_sys_config_file: [settings-1-0,16]
12-16 18:23:25.558  4135  4344 I chatty  : uid=1001(radio) HwBinder:4135_1 expire 11 lines
12-16 18:23:25.629  1735  1844 I commit_sys_config_file: [batterystats,22]
12-16 18:23:25.636  1735  1844 I commit_sys_config_file: [batterystats,7]
12-16 18:23:25.722  4135  4135 I service_manager_stats: [100,62,31988]
12-16 18:23:28.707  1735  1793 I wm_task_created: [34,-1]
12-16 18:23:28.709  1735  1793 I wm_stack_created: 34
12-16 18:23:28.717  1735  1793 I wm_create_task: [0,34]
12-16 18:23:28.717  1735  1793 I wm_create_activity: [0,55923671,34,org.lineageos.jelly/.MainActivity,android.intent.action.VIEW,NULL,https://jenkins.home.kiam001.tk/...,403177472]
12-16 18:23:28.719  1735  1793 I wm_pause_activity: [0,212412651,org.telegram.messenger/org.telegram.ui.LaunchActivity,userLeaving=true]
12-16 18:23:28.748  9411  9411 I wm_on_top_resumed_lost_called: [212412651,org.telegram.ui.LaunchActivity,topStateChangedWhenResumed]
12-16 18:23:28.805  9411  9411 I wm_on_paused_called: [212412651,org.telegram.ui.LaunchActivity,performPause]
12-16 18:23:28.810  1735  6390 I wm_add_to_stopping: [0,212412651,org.telegram.messenger/org.telegram.ui.LaunchActivity,makeInvisible]
12-16 18:23:28.812  1735  6390 I wm_restart_activity: [0,55923671,34,org.lineageos.jelly/.MainActivity]
12-16 18:23:28.816  1735  6390 I wm_set_resumed_activity: [0,org.lineageos.jelly/.MainActivity,minimalResumeActivityLocked]
12-16 18:23:28.900  1735  5643 I dvm_lock_sample: [system_server,1,Binder:1735_12,18,WindowManagerService.java,7668,int com.android.server.wm.WindowManagerService$LocalService.getDisplayIdForWindow(android.os.IBinder),,0,null,3]
12-16 18:23:28.987  3650  3650 I wm_on_create_called: [55923671,org.lineageos.jelly.MainActivity,performCreate]
12-16 18:23:28.996  3650  3650 I wm_on_start_called: [55923671,org.lineageos.jelly.MainActivity,handleStartActivity]
12-16 18:23:28.997  3650  3650 I wm_on_resume_called: [55923671,org.lineageos.jelly.MainActivity,RESUME_ACTIVITY]
12-16 18:23:29.007  3650  3650 I wm_on_top_resumed_gained_called: [55923671,org.lineageos.jelly.MainActivity,topStateChangedWhenResumed]
12-16 18:23:29.109  1735  1844 I wm_activity_launch_time: [0,55923671,org.lineageos.jelly/.MainActivity,396]
12-16 18:23:29.443  1735  1831 I wm_stop_activity: [0,212412651,org.telegram.messenger/org.telegram.ui.LaunchActivity]
12-16 18:23:29.471  9411  9411 I wm_on_stop_called: [212412651,org.telegram.ui.LaunchActivity,STOP_ACTIVITY_ITEM]
12-16 18:23:39.775  3720  3780 I service_manager_stats: [200,174,193931]
12-16 18:23:44.608  1735  1844 I commit_sys_config_file: [procstats,34]
12-16 18:23:51.807  4135  4354 I chatty  : uid=1001(radio) DcHandlerThread expire 68 lines
12-16 18:23:51.831  4135  4135 I chatty  : uid=1001(radio) com.android.phone expire 28 lines
12-16 18:23:56.673  1735  1844 I am_pss  : [9411,10167,org.telegram.messenger,132376576,123002880,0,223809536,0,10,28]
12-16 18:24:12.870  4135  4135 I service_manager_stats: [100,74,47148]
12-16 18:24:14.392  1735  1735 I service_manager_stats: [100,110,63106]
12-16 18:24:20.422  1735  1846 I am_uid_idle: 10090
12-16 18:24:23.259  6397 14928 I c2dm    : [8,org.telegram.messenger:0:1608139463781385,7,5]
12-16 18:24:23.348  6397 14928 I c2dm    : [8,org.telegram.messenger:0:1608139463932255,8,5]
